05:34:02 **** Incremental Build of configuration Debug for project P7_LCD_Test ****
make all 
make: Nothing to be done for `all'.
05:34:03 **** Auto Build of configuration Debug for project P7_LCD_Test ****
make all 
'Building file: ../src/main.c'
'Invoking: MicroBlaze gcc compiler'
mb-gcc -Wall -O0 -g3 -c -fmessage-length=0 -I../../P7_LCD_Test_bsp/microblaze_0/include -mxl-barrel-shift -mxl-pattern-compare -mcpu=v8.50.c -mno-xl-soft-mul -Wl,--no-relax -ffunction-sections -fdata-sections -MMD -MP -MF"src/main.d" -MT"src/main.d" -o "src/main.o" "../src/main.c"
'Finished building: ../src/main.c'
' '
'Building target: P7_LCD_Test.elf'
'Invoking: MicroBlaze gcc linker'
mb-gcc -Wl,-T -Wl,../src/lscript.ld -L../../P7_LCD_Test_bsp/microblaze_0/lib -mxl-barrel-shift -mxl-pattern-compare -mcpu=v8.50.c -mno-xl-soft-mul -Wl,--no-relax -Wl,--gc-sections -o "P7_LCD_Test.elf"  ./src/main.o   -Wl,--start-group,-lxil,-lgcc,-lc,--end-group
'Finished building target: P7_LCD_Test.elf'
' '
'Invoking: MicroBlaze Print Size'
mb-size P7_LCD_Test.elf  |tee "P7_LCD_Test.elf.size"
   text	   data	    bss	    dec	    hex	filename
   1946	    268	   2090	   4304	   10d0	P7_LCD_Test.elf
'Finished building: P7_LCD_Test.elf.size'
' '
'Invoking: Xilinx ELF Check'
elfcheck P7_LCD_Test.elf -hw ../../soft_processor_hw_platform/system.xml -pe microblaze_0  |tee "P7_LCD_Test.elf.elfcheck"
elfcheck
Xilinx EDK 14.7 Build EDK_P.20131013
Copyright (c) 1995-2012 Xilinx, Inc.  All rights reserved.

Command Line: elfcheck -hw ../../soft_processor_hw_platform/system.xml -pe
microblaze_0 P7_LCD_Test.elf 

ELF file	: P7_LCD_Test.elf
elfcheck passed.
'Finished building: P7_LCD_Test.elf.elfcheck'
' '
05:44:36 **** Incremental Build of configuration Debug for project P7_LCD_Test ****
make all 
make: Nothing to be done for `all'.
05:44:49 **** Incremental Build of configuration Debug for project P7_LCD_Test ****
make all 
make: Nothing to be done for `all'.
05:45:11 **** Incremental Build of configuration Debug for project P7_LCD_Test ****
make all 
make: Nothing to be done for `all'.
05:47:59 **** Auto Build of configuration Debug for project P7_LCD_Test ****
make all 
make: Nothing to be done for `all'.
05:53:22 **** Auto Build of configuration Debug for project P7_LCD_Test ****
make all 
make: Nothing to be done for `all'.
05:54:59 **** Auto Build of configuration Debug for project P7_LCD_Test ****
make all 
make: Nothing to be done for `all'.
05:55:03 **** Auto Build of configuration Debug for project P7_LCD_Test ****
make all 
'Building file: ../src/main.c'
'Invoking: MicroBlaze gcc compiler'
mb-gcc -Wall -O0 -g3 -c -fmessage-length=0 -I../../P7_LCD_Test_bsp/microblaze_0/include -mxl-barrel-shift -mxl-pattern-compare -mcpu=v8.50.c -mno-xl-soft-mul -Wl,--no-relax -ffunction-sections -fdata-sections -MMD -MP -MF"src/main.d" -MT"src/main.d" -o "src/main.o" "../src/main.c"
In file included from ../src/main.c:8:0:
../src/lcd.h: In function 'lcd_init':
../src/lcd.h:71:2: error: 'IODIR0' undeclared (first use in this function)
../src/lcd.h:71:2: note: each undeclared identifier is reported only once for each function it appears in
../src/lcd.h:72:2: error: 'IODIR1' undeclared (first use in this function)
../src/lcd.h:78:2: error: 'IOSET0' undeclared (first use in this function)
../src/lcd.h:78:2: error: 'IOCLR0' undeclared (first use in this function)
../src/lcd.h:79:2: warning: implicit declaration of function 'delay_ms' [-Wimplicit-function-declaration]
../src/lcd.h:81:2: warning: implicit declaration of function 'delay_us' [-Wimplicit-function-declaration]
../src/lcd.h: In function 'lcd_command':
../src/lcd.h:106:2: error: 'IOSET0' undeclared (first use in this function)
../src/lcd.h:106:2: error: 'IOCLR0' undeclared (first use in this function)
../src/lcd.h:107:2: error: 'IOSET1' undeclared (first use in this function)
../src/lcd.h:107:2: error: 'IOCLR1' undeclared (first use in this function)
../src/lcd.h: In function 'lcd_data':
../src/lcd.h:115:2: error: 'IOSET0' undeclared (first use in this function)
../src/lcd.h:115:2: error: 'IOCLR0' undeclared (first use in this function)
../src/lcd.h:116:2: error: 'IOSET1' undeclared (first use in this function)
../src/lcd.h:116:2: error: 'IOCLR1' undeclared (first use in this function)
../src/lcd.h: In function 'lcd_update_pins':
../src/lcd.h:124:2: error: 'IOSET1' undeclared (first use in this function)
../src/lcd.h:124:2: error: 'IOCLR1' undeclared (first use in this function)
../src/lcd.h:126:2: error: 'IOSET0' undeclared (first use in this function)
../src/lcd.h:126:2: error: 'IOCLR0' undeclared (first use in this function)
make: *** [src/main.o] Error 1
05:58:04 **** Auto Build of configuration Debug for project P7_LCD_Test ****
make all 
'Building file: ../src/main.c'
'Invoking: MicroBlaze gcc compiler'
mb-gcc -Wall -O0 -g3 -c -fmessage-length=0 -I../../P7_LCD_Test_bsp/microblaze_0/include -mxl-barrel-shift -mxl-pattern-compare -mcpu=v8.50.c -mno-xl-soft-mul -Wl,--no-relax -ffunction-sections -fdata-sections -MMD -MP -MF"src/main.d" -MT"src/main.d" -o "src/main.o" "../src/main.c"
In file included from ../src/main.c:8:0:
../src/lcd.h: In function 'lcd_init':
../src/lcd.h:79:2: warning: implicit declaration of function 'delay_ms' [-Wimplicit-function-declaration]
../src/lcd.h:81:2: warning: implicit declaration of function 'delay_us' [-Wimplicit-function-declaration]
'Finished building: ../src/main.c'
' '
'Building target: P7_LCD_Test.elf'
'Invoking: MicroBlaze gcc linker'
mb-gcc -Wl,-T -Wl,../src/lscript.ld -L../../P7_LCD_Test_bsp/microblaze_0/lib -mxl-barrel-shift -mxl-pattern-compare -mcpu=v8.50.c -mno-xl-soft-mul -Wl,--no-relax -Wl,--gc-sections -o "P7_LCD_Test.elf"  ./src/main.o   -Wl,--start-group,-lxil,-lgcc,-lc,--end-group
'Finished building target: P7_LCD_Test.elf'
' '
'Invoking: MicroBlaze Print Size'
mb-size P7_LCD_Test.elf  |tee "P7_LCD_Test.elf.size"
   text	   data	    bss	    dec	    hex	filename
   1946	    268	   2090	   4304	   10d0	P7_LCD_Test.elf
'Finished building: P7_LCD_Test.elf.size'
' '
'Invoking: Xilinx ELF Check'
elfcheck P7_LCD_Test.elf -hw ../../soft_processor_hw_platform/system.xml -pe microblaze_0  |tee "P7_LCD_Test.elf.elfcheck"
elfcheck
Xilinx EDK 14.7 Build EDK_P.20131013
Copyright (c) 1995-2012 Xilinx, Inc.  All rights reserved.

Command Line: elfcheck -hw ../../soft_processor_hw_platform/system.xml -pe
microblaze_0 P7_LCD_Test.elf 

ELF file	: P7_LCD_Test.elf
elfcheck passed.
'Finished building: P7_LCD_Test.elf.elfcheck'
' '
05:58:35 **** Auto Build of configuration Debug for project P7_LCD_Test ****
make all 
make: Nothing to be done for `all'.
05:58:40 **** Incremental Build of configuration Debug for project P7_LCD_Test ****
make all 
make: Nothing to be done for `all'.
05:58:45 **** Auto Build of configuration Debug for project P7_LCD_Test ****
make all 
'Building file: ../src/main.c'
'Invoking: MicroBlaze gcc compiler'
mb-gcc -Wall -O0 -g3 -c -fmessage-length=0 -I../../P7_LCD_Test_bsp/microblaze_0/include -mxl-barrel-shift -mxl-pattern-compare -mcpu=v8.50.c -mno-xl-soft-mul -Wl,--no-relax -ffunction-sections -fdata-sections -MMD -MP -MF"src/main.d" -MT"src/main.d" -o "src/main.o" "../src/main.c"
In file included from ../src/main.c:8:0:
../src/lcd.h: In function 'lcd_init':
../src/lcd.h:81:2: warning: implicit declaration of function 'delay_us' [-Wimplicit-function-declaration]
../src/lcd.h: In function 'lcd_clear':
../src/lcd.h:101:2: warning: implicit declaration of function 'delay_ms' [-Wimplicit-function-declaration]
'Finished building: ../src/main.c'
' '
'Building target: P7_LCD_Test.elf'
'Invoking: MicroBlaze gcc linker'
mb-gcc -Wl,-T -Wl,../src/lscript.ld -L../../P7_LCD_Test_bsp/microblaze_0/lib -mxl-barrel-shift -mxl-pattern-compare -mcpu=v8.50.c -mno-xl-soft-mul -Wl,--no-relax -Wl,--gc-sections -o "P7_LCD_Test.elf"  ./src/main.o   -Wl,--start-group,-lxil,-lgcc,-lc,--end-group
'Finished building target: P7_LCD_Test.elf'
' '
'Invoking: MicroBlaze Print Size'
mb-size P7_LCD_Test.elf  |tee "P7_LCD_Test.elf.size"
   text	   data	    bss	    dec	    hex	filename
   1946	    268	   2090	   4304	   10d0	P7_LCD_Test.elf
'Finished building: P7_LCD_Test.elf.size'
' '
'Invoking: Xilinx ELF Check'
elfcheck P7_LCD_Test.elf -hw ../../soft_processor_hw_platform/system.xml -pe microblaze_0  |tee "P7_LCD_Test.elf.elfcheck"
elfcheck
Xilinx EDK 14.7 Build EDK_P.20131013
Copyright (c) 1995-2012 Xilinx, Inc.  All rights reserved.

Command Line: elfcheck -hw ../../soft_processor_hw_platform/system.xml -pe
microblaze_0 P7_LCD_Test.elf 

ELF file	: P7_LCD_Test.elf
elfcheck passed.
'Finished building: P7_LCD_Test.elf.elfcheck'
' '
05:59:32 **** Auto Build of configuration Debug for project P7_LCD_Test ****
make all 
'Building file: ../src/main.c'
'Invoking: MicroBlaze gcc compiler'
mb-gcc -Wall -O0 -g3 -c -fmessage-length=0 -I../../P7_LCD_Test_bsp/microblaze_0/include -mxl-barrel-shift -mxl-pattern-compare -mcpu=v8.50.c -mno-xl-soft-mul -Wl,--no-relax -ffunction-sections -fdata-sections -MMD -MP -MF"src/main.d" -MT"src/main.d" -o "src/main.o" "../src/main.c"
In file included from ../src/main.c:8:0:
../src/lcd.h: In function 'lcd_init':
../src/lcd.h:81:2: warning: implicit declaration of function 'delay_us' [-Wimplicit-function-declaration]
../src/lcd.h: In function 'lcd_clear':
../src/lcd.h:101:2: warning: implicit declaration of function 'delay_ms' [-Wimplicit-function-declaration]
'Finished building: ../src/main.c'
' '
'Building target: P7_LCD_Test.elf'
'Invoking: MicroBlaze gcc linker'
mb-gcc -Wl,-T -Wl,../src/lscript.ld -L../../P7_LCD_Test_bsp/microblaze_0/lib -mxl-barrel-shift -mxl-pattern-compare -mcpu=v8.50.c -mno-xl-soft-mul -Wl,--no-relax -Wl,--gc-sections -o "P7_LCD_Test.elf"  ./src/main.o   -Wl,--start-group,-lxil,-lgcc,-lc,--end-group
./src/main.o: In function `lcd_init':
C:\Users\lpcarm\Desktop\FPGA_BOOK\P19_soft_Processor_S3\SDK_workspace\P7_LCD_Test\Debug/../src/lcd.h:96: undefined reference to `delay_us'
./src/main.o: In function `lcd_clear':
C:\Users\lpcarm\Desktop\FPGA_BOOK\P19_soft_Processor_S3\SDK_workspace\P7_LCD_Test\Debug/../src/lcd.h:101: undefined reference to `delay_ms'
./src/main.o: In function `lcd_command':
C:\Users\lpcarm\Desktop\FPGA_BOOK\P19_soft_Processor_S3\SDK_workspace\P7_LCD_Test\Debug/../src/lcd.h:110: undefined reference to `delay_us'
./src/main.o: In function `lcd_data':
C:\Users\lpcarm\Desktop\FPGA_BOOK\P19_soft_Processor_S3\SDK_workspace\P7_LCD_Test\Debug/../src/lcd.h:119: undefined reference to `delay_us'
collect2: ld returned 1 exit status
make: *** [P7_LCD_Test.elf] Error 1
06:00:09 **** Auto Build of configuration Debug for project P7_LCD_Test ****
make all 
'Building target: P7_LCD_Test.elf'
'Invoking: MicroBlaze gcc linker'
mb-gcc -Wl,-T -Wl,../src/lscript.ld -L../../P7_LCD_Test_bsp/microblaze_0/lib -mxl-barrel-shift -mxl-pattern-compare -mcpu=v8.50.c -mno-xl-soft-mul -Wl,--no-relax -Wl,--gc-sections -o "P7_LCD_Test.elf"  ./src/main.o   -Wl,--start-group,-lxil,-lgcc,-lc,--end-group
./src/main.o: In function `lcd_init':
C:\Users\lpcarm\Desktop\FPGA_BOOK\P19_soft_Processor_S3\SDK_workspace\P7_LCD_Test\Debug/../src/lcd.h:96: undefined reference to `delay_us'
./src/main.o: In function `lcd_clear':
C:\Users\lpcarm\Desktop\FPGA_BOOK\P19_soft_Processor_S3\SDK_workspace\P7_LCD_Test\Debug/../src/lcd.h:101: undefined reference to `delay_ms'
./src/main.o: In function `lcd_command':
C:\Users\lpcarm\Desktop\FPGA_BOOK\P19_soft_Processor_S3\SDK_workspace\P7_LCD_Test\Debug/../src/lcd.h:110: undefined reference to `delay_us'
./src/main.o: In function `lcd_data':
C:\Users\lpcarm\Desktop\FPGA_BOOK\P19_soft_Processor_S3\SDK_workspace\P7_LCD_Test\Debug/../src/lcd.h:119: undefined reference to `delay_us'
collect2: ld returned 1 exit status
make: *** [P7_LCD_Test.elf] Error 1
06:01:22 **** Auto Build of configuration Debug for project P7_LCD_Test ****
make all 
'Building target: P7_LCD_Test.elf'
'Invoking: MicroBlaze gcc linker'
mb-gcc -Wl,-T -Wl,../src/lscript.ld -L../../P7_LCD_Test_bsp/microblaze_0/lib -mxl-barrel-shift -mxl-pattern-compare -mcpu=v8.50.c -mno-xl-soft-mul -Wl,--no-relax -Wl,--gc-sections -o "P7_LCD_Test.elf"  ./src/main.o   -Wl,--start-group,-lxil,-lgcc,-lc,--end-group
./src/main.o: In function `lcd_init':
C:\Users\lpcarm\Desktop\FPGA_BOOK\P19_soft_Processor_S3\SDK_workspace\P7_LCD_Test\Debug/../src/lcd.h:96: undefined reference to `delay_us'
./src/main.o: In function `lcd_clear':
C:\Users\lpcarm\Desktop\FPGA_BOOK\P19_soft_Processor_S3\SDK_workspace\P7_LCD_Test\Debug/../src/lcd.h:101: undefined reference to `delay_ms'
./src/main.o: In function `lcd_command':
C:\Users\lpcarm\Desktop\FPGA_BOOK\P19_soft_Processor_S3\SDK_workspace\P7_LCD_Test\Debug/../src/lcd.h:110: undefined reference to `delay_us'
./src/main.o: In function `lcd_data':
C:\Users\lpcarm\Desktop\FPGA_BOOK\P19_soft_Processor_S3\SDK_workspace\P7_LCD_Test\Debug/../src/lcd.h:119: undefined reference to `delay_us'
collect2: ld returned 1 exit status
make: *** [P7_LCD_Test.elf] Error 1
06:01:28 **** Auto Build of configuration Debug for project P7_LCD_Test ****
make all 
'Building target: P7_LCD_Test.elf'
'Invoking: MicroBlaze gcc linker'
mb-gcc -Wl,-T -Wl,../src/lscript.ld -L../../P7_LCD_Test_bsp/microblaze_0/lib -mxl-barrel-shift -mxl-pattern-compare -mcpu=v8.50.c -mno-xl-soft-mul -Wl,--no-relax -Wl,--gc-sections -o "P7_LCD_Test.elf"  ./src/main.o   -Wl,--start-group,-lxil,-lgcc,-lc,--end-group
./src/main.o: In function `lcd_init':
C:\Users\lpcarm\Desktop\FPGA_BOOK\P19_soft_Processor_S3\SDK_workspace\P7_LCD_Test\Debug/../src/lcd.h:96: undefined reference to `delay_us'
./src/main.o: In function `lcd_clear':
C:\Users\lpcarm\Desktop\FPGA_BOOK\P19_soft_Processor_S3\SDK_workspace\P7_LCD_Test\Debug/../src/lcd.h:101: undefined reference to `delay_ms'
./src/main.o: In function `lcd_command':
C:\Users\lpcarm\Desktop\FPGA_BOOK\P19_soft_Processor_S3\SDK_workspace\P7_LCD_Test\Debug/../src/lcd.h:110: undefined reference to `delay_us'
./src/main.o: In function `lcd_data':
C:\Users\lpcarm\Desktop\FPGA_BOOK\P19_soft_Processor_S3\SDK_workspace\P7_LCD_Test\Debug/../src/lcd.h:119: undefined reference to `delay_us'
collect2: ld returned 1 exit status
make: *** [P7_LCD_Test.elf] Error 1
06:01:34 **** Auto Build of configuration Debug for project P7_LCD_Test ****
make all 
'Building file: ../src/main.c'
'Invoking: MicroBlaze gcc compiler'
mb-gcc -Wall -O0 -g3 -c -fmessage-length=0 -I../../P7_LCD_Test_bsp/microblaze_0/include -mxl-barrel-shift -mxl-pattern-compare -mcpu=v8.50.c -mno-xl-soft-mul -Wl,--no-relax -ffunction-sections -fdata-sections -MMD -MP -MF"src/main.d" -MT"src/main.d" -o "src/main.o" "../src/main.c"
'Finished building: ../src/main.c'
' '
'Building target: P7_LCD_Test.elf'
'Invoking: MicroBlaze gcc linker'
mb-gcc -Wl,-T -Wl,../src/lscript.ld -L../../P7_LCD_Test_bsp/microblaze_0/lib -mxl-barrel-shift -mxl-pattern-compare -mcpu=v8.50.c -mno-xl-soft-mul -Wl,--no-relax -Wl,--gc-sections -o "P7_LCD_Test.elf"  ./src/main.o   -Wl,--start-group,-lxil,-lgcc,-lc,--end-group
'Finished building target: P7_LCD_Test.elf'
' '
'Invoking: MicroBlaze Print Size'
mb-size P7_LCD_Test.elf  |tee "P7_LCD_Test.elf.size"
   text	   data	    bss	    dec	    hex	filename
   3454	    268	   2084	   5806	   16ae	P7_LCD_Test.elf
'Finished building: P7_LCD_Test.elf.size'
' '
'Invoking: Xilinx ELF Check'
elfcheck P7_LCD_Test.elf -hw ../../soft_processor_hw_platform/system.xml -pe microblaze_0  |tee "P7_LCD_Test.elf.elfcheck"
elfcheck
Xilinx EDK 14.7 Build EDK_P.20131013
Copyright (c) 1995-2012 Xilinx, Inc.  All rights reserved.

Command Line: elfcheck -hw ../../soft_processor_hw_platform/system.xml -pe
microblaze_0 P7_LCD_Test.elf 

ELF file	: P7_LCD_Test.elf
elfcheck passed.
'Finished building: P7_LCD_Test.elf.elfcheck'
' '
06:03:18 **** Auto Build of configuration Debug for project P7_LCD_Test ****
make all 
make: Nothing to be done for `all'.
06:03:46 **** Incremental Build of configuration Debug for project P7_LCD_Test ****
make all 
make: Nothing to be done for `all'.
06:03:51 **** Auto Build of configuration Debug for project P7_LCD_Test ****
make all 
'Building file: ../src/main.c'
'Invoking: MicroBlaze gcc compiler'
mb-gcc -Wall -O0 -g3 -c -fmessage-length=0 -I../../P7_LCD_Test_bsp/microblaze_0/include -mxl-barrel-shift -mxl-pattern-compare -mcpu=v8.50.c -mno-xl-soft-mul -Wl,--no-relax -ffunction-sections -fdata-sections -MMD -MP -MF"src/main.d" -MT"src/main.d" -o "src/main.o" "../src/main.c"
'Finished building: ../src/main.c'
' '
'Building target: P7_LCD_Test.elf'
'Invoking: MicroBlaze gcc linker'
mb-gcc -Wl,-T -Wl,../src/lscript.ld -L../../P7_LCD_Test_bsp/microblaze_0/lib -mxl-barrel-shift -mxl-pattern-compare -mcpu=v8.50.c -mno-xl-soft-mul -Wl,--no-relax -Wl,--gc-sections -o "P7_LCD_Test.elf"  ./src/main.o   -Wl,--start-group,-lxil,-lgcc,-lc,--end-group
'Finished building target: P7_LCD_Test.elf'
' '
'Invoking: MicroBlaze Print Size'
mb-size P7_LCD_Test.elf  |tee "P7_LCD_Test.elf.size"
   text	   data	    bss	    dec	    hex	filename
   3582	    268	   2084	   5934	   172e	P7_LCD_Test.elf
'Finished building: P7_LCD_Test.elf.size'
' '
'Invoking: Xilinx ELF Check'
elfcheck P7_LCD_Test.elf -hw ../../soft_processor_hw_platform/system.xml -pe microblaze_0  |tee "P7_LCD_Test.elf.elfcheck"
elfcheck
Xilinx EDK 14.7 Build EDK_P.20131013
Copyright (c) 1995-2012 Xilinx, Inc.  All rights reserved.

Command Line: elfcheck -hw ../../soft_processor_hw_platform/system.xml -pe
microblaze_0 P7_LCD_Test.elf 

ELF file	: P7_LCD_Test.elf
elfcheck passed.
'Finished building: P7_LCD_Test.elf.elfcheck'
' '
06:04:27 **** Auto Build of configuration Debug for project P7_LCD_Test ****
make all 
'Building file: ../src/main.c'
'Invoking: MicroBlaze gcc compiler'
mb-gcc -Wall -O0 -g3 -c -fmessage-length=0 -I../../P7_LCD_Test_bsp/microblaze_0/include -mxl-barrel-shift -mxl-pattern-compare -mcpu=v8.50.c -mno-xl-soft-mul -Wl,--no-relax -ffunction-sections -fdata-sections -MMD -MP -MF"src/main.d" -MT"src/main.d" -o "src/main.o" "../src/main.c"
'Finished building: ../src/main.c'
' '
'Building target: P7_LCD_Test.elf'
'Invoking: MicroBlaze gcc linker'
mb-gcc -Wl,-T -Wl,../src/lscript.ld -L../../P7_LCD_Test_bsp/microblaze_0/lib -mxl-barrel-shift -mxl-pattern-compare -mcpu=v8.50.c -mno-xl-soft-mul -Wl,--no-relax -Wl,--gc-sections -o "P7_LCD_Test.elf"  ./src/main.o   -Wl,--start-group,-lxil,-lgcc,-lc,--end-group
'Finished building target: P7_LCD_Test.elf'
' '
'Invoking: MicroBlaze Print Size'
mb-size P7_LCD_Test.elf  |tee "P7_LCD_Test.elf.size"
   text	   data	    bss	    dec	    hex	filename
   3582	    268	   2084	   5934	   172e	P7_LCD_Test.elf
'Finished building: P7_LCD_Test.elf.size'
' '
'Invoking: Xilinx ELF Check'
elfcheck P7_LCD_Test.elf -hw ../../soft_processor_hw_platform/system.xml -pe microblaze_0  |tee "P7_LCD_Test.elf.elfcheck"
elfcheck
Xilinx EDK 14.7 Build EDK_P.20131013
Copyright (c) 1995-2012 Xilinx, Inc.  All rights reserved.

Command Line: elfcheck -hw ../../soft_processor_hw_platform/system.xml -pe
microblaze_0 P7_LCD_Test.elf 

ELF file	: P7_LCD_Test.elf
elfcheck passed.
'Finished building: P7_LCD_Test.elf.elfcheck'
' '
06:04:31 **** Auto Build of configuration Debug for project P7_LCD_Test ****
make all 
make: Nothing to be done for `all'.
06:04:35 **** Auto Build of configuration Debug for project P7_LCD_Test ****
make all 
'Building file: ../src/main.c'
'Invoking: MicroBlaze gcc compiler'
mb-gcc -Wall -O0 -g3 -c -fmessage-length=0 -I../../P7_LCD_Test_bsp/microblaze_0/include -mxl-barrel-shift -mxl-pattern-compare -mcpu=v8.50.c -mno-xl-soft-mul -Wl,--no-relax -ffunction-sections -fdata-sections -MMD -MP -MF"src/main.d" -MT"src/main.d" -o "src/main.o" "../src/main.c"
'Finished building: ../src/main.c'
' '
'Building target: P7_LCD_Test.elf'
'Invoking: MicroBlaze gcc linker'
mb-gcc -Wl,-T -Wl,../src/lscript.ld -L../../P7_LCD_Test_bsp/microblaze_0/lib -mxl-barrel-shift -mxl-pattern-compare -mcpu=v8.50.c -mno-xl-soft-mul -Wl,--no-relax -Wl,--gc-sections -o "P7_LCD_Test.elf"  ./src/main.o   -Wl,--start-group,-lxil,-lgcc,-lc,--end-group
'Finished building target: P7_LCD_Test.elf'
' '
'Invoking: MicroBlaze Print Size'
mb-size P7_LCD_Test.elf  |tee "P7_LCD_Test.elf.size"
   text	   data	    bss	    dec	    hex	filename
   3582	    268	   2084	   5934	   172e	P7_LCD_Test.elf
'Finished building: P7_LCD_Test.elf.size'
' '
'Invoking: Xilinx ELF Check'
elfcheck P7_LCD_Test.elf -hw ../../soft_processor_hw_platform/system.xml -pe microblaze_0  |tee "P7_LCD_Test.elf.elfcheck"
elfcheck
Xilinx EDK 14.7 Build EDK_P.20131013
Copyright (c) 1995-2012 Xilinx, Inc.  All rights reserved.

Command Line: elfcheck -hw ../../soft_processor_hw_platform/system.xml -pe
microblaze_0 P7_LCD_Test.elf 

ELF file	: P7_LCD_Test.elf
elfcheck passed.
'Finished building: P7_LCD_Test.elf.elfcheck'
' '
06:05:45 **** Auto Build of configuration Debug for project P7_LCD_Test ****
make all 
make: Nothing to be done for `all'.
06:05:49 **** Incremental Build of configuration Debug for project P7_LCD_Test ****
make all 
make: Nothing to be done for `all'.
06:05:51 **** Incremental Build of configuration Debug for project P7_LCD_Test ****
make all 
make: Nothing to be done for `all'.
06:05:52 **** Auto Build of configuration Debug for project P7_LCD_Test ****
make all 
'Building file: ../src/main.c'
'Invoking: MicroBlaze gcc compiler'
mb-gcc -Wall -O0 -g3 -c -fmessage-length=0 -I../../P7_LCD_Test_bsp/microblaze_0/include -mxl-barrel-shift -mxl-pattern-compare -mcpu=v8.50.c -mno-xl-soft-mul -Wl,--no-relax -ffunction-sections -fdata-sections -MMD -MP -MF"src/main.d" -MT"src/main.d" -o "src/main.o" "../src/main.c"
../src/main.c: In function 'main':
../src/main.c:30:3: warning: implicit declaration of function 'delay' [-Wimplicit-function-declaration]
'Finished building: ../src/main.c'
' '
'Building target: P7_LCD_Test.elf'
'Invoking: MicroBlaze gcc linker'
mb-gcc -Wl,-T -Wl,../src/lscript.ld -L../../P7_LCD_Test_bsp/microblaze_0/lib -mxl-barrel-shift -mxl-pattern-compare -mcpu=v8.50.c -mno-xl-soft-mul -Wl,--no-relax -Wl,--gc-sections -o "P7_LCD_Test.elf"  ./src/main.o   -Wl,--start-group,-lxil,-lgcc,-lc,--end-group
./src/main.o: In function `main':
C:\Users\lpcarm\Desktop\FPGA_BOOK\P19_soft_Processor_S3\SDK_workspace\P7_LCD_Test\Debug/../src/main.c:30: undefined reference to `delay'
C:\Users\lpcarm\Desktop\FPGA_BOOK\P19_soft_Processor_S3\SDK_workspace\P7_LCD_Test\Debug/../src/main.c:32: undefined reference to `delay'
collect2: ld returned 1 exit status
make: *** [P7_LCD_Test.elf] Error 1
06:05:57 **** Auto Build of configuration Debug for project P7_LCD_Test ****
make all 
'Building file: ../src/main.c'
'Invoking: MicroBlaze gcc compiler'
mb-gcc -Wall -O0 -g3 -c -fmessage-length=0 -I../../P7_LCD_Test_bsp/microblaze_0/include -mxl-barrel-shift -mxl-pattern-compare -mcpu=v8.50.c -mno-xl-soft-mul -Wl,--no-relax -ffunction-sections -fdata-sections -MMD -MP -MF"src/main.d" -MT"src/main.d" -o "src/main.o" "../src/main.c"
'Finished building: ../src/main.c'
' '
'Building target: P7_LCD_Test.elf'
'Invoking: MicroBlaze gcc linker'
mb-gcc -Wl,-T -Wl,../src/lscript.ld -L../../P7_LCD_Test_bsp/microblaze_0/lib -mxl-barrel-shift -mxl-pattern-compare -mcpu=v8.50.c -mno-xl-soft-mul -Wl,--no-relax -Wl,--gc-sections -o "P7_LCD_Test.elf"  ./src/main.o   -Wl,--start-group,-lxil,-lgcc,-lc,--end-group
'Finished building target: P7_LCD_Test.elf'
' '
'Invoking: MicroBlaze Print Size'
mb-size P7_LCD_Test.elf  |tee "P7_LCD_Test.elf.size"
   text	   data	    bss	    dec	    hex	filename
   3582	    268	   2084	   5934	   172e	P7_LCD_Test.elf
'Finished building: P7_LCD_Test.elf.size'
' '
'Invoking: Xilinx ELF Check'
elfcheck P7_LCD_Test.elf -hw ../../soft_processor_hw_platform/system.xml -pe microblaze_0  |tee "P7_LCD_Test.elf.elfcheck"
elfcheck
Xilinx EDK 14.7 Build EDK_P.20131013
Copyright (c) 1995-2012 Xilinx, Inc.  All rights reserved.

Command Line: elfcheck -hw ../../soft_processor_hw_platform/system.xml -pe
microblaze_0 P7_LCD_Test.elf 

ELF file	: P7_LCD_Test.elf
elfcheck passed.
'Finished building: P7_LCD_Test.elf.elfcheck'
' '
06:07:45 **** Auto Build of configuration Debug for project P7_LCD_Test ****
make all 
'Building file: ../src/main.c'
'Invoking: MicroBlaze gcc compiler'
mb-gcc -Wall -O0 -g3 -c -fmessage-length=0 -I../../P7_LCD_Test_bsp/microblaze_0/include -mxl-barrel-shift -mxl-pattern-compare -mcpu=v8.50.c -mno-xl-soft-mul -Wl,--no-relax -ffunction-sections -fdata-sections -MMD -MP -MF"src/main.d" -MT"src/main.d" -o "src/main.o" "../src/main.c"
../src/main.c: In function 'main':
../src/main.c:31:3: warning: pointer targets in passing argument 1 of 'sprintf' differ in signedness [-Wpointer-sign]
c:\xilinx\14.7\ise_ds\edk\gnu\microblaze\nt\bin\../lib/gcc/microblaze-xilinx-elf/4.6.4/../../../../microblaze-xilinx-elf/include/stdio.h:226:5: note: expected 'char *' but argument is of type 'uint8_t *'
'Finished building: ../src/main.c'
' '
'Building target: P7_LCD_Test.elf'
'Invoking: MicroBlaze gcc linker'
mb-gcc -Wl,-T -Wl,../src/lscript.ld -L../../P7_LCD_Test_bsp/microblaze_0/lib -mxl-barrel-shift -mxl-pattern-compare -mcpu=v8.50.c -mno-xl-soft-mul -Wl,--no-relax -Wl,--gc-sections -o "P7_LCD_Test.elf"  ./src/main.o   -Wl,--start-group,-lxil,-lgcc,-lc,--end-group
c:/xilinx/14.7/ise_ds/edk/gnu/microblaze/nt/bin/../lib/gcc/microblaze-xilinx-elf/4.6.4/../../../../microblaze-xilinx-elf/bin/ld.exe: P7_LCD_Test.elf section `.text' will not fit in region `ilmb_cntlr_dlmb_cntlr'
c:/xilinx/14.7/ise_ds/edk/gnu/microblaze/nt/bin/../lib/gcc/microblaze-xilinx-elf/4.6.4/../../../../microblaze-xilinx-elf/bin/ld.exe: region `ilmb_cntlr_dlmb_cntlr' overflowed by 20352 bytes
collect2: ld returned 1 exit status
make: *** [P7_LCD_Test.elf] Error 1
06:08:23 **** Auto Build of configuration Debug for project P7_LCD_Test ****
make all 
'Building file: ../src/main.c'
'Invoking: MicroBlaze gcc compiler'
mb-gcc -Wall -O0 -g3 -c -fmessage-length=0 -I../../P7_LCD_Test_bsp/microblaze_0/include -mxl-barrel-shift -mxl-pattern-compare -mcpu=v8.50.c -mno-xl-soft-mul -Wl,--no-relax -ffunction-sections -fdata-sections -MMD -MP -MF"src/main.d" -MT"src/main.d" -o "src/main.o" "../src/main.c"
../src/main.c: In function 'main':
../src/main.c:31:3: warning: pointer targets in passing argument 1 of 'xil_printf' differ in signedness [-Wpointer-sign]
c:\xilinx\14.7\ise_ds\edk\gnu\microblaze\nt\bin\../lib/gcc/microblaze-xilinx-elf/4.6.4/../../../../microblaze-xilinx-elf/include/stdio.h:231:9: note: expected 'const char *' but argument is of type 'uint8_t *'
'Finished building: ../src/main.c'
' '
'Building target: P7_LCD_Test.elf'
'Invoking: MicroBlaze gcc linker'
mb-gcc -Wl,-T -Wl,../src/lscript.ld -L../../P7_LCD_Test_bsp/microblaze_0/lib -mxl-barrel-shift -mxl-pattern-compare -mcpu=v8.50.c -mno-xl-soft-mul -Wl,--no-relax -Wl,--gc-sections -o "P7_LCD_Test.elf"  ./src/main.o   -Wl,--start-group,-lxil,-lgcc,-lc,--end-group
'Finished building target: P7_LCD_Test.elf'
' '
'Invoking: MicroBlaze Print Size'
mb-size P7_LCD_Test.elf  |tee "P7_LCD_Test.elf.size"
   text	   data	    bss	    dec	    hex	filename
   6446	    272	   2104	   8822	   2276	P7_LCD_Test.elf
'Finished building: P7_LCD_Test.elf.size'
' '
'Invoking: Xilinx ELF Check'
elfcheck P7_LCD_Test.elf -hw ../../soft_processor_hw_platform/system.xml -pe microblaze_0  |tee "P7_LCD_Test.elf.elfcheck"
elfcheck
Xilinx EDK 14.7 Build EDK_P.20131013
Copyright (c) 1995-2012 Xilinx, Inc.  All rights reserved.

Command Line: elfcheck -hw ../../soft_processor_hw_platform/system.xml -pe
microblaze_0 P7_LCD_Test.elf 

ELF file	: P7_LCD_Test.elf
elfcheck passed.
'Finished building: P7_LCD_Test.elf.elfcheck'
' '
06:08:43 **** Auto Build of configuration Debug for project P7_LCD_Test ****
make all 
'Building file: ../src/main.c'
'Invoking: MicroBlaze gcc compiler'
mb-gcc -Wall -O0 -g3 -c -fmessage-length=0 -I../../P7_LCD_Test_bsp/microblaze_0/include -mxl-barrel-shift -mxl-pattern-compare -mcpu=v8.50.c -mno-xl-soft-mul -Wl,--no-relax -ffunction-sections -fdata-sections -MMD -MP -MF"src/main.d" -MT"src/main.d" -o "src/main.o" "../src/main.c"
../src/main.c: In function 'main':
../src/main.c:30:3: warning: implicit declaration of function 'xil_printf' [-Wimplicit-function-declaration]
'Finished building: ../src/main.c'
' '
'Building target: P7_LCD_Test.elf'
'Invoking: MicroBlaze gcc linker'
mb-gcc -Wl,-T -Wl,../src/lscript.ld -L../../P7_LCD_Test_bsp/microblaze_0/lib -mxl-barrel-shift -mxl-pattern-compare -mcpu=v8.50.c -mno-xl-soft-mul -Wl,--no-relax -Wl,--gc-sections -o "P7_LCD_Test.elf"  ./src/main.o   -Wl,--start-group,-lxil,-lgcc,-lc,--end-group
'Finished building target: P7_LCD_Test.elf'
' '
'Invoking: MicroBlaze Print Size'
mb-size P7_LCD_Test.elf  |tee "P7_LCD_Test.elf.size"
   text	   data	    bss	    dec	    hex	filename
   6450	    272	   2110	   8832	   2280	P7_LCD_Test.elf
'Finished building: P7_LCD_Test.elf.size'
' '
'Invoking: Xilinx ELF Check'
elfcheck P7_LCD_Test.elf -hw ../../soft_processor_hw_platform/system.xml -pe microblaze_0  |tee "P7_LCD_Test.elf.elfcheck"
elfcheck
Xilinx EDK 14.7 Build EDK_P.20131013
Copyright (c) 1995-2012 Xilinx, Inc.  All rights reserved.

Command Line: elfcheck -hw ../../soft_processor_hw_platform/system.xml -pe
microblaze_0 P7_LCD_Test.elf 

ELF file	: P7_LCD_Test.elf
elfcheck passed.
'Finished building: P7_LCD_Test.elf.elfcheck'
' '
06:09:38 **** Auto Build of configuration Debug for project P7_LCD_Test ****
make all 
'Building file: ../src/main.c'
'Invoking: MicroBlaze gcc compiler'
mb-gcc -Wall -O0 -g3 -c -fmessage-length=0 -I../../P7_LCD_Test_bsp/microblaze_0/include -mxl-barrel-shift -mxl-pattern-compare -mcpu=v8.50.c -mno-xl-soft-mul -Wl,--no-relax -ffunction-sections -fdata-sections -MMD -MP -MF"src/main.d" -MT"src/main.d" -o "src/main.o" "../src/main.c"
'Finished building: ../src/main.c'
' '
'Building target: P7_LCD_Test.elf'
'Invoking: MicroBlaze gcc linker'
mb-gcc -Wl,-T -Wl,../src/lscript.ld -L../../P7_LCD_Test_bsp/microblaze_0/lib -mxl-barrel-shift -mxl-pattern-compare -mcpu=v8.50.c -mno-xl-soft-mul -Wl,--no-relax -Wl,--gc-sections -o "P7_LCD_Test.elf"  ./src/main.o   -Wl,--start-group,-lxil,-lgcc,-lc,--end-group
'Finished building target: P7_LCD_Test.elf'
' '
'Invoking: MicroBlaze Print Size'
mb-size P7_LCD_Test.elf  |tee "P7_LCD_Test.elf.size"
   text	   data	    bss	    dec	    hex	filename
   3706	    268	   2090	   6064	   17b0	P7_LCD_Test.elf
'Finished building: P7_LCD_Test.elf.size'
' '
'Invoking: Xilinx ELF Check'
elfcheck P7_LCD_Test.elf -hw ../../soft_processor_hw_platform/system.xml -pe microblaze_0  |tee "P7_LCD_Test.elf.elfcheck"
elfcheck
Xilinx EDK 14.7 Build EDK_P.20131013
Copyright (c) 1995-2012 Xilinx, Inc.  All rights reserved.

Command Line: elfcheck -hw ../../soft_processor_hw_platform/system.xml -pe
microblaze_0 P7_LCD_Test.elf 

ELF file	: P7_LCD_Test.elf
elfcheck passed.
'Finished building: P7_LCD_Test.elf.elfcheck'
' '
06:11:00 **** Auto Build of configuration Debug for project P7_LCD_Test ****
make all 
'Building file: ../src/main.c'
'Invoking: MicroBlaze gcc compiler'
mb-gcc -Wall -O0 -g3 -c -fmessage-length=0 -I../../P7_LCD_Test_bsp/microblaze_0/include -mxl-barrel-shift -mxl-pattern-compare -mcpu=v8.50.c -mno-xl-soft-mul -Wl,--no-relax -ffunction-sections -fdata-sections -MMD -MP -MF"src/main.d" -MT"src/main.d" -o "src/main.o" "../src/main.c"
'Finished building: ../src/main.c'
' '
'Building target: P7_LCD_Test.elf'
'Invoking: MicroBlaze gcc linker'
mb-gcc -Wl,-T -Wl,../src/lscript.ld -L../../P7_LCD_Test_bsp/microblaze_0/lib -mxl-barrel-shift -mxl-pattern-compare -mcpu=v8.50.c -mno-xl-soft-mul -Wl,--no-relax -Wl,--gc-sections -o "P7_LCD_Test.elf"  ./src/main.o   -Wl,--start-group,-lxil,-lgcc,-lc,--end-group
'Finished building target: P7_LCD_Test.elf'
' '
'Invoking: MicroBlaze Print Size'
mb-size P7_LCD_Test.elf  |tee "P7_LCD_Test.elf.size"
   text	   data	    bss	    dec	    hex	filename
   3706	    268	   2090	   6064	   17b0	P7_LCD_Test.elf
'Finished building: P7_LCD_Test.elf.size'
' '
'Invoking: Xilinx ELF Check'
elfcheck P7_LCD_Test.elf -hw ../../soft_processor_hw_platform/system.xml -pe microblaze_0  |tee "P7_LCD_Test.elf.elfcheck"
elfcheck
Xilinx EDK 14.7 Build EDK_P.20131013
Copyright (c) 1995-2012 Xilinx, Inc.  All rights reserved.

Command Line: elfcheck -hw ../../soft_processor_hw_platform/system.xml -pe
microblaze_0 P7_LCD_Test.elf 

ELF file	: P7_LCD_Test.elf
elfcheck passed.
'Finished building: P7_LCD_Test.elf.elfcheck'
' '
06:11:17 **** Auto Build of configuration Debug for project P7_LCD_Test ****
make all 
'Building file: ../src/main.c'
'Invoking: MicroBlaze gcc compiler'
mb-gcc -Wall -O0 -g3 -c -fmessage-length=0 -I../../P7_LCD_Test_bsp/microblaze_0/include -mxl-barrel-shift -mxl-pattern-compare -mcpu=v8.50.c -mno-xl-soft-mul -Wl,--no-relax -ffunction-sections -fdata-sections -MMD -MP -MF"src/main.d" -MT"src/main.d" -o "src/main.o" "../src/main.c"
'Finished building: ../src/main.c'
' '
'Building target: P7_LCD_Test.elf'
'Invoking: MicroBlaze gcc linker'
mb-gcc -Wl,-T -Wl,../src/lscript.ld -L../../P7_LCD_Test_bsp/microblaze_0/lib -mxl-barrel-shift -mxl-pattern-compare -mcpu=v8.50.c -mno-xl-soft-mul -Wl,--no-relax -Wl,--gc-sections -o "P7_LCD_Test.elf"  ./src/main.o   -Wl,--start-group,-lxil,-lgcc,-lc,--end-group
'Finished building target: P7_LCD_Test.elf'
' '
'Invoking: MicroBlaze Print Size'
mb-size P7_LCD_Test.elf  |tee "P7_LCD_Test.elf.size"
   text	   data	    bss	    dec	    hex	filename
   3706	    268	   2090	   6064	   17b0	P7_LCD_Test.elf
'Finished building: P7_LCD_Test.elf.size'
' '
'Invoking: Xilinx ELF Check'
elfcheck P7_LCD_Test.elf -hw ../../soft_processor_hw_platform/system.xml -pe microblaze_0  |tee "P7_LCD_Test.elf.elfcheck"
elfcheck
Xilinx EDK 14.7 Build EDK_P.20131013
Copyright (c) 1995-2012 Xilinx, Inc.  All rights reserved.

Command Line: elfcheck -hw ../../soft_processor_hw_platform/system.xml -pe
microblaze_0 P7_LCD_Test.elf 

ELF file	: P7_LCD_Test.elf
elfcheck passed.
'Finished building: P7_LCD_Test.elf.elfcheck'
' '
06:13:53 **** Auto Build of configuration Debug for project P7_LCD_Test ****
make all 
'Building file: ../src/main.c'
'Invoking: MicroBlaze gcc compiler'
mb-gcc -Wall -O0 -g3 -c -fmessage-length=0 -I../../P7_LCD_Test_bsp/microblaze_0/include -mxl-barrel-shift -mxl-pattern-compare -mcpu=v8.50.c -mno-xl-soft-mul -Wl,--no-relax -ffunction-sections -fdata-sections -MMD -MP -MF"src/main.d" -MT"src/main.d" -o "src/main.o" "../src/main.c"
../src/main.c:9:22: fatal error: my_stdio.h: No such file or directory
compilation terminated.
make: *** [src/main.o] Error 1
06:15:57 **** Auto Build of configuration Debug for project P7_LCD_Test ****
make all 
'Building file: ../src/main.c'
'Invoking: MicroBlaze gcc compiler'
mb-gcc -Wall -O0 -g3 -c -fmessage-length=0 -I../../P7_LCD_Test_bsp/microblaze_0/include -mxl-barrel-shift -mxl-pattern-compare -mcpu=v8.50.c -mno-xl-soft-mul -Wl,--no-relax -ffunction-sections -fdata-sections -MMD -MP -MF"src/main.d" -MT"src/main.d" -o "src/main.o" "../src/main.c"
'Finished building: ../src/main.c'
' '
'Building target: P7_LCD_Test.elf'
'Invoking: MicroBlaze gcc linker'
mb-gcc -Wl,-T -Wl,../src/lscript.ld -L../../P7_LCD_Test_bsp/microblaze_0/lib -mxl-barrel-shift -mxl-pattern-compare -mcpu=v8.50.c -mno-xl-soft-mul -Wl,--no-relax -Wl,--gc-sections -o "P7_LCD_Test.elf"  ./src/main.o   -Wl,--start-group,-lxil,-lgcc,-lc,--end-group
'Finished building target: P7_LCD_Test.elf'
' '
'Invoking: MicroBlaze Print Size'
mb-size P7_LCD_Test.elf  |tee "P7_LCD_Test.elf.size"
   text	   data	    bss	    dec	    hex	filename
   6074	    268	   2114	   8456	   2108	P7_LCD_Test.elf
'Finished building: P7_LCD_Test.elf.size'
' '
'Invoking: Xilinx ELF Check'
elfcheck P7_LCD_Test.elf -hw ../../soft_processor_hw_platform/system.xml -pe microblaze_0  |tee "P7_LCD_Test.elf.elfcheck"
elfcheck
Xilinx EDK 14.7 Build EDK_P.20131013
Copyright (c) 1995-2012 Xilinx, Inc.  All rights reserved.

Command Line: elfcheck -hw ../../soft_processor_hw_platform/system.xml -pe
microblaze_0 P7_LCD_Test.elf 

ELF file	: P7_LCD_Test.elf
elfcheck passed.
'Finished building: P7_LCD_Test.elf.elfcheck'
' '
06:16:21 **** Auto Build of configuration Debug for project P7_LCD_Test ****
make all 
'Building file: ../src/main.c'
'Invoking: MicroBlaze gcc compiler'
mb-gcc -Wall -O0 -g3 -c -fmessage-length=0 -I../../P7_LCD_Test_bsp/microblaze_0/include -mxl-barrel-shift -mxl-pattern-compare -mcpu=v8.50.c -mno-xl-soft-mul -Wl,--no-relax -ffunction-sections -fdata-sections -MMD -MP -MF"src/main.d" -MT"src/main.d" -o "src/main.o" "../src/main.c"
'Finished building: ../src/main.c'
' '
'Building target: P7_LCD_Test.elf'
'Invoking: MicroBlaze gcc linker'
mb-gcc -Wl,-T -Wl,../src/lscript.ld -L../../P7_LCD_Test_bsp/microblaze_0/lib -mxl-barrel-shift -mxl-pattern-compare -mcpu=v8.50.c -mno-xl-soft-mul -Wl,--no-relax -Wl,--gc-sections -o "P7_LCD_Test.elf"  ./src/main.o   -Wl,--start-group,-lxil,-lgcc,-lc,--end-group
'Finished building target: P7_LCD_Test.elf'
' '
'Invoking: MicroBlaze Print Size'
mb-size P7_LCD_Test.elf  |tee "P7_LCD_Test.elf.size"
   text	   data	    bss	    dec	    hex	filename
   6246	    268	   2108	   8622	   21ae	P7_LCD_Test.elf
'Finished building: P7_LCD_Test.elf.size'
' '
'Invoking: Xilinx ELF Check'
elfcheck P7_LCD_Test.elf -hw ../../soft_processor_hw_platform/system.xml -pe microblaze_0  |tee "P7_LCD_Test.elf.elfcheck"
elfcheck
Xilinx EDK 14.7 Build EDK_P.20131013
Copyright (c) 1995-2012 Xilinx, Inc.  All rights reserved.

Command Line: elfcheck -hw ../../soft_processor_hw_platform/system.xml -pe
microblaze_0 P7_LCD_Test.elf 

ELF file	: P7_LCD_Test.elf
elfcheck passed.
'Finished building: P7_LCD_Test.elf.elfcheck'
' '
06:17:43 **** Auto Build of configuration Debug for project P7_LCD_Test ****
make all 
make: Nothing to be done for `all'.
06:18:24 **** Auto Build of configuration Debug for project P7_LCD_Test ****
make all 
make: Nothing to be done for `all'.
06:18:55 **** Auto Build of configuration Debug for project P7_LCD_Test ****
make all 
'Building file: ../src/main.c'
'Invoking: MicroBlaze gcc compiler'
mb-gcc -Wall -O0 -g3 -c -fmessage-length=0 -I../../P7_LCD_Test_bsp/microblaze_0/include -mxl-barrel-shift -mxl-pattern-compare -mcpu=v8.50.c -mno-xl-soft-mul -Wl,--no-relax -ffunction-sections -fdata-sections -MMD -MP -MF"src/main.d" -MT"src/main.d" -o "src/main.o" "../src/main.c"
'Finished building: ../src/main.c'
' '
'Building target: P7_LCD_Test.elf'
'Invoking: MicroBlaze gcc linker'
mb-gcc -Wl,-T -Wl,../src/lscript.ld -L../../P7_LCD_Test_bsp/microblaze_0/lib -mxl-barrel-shift -mxl-pattern-compare -mcpu=v8.50.c -mno-xl-soft-mul -Wl,--no-relax -Wl,--gc-sections -o "P7_LCD_Test.elf"  ./src/main.o   -Wl,--start-group,-lxil,-lgcc,-lc,--end-group
'Finished building target: P7_LCD_Test.elf'
' '
'Invoking: MicroBlaze Print Size'
mb-size P7_LCD_Test.elf  |tee "P7_LCD_Test.elf.size"
   text	   data	    bss	    dec	    hex	filename
   6330	    268	   2114	   8712	   2208	P7_LCD_Test.elf
'Finished building: P7_LCD_Test.elf.size'
' '
'Invoking: Xilinx ELF Check'
elfcheck P7_LCD_Test.elf -hw ../../soft_processor_hw_platform/system.xml -pe microblaze_0  |tee "P7_LCD_Test.elf.elfcheck"
elfcheck
Xilinx EDK 14.7 Build EDK_P.20131013
Copyright (c) 1995-2012 Xilinx, Inc.  All rights reserved.

Command Line: elfcheck -hw ../../soft_processor_hw_platform/system.xml -pe
microblaze_0 P7_LCD_Test.elf 

ELF file	: P7_LCD_Test.elf
elfcheck passed.
'Finished building: P7_LCD_Test.elf.elfcheck'
' '
06:21:03 **** Auto Build of configuration Debug for project P7_LCD_Test ****
make all 
'Building file: ../src/main.c'
'Invoking: MicroBlaze gcc compiler'
mb-gcc -Wall -O0 -g3 -c -fmessage-length=0 -I../../P7_LCD_Test_bsp/microblaze_0/include -mxl-barrel-shift -mxl-pattern-compare -mcpu=v8.50.c -mno-xl-soft-mul -Wl,--no-relax -ffunction-sections -fdata-sections -MMD -MP -MF"src/main.d" -MT"src/main.d" -o "src/main.o" "../src/main.c"
'Finished building: ../src/main.c'
' '
'Building target: P7_LCD_Test.elf'
'Invoking: MicroBlaze gcc linker'
mb-gcc -Wl,-T -Wl,../src/lscript.ld -L../../P7_LCD_Test_bsp/microblaze_0/lib -mxl-barrel-shift -mxl-pattern-compare -mcpu=v8.50.c -mno-xl-soft-mul -Wl,--no-relax -Wl,--gc-sections -o "P7_LCD_Test.elf"  ./src/main.o   -Wl,--start-group,-lxil,-lgcc,-lc,--end-group
'Finished building target: P7_LCD_Test.elf'
' '
'Invoking: MicroBlaze Print Size'
mb-size P7_LCD_Test.elf  |tee "P7_LCD_Test.elf.size"
   text	   data	    bss	    dec	    hex	filename
   6346	    268	   2114	   8728	   2218	P7_LCD_Test.elf
'Finished building: P7_LCD_Test.elf.size'
' '
'Invoking: Xilinx ELF Check'
elfcheck P7_LCD_Test.elf -hw ../../soft_processor_hw_platform/system.xml -pe microblaze_0  |tee "P7_LCD_Test.elf.elfcheck"
elfcheck
Xilinx EDK 14.7 Build EDK_P.20131013
Copyright (c) 1995-2012 Xilinx, Inc.  All rights reserved.

Command Line: elfcheck -hw ../../soft_processor_hw_platform/system.xml -pe
microblaze_0 P7_LCD_Test.elf 

ELF file	: P7_LCD_Test.elf
elfcheck passed.
'Finished building: P7_LCD_Test.elf.elfcheck'
' '
06:21:34 **** Auto Build of configuration Debug for project P7_LCD_Test ****
make all 
make: Nothing to be done for `all'.
06:22:08 **** Auto Build of configuration Debug for project P7_LCD_Test ****
make all 
'Building file: ../src/main.c'
'Invoking: MicroBlaze gcc compiler'
mb-gcc -Wall -O0 -g3 -c -fmessage-length=0 -I../../P7_LCD_Test_bsp/microblaze_0/include -mxl-barrel-shift -mxl-pattern-compare -mcpu=v8.50.c -mno-xl-soft-mul -Wl,--no-relax -ffunction-sections -fdata-sections -MMD -MP -MF"src/main.d" -MT"src/main.d" -o "src/main.o" "../src/main.c"
'Finished building: ../src/main.c'
' '
'Building target: P7_LCD_Test.elf'
'Invoking: MicroBlaze gcc linker'
mb-gcc -Wl,-T -Wl,../src/lscript.ld -L../../P7_LCD_Test_bsp/microblaze_0/lib -mxl-barrel-shift -mxl-pattern-compare -mcpu=v8.50.c -mno-xl-soft-mul -Wl,--no-relax -Wl,--gc-sections -o "P7_LCD_Test.elf"  ./src/main.o   -Wl,--start-group,-lxil,-lgcc,-lc,--end-group
'Finished building target: P7_LCD_Test.elf'
' '
'Invoking: MicroBlaze Print Size'
mb-size P7_LCD_Test.elf  |tee "P7_LCD_Test.elf.size"
   text	   data	    bss	    dec	    hex	filename
   6366	    268	   2108	   8742	   2226	P7_LCD_Test.elf
'Finished building: P7_LCD_Test.elf.size'
' '
'Invoking: Xilinx ELF Check'
elfcheck P7_LCD_Test.elf -hw ../../soft_processor_hw_platform/system.xml -pe microblaze_0  |tee "P7_LCD_Test.elf.elfcheck"
elfcheck
Xilinx EDK 14.7 Build EDK_P.20131013
Copyright (c) 1995-2012 Xilinx, Inc.  All rights reserved.

Command Line: elfcheck -hw ../../soft_processor_hw_platform/system.xml -pe
microblaze_0 P7_LCD_Test.elf 

ELF file	: P7_LCD_Test.elf
elfcheck passed.
'Finished building: P7_LCD_Test.elf.elfcheck'
' '
06:22:51 **** Auto Build of configuration Debug for project P7_LCD_Test ****
make all 
'Building file: ../src/main.c'
'Invoking: MicroBlaze gcc compiler'
mb-gcc -Wall -O0 -g3 -c -fmessage-length=0 -I../../P7_LCD_Test_bsp/microblaze_0/include -mxl-barrel-shift -mxl-pattern-compare -mcpu=v8.50.c -mno-xl-soft-mul -Wl,--no-relax -ffunction-sections -fdata-sections -MMD -MP -MF"src/main.d" -MT"src/main.d" -o "src/main.o" "../src/main.c"
'Finished building: ../src/main.c'
' '
'Building target: P7_LCD_Test.elf'
'Invoking: MicroBlaze gcc linker'
mb-gcc -Wl,-T -Wl,../src/lscript.ld -L../../P7_LCD_Test_bsp/microblaze_0/lib -mxl-barrel-shift -mxl-pattern-compare -mcpu=v8.50.c -mno-xl-soft-mul -Wl,--no-relax -Wl,--gc-sections -o "P7_LCD_Test.elf"  ./src/main.o   -Wl,--start-group,-lxil,-lgcc,-lc,--end-group
'Finished building target: P7_LCD_Test.elf'
' '
'Invoking: MicroBlaze Print Size'
mb-size P7_LCD_Test.elf  |tee "P7_LCD_Test.elf.size"
   text	   data	    bss	    dec	    hex	filename
   6366	    268	   2108	   8742	   2226	P7_LCD_Test.elf
'Finished building: P7_LCD_Test.elf.size'
' '
'Invoking: Xilinx ELF Check'
elfcheck P7_LCD_Test.elf -hw ../../soft_processor_hw_platform/system.xml -pe microblaze_0  |tee "P7_LCD_Test.elf.elfcheck"
elfcheck
Xilinx EDK 14.7 Build EDK_P.20131013
Copyright (c) 1995-2012 Xilinx, Inc.  All rights reserved.

Command Line: elfcheck -hw ../../soft_processor_hw_platform/system.xml -pe
microblaze_0 P7_LCD_Test.elf 

ELF file	: P7_LCD_Test.elf
elfcheck passed.
'Finished building: P7_LCD_Test.elf.elfcheck'
' '
06:23:20 **** Auto Build of configuration Debug for project P7_LCD_Test ****
make all 
'Building file: ../src/main.c'
'Invoking: MicroBlaze gcc compiler'
mb-gcc -Wall -O0 -g3 -c -fmessage-length=0 -I../../P7_LCD_Test_bsp/microblaze_0/include -mxl-barrel-shift -mxl-pattern-compare -mcpu=v8.50.c -mno-xl-soft-mul -Wl,--no-relax -ffunction-sections -fdata-sections -MMD -MP -MF"src/main.d" -MT"src/main.d" -o "src/main.o" "../src/main.c"
'Finished building: ../src/main.c'
' '
'Building target: P7_LCD_Test.elf'
'Invoking: MicroBlaze gcc linker'
mb-gcc -Wl,-T -Wl,../src/lscript.ld -L../../P7_LCD_Test_bsp/microblaze_0/lib -mxl-barrel-shift -mxl-pattern-compare -mcpu=v8.50.c -mno-xl-soft-mul -Wl,--no-relax -Wl,--gc-sections -o "P7_LCD_Test.elf"  ./src/main.o   -Wl,--start-group,-lxil,-lgcc,-lc,--end-group
'Finished building target: P7_LCD_Test.elf'
' '
'Invoking: MicroBlaze Print Size'
mb-size P7_LCD_Test.elf  |tee "P7_LCD_Test.elf.size"
   text	   data	    bss	    dec	    hex	filename
   6366	    268	   2108	   8742	   2226	P7_LCD_Test.elf
'Finished building: P7_LCD_Test.elf.size'
' '
'Invoking: Xilinx ELF Check'
elfcheck P7_LCD_Test.elf -hw ../../soft_processor_hw_platform/system.xml -pe microblaze_0  |tee "P7_LCD_Test.elf.elfcheck"
elfcheck
Xilinx EDK 14.7 Build EDK_P.20131013
Copyright (c) 1995-2012 Xilinx, Inc.  All rights reserved.

Command Line: elfcheck -hw ../../soft_processor_hw_platform/system.xml -pe
microblaze_0 P7_LCD_Test.elf 

ELF file	: P7_LCD_Test.elf
elfcheck passed.
'Finished building: P7_LCD_Test.elf.elfcheck'
' '
06:24:19 **** Auto Build of configuration Debug for project P7_LCD_Test ****
make all 
make: Nothing to be done for `all'.
06:24:23 **** Auto Build of configuration Debug for project P7_LCD_Test ****
make all 
'Building file: ../src/main.c'
'Invoking: MicroBlaze gcc compiler'
mb-gcc -Wall -O0 -g3 -c -fmessage-length=0 -I../../P7_LCD_Test_bsp/microblaze_0/include -mxl-barrel-shift -mxl-pattern-compare -mcpu=v8.50.c -mno-xl-soft-mul -Wl,--no-relax -ffunction-sections -fdata-sections -MMD -MP -MF"src/main.d" -MT"src/main.d" -o "src/main.o" "../src/main.c"
'Finished building: ../src/main.c'
' '
'Building target: P7_LCD_Test.elf'
'Invoking: MicroBlaze gcc linker'
mb-gcc -Wl,-T -Wl,../src/lscript.ld -L../../P7_LCD_Test_bsp/microblaze_0/lib -mxl-barrel-shift -mxl-pattern-compare -mcpu=v8.50.c -mno-xl-soft-mul -Wl,--no-relax -Wl,--gc-sections -o "P7_LCD_Test.elf"  ./src/main.o   -Wl,--start-group,-lxil,-lgcc,-lc,--end-group
'Finished building target: P7_LCD_Test.elf'
' '
'Invoking: MicroBlaze Print Size'
mb-size P7_LCD_Test.elf  |tee "P7_LCD_Test.elf.size"
   text	   data	    bss	    dec	    hex	filename
   6350	    268	   2108	   8726	   2216	P7_LCD_Test.elf
'Finished building: P7_LCD_Test.elf.size'
' '
'Invoking: Xilinx ELF Check'
elfcheck P7_LCD_Test.elf -hw ../../soft_processor_hw_platform/system.xml -pe microblaze_0  |tee "P7_LCD_Test.elf.elfcheck"
elfcheck
Xilinx EDK 14.7 Build EDK_P.20131013
Copyright (c) 1995-2012 Xilinx, Inc.  All rights reserved.

Command Line: elfcheck -hw ../../soft_processor_hw_platform/system.xml -pe
microblaze_0 P7_LCD_Test.elf 

ELF file	: P7_LCD_Test.elf
elfcheck passed.
'Finished building: P7_LCD_Test.elf.elfcheck'
' '
06:25:03 **** Auto Build of configuration Debug for project P7_LCD_Test ****
make all 
make: Nothing to be done for `all'.
06:25:08 **** Auto Build of configuration Debug for project P7_LCD_Test ****
make all 
'Building file: ../src/main.c'
'Invoking: MicroBlaze gcc compiler'
mb-gcc -Wall -O0 -g3 -c -fmessage-length=0 -I../../P7_LCD_Test_bsp/microblaze_0/include -mxl-barrel-shift -mxl-pattern-compare -mcpu=v8.50.c -mno-xl-soft-mul -Wl,--no-relax -ffunction-sections -fdata-sections -MMD -MP -MF"src/main.d" -MT"src/main.d" -o "src/main.o" "../src/main.c"
'Finished building: ../src/main.c'
' '
'Building target: P7_LCD_Test.elf'
'Invoking: MicroBlaze gcc linker'
mb-gcc -Wl,-T -Wl,../src/lscript.ld -L../../P7_LCD_Test_bsp/microblaze_0/lib -mxl-barrel-shift -mxl-pattern-compare -mcpu=v8.50.c -mno-xl-soft-mul -Wl,--no-relax -Wl,--gc-sections -o "P7_LCD_Test.elf"  ./src/main.o   -Wl,--start-group,-lxil,-lgcc,-lc,--end-group
'Finished building target: P7_LCD_Test.elf'
' '
'Invoking: MicroBlaze Print Size'
mb-size P7_LCD_Test.elf  |tee "P7_LCD_Test.elf.size"
   text	   data	    bss	    dec	    hex	filename
   6350	    268	   2108	   8726	   2216	P7_LCD_Test.elf
'Finished building: P7_LCD_Test.elf.size'
' '
'Invoking: Xilinx ELF Check'
elfcheck P7_LCD_Test.elf -hw ../../soft_processor_hw_platform/system.xml -pe microblaze_0  |tee "P7_LCD_Test.elf.elfcheck"
elfcheck
Xilinx EDK 14.7 Build EDK_P.20131013
Copyright (c) 1995-2012 Xilinx, Inc.  All rights reserved.

Command Line: elfcheck -hw ../../soft_processor_hw_platform/system.xml -pe
microblaze_0 P7_LCD_Test.elf 

ELF file	: P7_LCD_Test.elf
elfcheck passed.
'Finished building: P7_LCD_Test.elf.elfcheck'
' '
06:26:27 **** Auto Build of configuration Debug for project P7_LCD_Test ****
make all 
make: Nothing to be done for `all'.
06:26:33 **** Auto Build of configuration Debug for project P7_LCD_Test ****
make all 
'Building file: ../src/main.c'
'Invoking: MicroBlaze gcc compiler'
mb-gcc -Wall -O0 -g3 -c -fmessage-length=0 -I../../P7_LCD_Test_bsp/microblaze_0/include -mxl-barrel-shift -mxl-pattern-compare -mcpu=v8.50.c -mno-xl-soft-mul -Wl,--no-relax -ffunction-sections -fdata-sections -MMD -MP -MF"src/main.d" -MT"src/main.d" -o "src/main.o" "../src/main.c"
'Finished building: ../src/main.c'
' '
'Building target: P7_LCD_Test.elf'
'Invoking: MicroBlaze gcc linker'
mb-gcc -Wl,-T -Wl,../src/lscript.ld -L../../P7_LCD_Test_bsp/microblaze_0/lib -mxl-barrel-shift -mxl-pattern-compare -mcpu=v8.50.c -mno-xl-soft-mul -Wl,--no-relax -Wl,--gc-sections -o "P7_LCD_Test.elf"  ./src/main.o   -Wl,--start-group,-lxil,-lgcc,-lc,--end-group
'Finished building target: P7_LCD_Test.elf'
' '
'Invoking: MicroBlaze Print Size'
mb-size P7_LCD_Test.elf  |tee "P7_LCD_Test.elf.size"
   text	   data	    bss	    dec	    hex	filename
   6350	    268	   2108	   8726	   2216	P7_LCD_Test.elf
'Finished building: P7_LCD_Test.elf.size'
' '
'Invoking: Xilinx ELF Check'
elfcheck P7_LCD_Test.elf -hw ../../soft_processor_hw_platform/system.xml -pe microblaze_0  |tee "P7_LCD_Test.elf.elfcheck"
elfcheck
Xilinx EDK 14.7 Build EDK_P.20131013
Copyright (c) 1995-2012 Xilinx, Inc.  All rights reserved.

Command Line: elfcheck -hw ../../soft_processor_hw_platform/system.xml -pe
microblaze_0 P7_LCD_Test.elf 

ELF file	: P7_LCD_Test.elf
elfcheck passed.
'Finished building: P7_LCD_Test.elf.elfcheck'
' '
06:31:52 **** Auto Build of configuration Debug for project P7_LCD_Test ****
make all 
make: Nothing to be done for `all'.
06:31:56 **** Auto Build of configuration Debug for project P7_LCD_Test ****
make all 
'Building file: ../src/main.c'
'Invoking: MicroBlaze gcc compiler'
mb-gcc -Wall -O0 -g3 -c -fmessage-length=0 -I../../P7_LCD_Test_bsp/microblaze_0/include -mxl-barrel-shift -mxl-pattern-compare -mcpu=v8.50.c -mno-xl-soft-mul -Wl,--no-relax -ffunction-sections -fdata-sections -MMD -MP -MF"src/main.d" -MT"src/main.d" -o "src/main.o" "../src/main.c"
'Finished building: ../src/main.c'
' '
'Building target: P7_LCD_Test.elf'
'Invoking: MicroBlaze gcc linker'
mb-gcc -Wl,-T -Wl,../src/lscript.ld -L../../P7_LCD_Test_bsp/microblaze_0/lib -mxl-barrel-shift -mxl-pattern-compare -mcpu=v8.50.c -mno-xl-soft-mul -Wl,--no-relax -Wl,--gc-sections -o "P7_LCD_Test.elf"  ./src/main.o   -Wl,--start-group,-lxil,-lgcc,-lc,--end-group
'Finished building target: P7_LCD_Test.elf'
' '
'Invoking: MicroBlaze Print Size'
mb-size P7_LCD_Test.elf  |tee "P7_LCD_Test.elf.size"
   text	   data	    bss	    dec	    hex	filename
   6350	    268	   2108	   8726	   2216	P7_LCD_Test.elf
'Finished building: P7_LCD_Test.elf.size'
' '
'Invoking: Xilinx ELF Check'
elfcheck P7_LCD_Test.elf -hw ../../soft_processor_hw_platform/system.xml -pe microblaze_0  |tee "P7_LCD_Test.elf.elfcheck"
elfcheck
Xilinx EDK 14.7 Build EDK_P.20131013
Copyright (c) 1995-2012 Xilinx, Inc.  All rights reserved.

Command Line: elfcheck -hw ../../soft_processor_hw_platform/system.xml -pe
microblaze_0 P7_LCD_Test.elf 

ELF file	: P7_LCD_Test.elf
elfcheck passed.
'Finished building: P7_LCD_Test.elf.elfcheck'
' '
06:35:10 **** Auto Build of configuration Debug for project P7_LCD_Test ****
make all 
'Building file: ../src/main.c'
'Invoking: MicroBlaze gcc compiler'
mb-gcc -Wall -O0 -g3 -c -fmessage-length=0 -I../../P7_LCD_Test_bsp/microblaze_0/include -mxl-barrel-shift -mxl-pattern-compare -mcpu=v8.50.c -mno-xl-soft-mul -Wl,--no-relax -ffunction-sections -fdata-sections -MMD -MP -MF"src/main.d" -MT"src/main.d" -o "src/main.o" "../src/main.c"
'Finished building: ../src/main.c'
' '
'Building target: P7_LCD_Test.elf'
'Invoking: MicroBlaze gcc linker'
mb-gcc -Wl,-T -Wl,../src/lscript.ld -L../../P7_LCD_Test_bsp/microblaze_0/lib -mxl-barrel-shift -mxl-pattern-compare -mcpu=v8.50.c -mno-xl-soft-mul -Wl,--no-relax -Wl,--gc-sections -o "P7_LCD_Test.elf"  ./src/main.o   -Wl,--start-group,-lxil,-lgcc,-lc,--end-group
'Finished building target: P7_LCD_Test.elf'
' '
'Invoking: MicroBlaze Print Size'
mb-size P7_LCD_Test.elf  |tee "P7_LCD_Test.elf.size"
   text	   data	    bss	    dec	    hex	filename
   6366	    268	   2108	   8742	   2226	P7_LCD_Test.elf
'Finished building: P7_LCD_Test.elf.size'
' '
'Invoking: Xilinx ELF Check'
elfcheck P7_LCD_Test.elf -hw ../../soft_processor_hw_platform/system.xml -pe microblaze_0  |tee "P7_LCD_Test.elf.elfcheck"
elfcheck
Xilinx EDK 14.7 Build EDK_P.20131013
Copyright (c) 1995-2012 Xilinx, Inc.  All rights reserved.

Command Line: elfcheck -hw ../../soft_processor_hw_platform/system.xml -pe
microblaze_0 P7_LCD_Test.elf 

ELF file	: P7_LCD_Test.elf
elfcheck passed.
'Finished building: P7_LCD_Test.elf.elfcheck'
' '
06:36:10 **** Auto Build of configuration Debug for project P7_LCD_Test ****
make all 
make: Nothing to be done for `all'.
06:36:16 **** Auto Build of configuration Debug for project P7_LCD_Test ****
make all 
'Building file: ../src/main.c'
'Invoking: MicroBlaze gcc compiler'
mb-gcc -Wall -O0 -g3 -c -fmessage-length=0 -I../../P7_LCD_Test_bsp/microblaze_0/include -mxl-barrel-shift -mxl-pattern-compare -mcpu=v8.50.c -mno-xl-soft-mul -Wl,--no-relax -ffunction-sections -fdata-sections -MMD -MP -MF"src/main.d" -MT"src/main.d" -o "src/main.o" "../src/main.c"
'Finished building: ../src/main.c'
' '
'Building target: P7_LCD_Test.elf'
'Invoking: MicroBlaze gcc linker'
mb-gcc -Wl,-T -Wl,../src/lscript.ld -L../../P7_LCD_Test_bsp/microblaze_0/lib -mxl-barrel-shift -mxl-pattern-compare -mcpu=v8.50.c -mno-xl-soft-mul -Wl,--no-relax -Wl,--gc-sections -o "P7_LCD_Test.elf"  ./src/main.o   -Wl,--start-group,-lxil,-lgcc,-lc,--end-group
'Finished building target: P7_LCD_Test.elf'
' '
'Invoking: MicroBlaze Print Size'
mb-size P7_LCD_Test.elf  |tee "P7_LCD_Test.elf.size"
   text	   data	    bss	    dec	    hex	filename
   6366	    268	   2108	   8742	   2226	P7_LCD_Test.elf
'Finished building: P7_LCD_Test.elf.size'
' '
'Invoking: Xilinx ELF Check'
elfcheck P7_LCD_Test.elf -hw ../../soft_processor_hw_platform/system.xml -pe microblaze_0  |tee "P7_LCD_Test.elf.elfcheck"
elfcheck
Xilinx EDK 14.7 Build EDK_P.20131013
Copyright (c) 1995-2012 Xilinx, Inc.  All rights reserved.

Command Line: elfcheck -hw ../../soft_processor_hw_platform/system.xml -pe
microblaze_0 P7_LCD_Test.elf 

ELF file	: P7_LCD_Test.elf
elfcheck passed.
'Finished building: P7_LCD_Test.elf.elfcheck'
' '
06:36:51 **** Incremental Build of configuration Debug for project P7_LCD_Test ****
make all 
make: Nothing to be done for `all'.
06:37:04 **** Incremental Build of configuration Debug for project P7_LCD_Test ****
make all 
make: Nothing to be done for `all'.
06:38:05 **** Auto Build of configuration Debug for project P7_LCD_Test ****
make all 
make: Nothing to be done for `all'.
06:38:17 **** Auto Build of configuration Debug for project P7_LCD_Test ****
make all 
'Building file: ../src/main.c'
'Invoking: MicroBlaze gcc compiler'
mb-gcc -Wall -O0 -g3 -c -fmessage-length=0 -I../../P7_LCD_Test_bsp/microblaze_0/include -mxl-barrel-shift -mxl-pattern-compare -mcpu=v8.50.c -mno-xl-soft-mul -Wl,--no-relax -ffunction-sections -fdata-sections -MMD -MP -MF"src/main.d" -MT"src/main.d" -o "src/main.o" "../src/main.c"
'Finished building: ../src/main.c'
' '
'Building target: P7_LCD_Test.elf'
'Invoking: MicroBlaze gcc linker'
mb-gcc -Wl,-T -Wl,../src/lscript.ld -L../../P7_LCD_Test_bsp/microblaze_0/lib -mxl-barrel-shift -mxl-pattern-compare -mcpu=v8.50.c -mno-xl-soft-mul -Wl,--no-relax -Wl,--gc-sections -o "P7_LCD_Test.elf"  ./src/main.o   -Wl,--start-group,-lxil,-lgcc,-lc,--end-group
'Finished building target: P7_LCD_Test.elf'
' '
'Invoking: MicroBlaze Print Size'
mb-size P7_LCD_Test.elf  |tee "P7_LCD_Test.elf.size"
   text	   data	    bss	    dec	    hex	filename
   6406	    268	   2108	   8782	   224e	P7_LCD_Test.elf
'Finished building: P7_LCD_Test.elf.size'
' '
'Invoking: Xilinx ELF Check'
elfcheck P7_LCD_Test.elf -hw ../../soft_processor_hw_platform/system.xml -pe microblaze_0  |tee "P7_LCD_Test.elf.elfcheck"
elfcheck
Xilinx EDK 14.7 Build EDK_P.20131013
Copyright (c) 1995-2012 Xilinx, Inc.  All rights reserved.

Command Line: elfcheck -hw ../../soft_processor_hw_platform/system.xml -pe
microblaze_0 P7_LCD_Test.elf 

ELF file	: P7_LCD_Test.elf
elfcheck passed.
'Finished building: P7_LCD_Test.elf.elfcheck'
' '
06:39:23 **** Auto Build of configuration Debug for project P7_LCD_Test ****
make all 
'Building file: ../src/main.c'
'Invoking: MicroBlaze gcc compiler'
mb-gcc -Wall -O0 -g3 -c -fmessage-length=0 -I../../P7_LCD_Test_bsp/microblaze_0/include -mxl-barrel-shift -mxl-pattern-compare -mcpu=v8.50.c -mno-xl-soft-mul -Wl,--no-relax -ffunction-sections -fdata-sections -MMD -MP -MF"src/main.d" -MT"src/main.d" -o "src/main.o" "../src/main.c"
'Finished building: ../src/main.c'
' '
'Building target: P7_LCD_Test.elf'
'Invoking: MicroBlaze gcc linker'
mb-gcc -Wl,-T -Wl,../src/lscript.ld -L../../P7_LCD_Test_bsp/microblaze_0/lib -mxl-barrel-shift -mxl-pattern-compare -mcpu=v8.50.c -mno-xl-soft-mul -Wl,--no-relax -Wl,--gc-sections -o "P7_LCD_Test.elf"  ./src/main.o   -Wl,--start-group,-lxil,-lgcc,-lc,--end-group
'Finished building target: P7_LCD_Test.elf'
' '
'Invoking: MicroBlaze Print Size'
mb-size P7_LCD_Test.elf  |tee "P7_LCD_Test.elf.size"
   text	   data	    bss	    dec	    hex	filename
   6366	    268	   2108	   8742	   2226	P7_LCD_Test.elf
'Finished building: P7_LCD_Test.elf.size'
' '
'Invoking: Xilinx ELF Check'
elfcheck P7_LCD_Test.elf -hw ../../soft_processor_hw_platform/system.xml -pe microblaze_0  |tee "P7_LCD_Test.elf.elfcheck"
elfcheck
Xilinx EDK 14.7 Build EDK_P.20131013
Copyright (c) 1995-2012 Xilinx, Inc.  All rights reserved.

Command Line: elfcheck -hw ../../soft_processor_hw_platform/system.xml -pe
microblaze_0 P7_LCD_Test.elf 

ELF file	: P7_LCD_Test.elf
elfcheck passed.
'Finished building: P7_LCD_Test.elf.elfcheck'
' '
06:41:45 **** Auto Build of configuration Debug for project P7_LCD_Test ****
make all 
make: Nothing to be done for `all'.
06:41:52 **** Auto Build of configuration Debug for project P7_LCD_Test ****
make all 
'Building file: ../src/main.c'
'Invoking: MicroBlaze gcc compiler'
mb-gcc -Wall -O0 -g3 -c -fmessage-length=0 -I../../P7_LCD_Test_bsp/microblaze_0/include -mxl-barrel-shift -mxl-pattern-compare -mcpu=v8.50.c -mno-xl-soft-mul -Wl,--no-relax -ffunction-sections -fdata-sections -MMD -MP -MF"src/main.d" -MT"src/main.d" -o "src/main.o" "../src/main.c"
'Finished building: ../src/main.c'
' '
'Building target: P7_LCD_Test.elf'
'Invoking: MicroBlaze gcc linker'
mb-gcc -Wl,-T -Wl,../src/lscript.ld -L../../P7_LCD_Test_bsp/microblaze_0/lib -mxl-barrel-shift -mxl-pattern-compare -mcpu=v8.50.c -mno-xl-soft-mul -Wl,--no-relax -Wl,--gc-sections -o "P7_LCD_Test.elf"  ./src/main.o   -Wl,--start-group,-lxil,-lgcc,-lc,--end-group
'Finished building target: P7_LCD_Test.elf'
' '
'Invoking: MicroBlaze Print Size'
mb-size P7_LCD_Test.elf  |tee "P7_LCD_Test.elf.size"
   text	   data	    bss	    dec	    hex	filename
   6346	    268	   2114	   8728	   2218	P7_LCD_Test.elf
'Finished building: P7_LCD_Test.elf.size'
' '
'Invoking: Xilinx ELF Check'
elfcheck P7_LCD_Test.elf -hw ../../soft_processor_hw_platform/system.xml -pe microblaze_0  |tee "P7_LCD_Test.elf.elfcheck"
elfcheck
Xilinx EDK 14.7 Build EDK_P.20131013
Copyright (c) 1995-2012 Xilinx, Inc.  All rights reserved.

Command Line: elfcheck -hw ../../soft_processor_hw_platform/system.xml -pe
microblaze_0 P7_LCD_Test.elf 

ELF file	: P7_LCD_Test.elf
elfcheck passed.
'Finished building: P7_LCD_Test.elf.elfcheck'
' '
06:43:28 **** Auto Build of configuration Debug for project P7_LCD_Test ****
make all 
make: Nothing to be done for `all'.
06:43:29 **** Auto Build of configuration Debug for project P7_LCD_Test ****
make all 
'Building file: ../src/main.c'
'Invoking: MicroBlaze gcc compiler'
mb-gcc -Wall -O0 -g3 -c -fmessage-length=0 -I../../P7_LCD_Test_bsp/microblaze_0/include -mxl-barrel-shift -mxl-pattern-compare -mcpu=v8.50.c -mno-xl-soft-mul -Wl,--no-relax -ffunction-sections -fdata-sections -MMD -MP -MF"src/main.d" -MT"src/main.d" -o "src/main.o" "../src/main.c"
'Finished building: ../src/main.c'
' '
'Building target: P7_LCD_Test.elf'
'Invoking: MicroBlaze gcc linker'
mb-gcc -Wl,-T -Wl,../src/lscript.ld -L../../P7_LCD_Test_bsp/microblaze_0/lib -mxl-barrel-shift -mxl-pattern-compare -mcpu=v8.50.c -mno-xl-soft-mul -Wl,--no-relax -Wl,--gc-sections -o "P7_LCD_Test.elf"  ./src/main.o   -Wl,--start-group,-lxil,-lgcc,-lc,--end-group
'Finished building target: P7_LCD_Test.elf'
' '
'Invoking: MicroBlaze Print Size'
mb-size P7_LCD_Test.elf  |tee "P7_LCD_Test.elf.size"
   text	   data	    bss	    dec	    hex	filename
   6366	    268	   2108	   8742	   2226	P7_LCD_Test.elf
'Finished building: P7_LCD_Test.elf.size'
' '
'Invoking: Xilinx ELF Check'
elfcheck P7_LCD_Test.elf -hw ../../soft_processor_hw_platform/system.xml -pe microblaze_0  |tee "P7_LCD_Test.elf.elfcheck"
elfcheck
Xilinx EDK 14.7 Build EDK_P.20131013
Copyright (c) 1995-2012 Xilinx, Inc.  All rights reserved.

Command Line: elfcheck -hw ../../soft_processor_hw_platform/system.xml -pe
microblaze_0 P7_LCD_Test.elf 

ELF file	: P7_LCD_Test.elf
elfcheck passed.
'Finished building: P7_LCD_Test.elf.elfcheck'
' '
06:44:40 **** Auto Build of configuration Debug for project P7_LCD_Test ****
make all 
make: Nothing to be done for `all'.
06:44:47 **** Auto Build of configuration Debug for project P7_LCD_Test ****
make all 
'Building file: ../src/main.c'
'Invoking: MicroBlaze gcc compiler'
mb-gcc -Wall -O0 -g3 -c -fmessage-length=0 -I../../P7_LCD_Test_bsp/microblaze_0/include -mxl-barrel-shift -mxl-pattern-compare -mcpu=v8.50.c -mno-xl-soft-mul -Wl,--no-relax -ffunction-sections -fdata-sections -MMD -MP -MF"src/main.d" -MT"src/main.d" -o "src/main.o" "../src/main.c"
../src/main.c: In function 'main':
../src/main.c:21:2: warning: pointer targets in passing argument 1 of 'lcd_puts' differ in signedness [-Wpointer-sign]
../src/lcd.h:49:6: note: expected 'uint8_t *' but argument is of type 'char *'
../src/main.c:30:3: warning: pointer targets in passing argument 1 of 'lcd_puts' differ in signedness [-Wpointer-sign]
../src/lcd.h:49:6: note: expected 'uint8_t *' but argument is of type 'char *'
'Finished building: ../src/main.c'
' '
'Building target: P7_LCD_Test.elf'
'Invoking: MicroBlaze gcc linker'
mb-gcc -Wl,-T -Wl,../src/lscript.ld -L../../P7_LCD_Test_bsp/microblaze_0/lib -mxl-barrel-shift -mxl-pattern-compare -mcpu=v8.50.c -mno-xl-soft-mul -Wl,--no-relax -Wl,--gc-sections -o "P7_LCD_Test.elf"  ./src/main.o   -Wl,--start-group,-lxil,-lgcc,-lc,--end-group
'Finished building target: P7_LCD_Test.elf'
' '
'Invoking: MicroBlaze Print Size'
mb-size P7_LCD_Test.elf  |tee "P7_LCD_Test.elf.size"
   text	   data	    bss	    dec	    hex	filename
   6226	    268	   2114	   8608	   21a0	P7_LCD_Test.elf
'Finished building: P7_LCD_Test.elf.size'
' '
'Invoking: Xilinx ELF Check'
elfcheck P7_LCD_Test.elf -hw ../../soft_processor_hw_platform/system.xml -pe microblaze_0  |tee "P7_LCD_Test.elf.elfcheck"
elfcheck
Xilinx EDK 14.7 Build EDK_P.20131013
Copyright (c) 1995-2012 Xilinx, Inc.  All rights reserved.

Command Line: elfcheck -hw ../../soft_processor_hw_platform/system.xml -pe
microblaze_0 P7_LCD_Test.elf 

ELF file	: P7_LCD_Test.elf
elfcheck passed.
'Finished building: P7_LCD_Test.elf.elfcheck'
' '
06:45:41 **** Auto Build of configuration Debug for project P7_LCD_Test ****
make all 
make: Nothing to be done for `all'.
06:45:42 **** Auto Build of configuration Debug for project P7_LCD_Test ****
make all 
'Building file: ../src/main.c'
'Invoking: MicroBlaze gcc compiler'
mb-gcc -Wall -O0 -g3 -c -fmessage-length=0 -I../../P7_LCD_Test_bsp/microblaze_0/include -mxl-barrel-shift -mxl-pattern-compare -mcpu=v8.50.c -mno-xl-soft-mul -Wl,--no-relax -ffunction-sections -fdata-sections -MMD -MP -MF"src/main.d" -MT"src/main.d" -o "src/main.o" "../src/main.c"
'Finished building: ../src/main.c'
' '
'Building target: P7_LCD_Test.elf'
'Invoking: MicroBlaze gcc linker'
mb-gcc -Wl,-T -Wl,../src/lscript.ld -L../../P7_LCD_Test_bsp/microblaze_0/lib -mxl-barrel-shift -mxl-pattern-compare -mcpu=v8.50.c -mno-xl-soft-mul -Wl,--no-relax -Wl,--gc-sections -o "P7_LCD_Test.elf"  ./src/main.o   -Wl,--start-group,-lxil,-lgcc,-lc,--end-group
'Finished building target: P7_LCD_Test.elf'
' '
'Invoking: MicroBlaze Print Size'
mb-size P7_LCD_Test.elf  |tee "P7_LCD_Test.elf.size"
   text	   data	    bss	    dec	    hex	filename
   6218	    268	   2114	   8600	   2198	P7_LCD_Test.elf
'Finished building: P7_LCD_Test.elf.size'
' '
'Invoking: Xilinx ELF Check'
elfcheck P7_LCD_Test.elf -hw ../../soft_processor_hw_platform/system.xml -pe microblaze_0  |tee "P7_LCD_Test.elf.elfcheck"
elfcheck
Xilinx EDK 14.7 Build EDK_P.20131013
Copyright (c) 1995-2012 Xilinx, Inc.  All rights reserved.

Command Line: elfcheck -hw ../../soft_processor_hw_platform/system.xml -pe
microblaze_0 P7_LCD_Test.elf 

ELF file	: P7_LCD_Test.elf
elfcheck passed.
'Finished building: P7_LCD_Test.elf.elfcheck'
' '
06:46:16 **** Auto Build of configuration Debug for project P7_LCD_Test ****
make all 
make: Nothing to be done for `all'.
