12:36:33 **** Incremental Build of configuration Debug for project P7_Timer_7Seg ****
make all 
make: Nothing to be done for `all'.
12:36:44 **** Auto Build of project P7_Timer_7Seg_bsp ****
make -k all 
'Finished building libraries'
12:36:45 **** Auto Build of configuration Debug for project P7_Timer_7Seg ****
make all 
'Building file: ../src/main.c'
'Invoking: MicroBlaze gcc compiler'
mb-gcc -Wall -O0 -g3 -c -fmessage-length=0 -I../../P7_Timer_7Seg_bsp/microblaze_0/include -mxl-barrel-shift -mxl-pattern-compare -mcpu=v8.50.c -mno-xl-soft-mul -Wl,--no-relax -ffunction-sections -fdata-sections -MMD -MP -MF"src/main.d" -MT"src/main.d" -o "src/main.o" "../src/main.c"
'Finished building: ../src/main.c'
' '
'Building target: P7_Timer_7Seg.elf'
'Invoking: MicroBlaze gcc linker'
mb-gcc -Wl,-T -Wl,../src/lscript.ld -L../../P7_Timer_7Seg_bsp/microblaze_0/lib -mxl-barrel-shift -mxl-pattern-compare -mcpu=v8.50.c -mno-xl-soft-mul -Wl,--no-relax -Wl,--gc-sections -o "P7_Timer_7Seg.elf"  ./src/main.o   -Wl,--start-group,-lxil,-lgcc,-lc,--end-group
'Finished building target: P7_Timer_7Seg.elf'
' '
'Invoking: MicroBlaze Print Size'
mb-size P7_Timer_7Seg.elf  |tee "P7_Timer_7Seg.elf.size"
   text	   data	    bss	    dec	    hex	filename
   6112	    332	   2284	   8728	   2218	P7_Timer_7Seg.elf
'Finished building: P7_Timer_7Seg.elf.size'
' '
'Invoking: Xilinx ELF Check'
elfcheck P7_Timer_7Seg.elf -hw ../../soft_processor_hw_platform/system.xml -pe microblaze_0  |tee "P7_Timer_7Seg.elf.elfcheck"
elfcheck
Xilinx EDK 14.7 Build EDK_P.20131013
Copyright (c) 1995-2012 Xilinx, Inc.  All rights reserved.

Command Line: elfcheck -hw ../../soft_processor_hw_platform/system.xml -pe
microblaze_0 P7_Timer_7Seg.elf 

ELF file	: P7_Timer_7Seg.elf
elfcheck passed.
'Finished building: P7_Timer_7Seg.elf.elfcheck'
' '
12:36:52 **** Auto Build of project P7_Timer_7Seg_bsp ****
make -k all 
'Finished building libraries'
12:38:09 **** Auto Build of configuration Debug for project P7_Timer_7Seg ****
make all 
'Building file: ../src/main.c'
'Invoking: MicroBlaze gcc compiler'
mb-gcc -Wall -O0 -g3 -c -fmessage-length=0 -I../../P7_Timer_7Seg_bsp/microblaze_0/include -mxl-barrel-shift -mxl-pattern-compare -mcpu=v8.50.c -mno-xl-soft-mul -Wl,--no-relax -ffunction-sections -fdata-sections -MMD -MP -MF"src/main.d" -MT"src/main.d" -o "src/main.o" "../src/main.c"
'Finished building: ../src/main.c'
' '
'Building target: P7_Timer_7Seg.elf'
'Invoking: MicroBlaze gcc linker'
mb-gcc -Wl,-T -Wl,../src/lscript.ld -L../../P7_Timer_7Seg_bsp/microblaze_0/lib -mxl-barrel-shift -mxl-pattern-compare -mcpu=v8.50.c -mno-xl-soft-mul -Wl,--no-relax -Wl,--gc-sections -o "P7_Timer_7Seg.elf"  ./src/main.o   -Wl,--start-group,-lxil,-lgcc,-lc,--end-group
'Finished building target: P7_Timer_7Seg.elf'
' '
'Invoking: MicroBlaze Print Size'
mb-size P7_Timer_7Seg.elf  |tee "P7_Timer_7Seg.elf.size"
   text	   data	    bss	    dec	    hex	filename
   6384	    332	   2284	   9000	   2328	P7_Timer_7Seg.elf
'Finished building: P7_Timer_7Seg.elf.size'
' '
'Invoking: Xilinx ELF Check'
elfcheck P7_Timer_7Seg.elf -hw ../../soft_processor_hw_platform/system.xml -pe microblaze_0  |tee "P7_Timer_7Seg.elf.elfcheck"
elfcheck
Xilinx EDK 14.7 Build EDK_P.20131013
Copyright (c) 1995-2012 Xilinx, Inc.  All rights reserved.

Command Line: elfcheck -hw ../../soft_processor_hw_platform/system.xml -pe
microblaze_0 P7_Timer_7Seg.elf 

ELF file	: P7_Timer_7Seg.elf
elfcheck passed.
'Finished building: P7_Timer_7Seg.elf.elfcheck'
' '
12:38:24 **** Auto Build of project P7_Timer_7Seg_bsp ****
make -k all 
'Finished building libraries'
12:38:42 **** Auto Build of configuration Debug for project P7_Timer_7Seg ****
make all 
'Building file: ../src/main.c'
'Invoking: MicroBlaze gcc compiler'
mb-gcc -Wall -O0 -g3 -c -fmessage-length=0 -I../../P7_Timer_7Seg_bsp/microblaze_0/include -mxl-barrel-shift -mxl-pattern-compare -mcpu=v8.50.c -mno-xl-soft-mul -Wl,--no-relax -ffunction-sections -fdata-sections -MMD -MP -MF"src/main.d" -MT"src/main.d" -o "src/main.o" "../src/main.c"
'Finished building: ../src/main.c'
' '
'Building target: P7_Timer_7Seg.elf'
'Invoking: MicroBlaze gcc linker'
mb-gcc -Wl,-T -Wl,../src/lscript.ld -L../../P7_Timer_7Seg_bsp/microblaze_0/lib -mxl-barrel-shift -mxl-pattern-compare -mcpu=v8.50.c -mno-xl-soft-mul -Wl,--no-relax -Wl,--gc-sections -o "P7_Timer_7Seg.elf"  ./src/main.o   -Wl,--start-group,-lxil,-lgcc,-lc,--end-group
'Finished building target: P7_Timer_7Seg.elf'
' '
'Invoking: MicroBlaze Print Size'
mb-size P7_Timer_7Seg.elf  |tee "P7_Timer_7Seg.elf.size"
   text	   data	    bss	    dec	    hex	filename
   6652	    332	   2288	   9272	   2438	P7_Timer_7Seg.elf
'Finished building: P7_Timer_7Seg.elf.size'
' '
'Invoking: Xilinx ELF Check'
elfcheck P7_Timer_7Seg.elf -hw ../../soft_processor_hw_platform/system.xml -pe microblaze_0  |tee "P7_Timer_7Seg.elf.elfcheck"
elfcheck
Xilinx EDK 14.7 Build EDK_P.20131013
Copyright (c) 1995-2012 Xilinx, Inc.  All rights reserved.

Command Line: elfcheck -hw ../../soft_processor_hw_platform/system.xml -pe
microblaze_0 P7_Timer_7Seg.elf 

ELF file	: P7_Timer_7Seg.elf
elfcheck passed.
'Finished building: P7_Timer_7Seg.elf.elfcheck'
' '
12:38:50 **** Auto Build of project P7_Timer_7Seg_bsp ****
make -k all 
'Finished building libraries'
12:39:03 **** Auto Build of configuration Debug for project P7_Timer_7Seg ****
make all 
'Building file: ../src/main.c'
'Invoking: MicroBlaze gcc compiler'
mb-gcc -Wall -O0 -g3 -c -fmessage-length=0 -I../../P7_Timer_7Seg_bsp/microblaze_0/include -mxl-barrel-shift -mxl-pattern-compare -mcpu=v8.50.c -mno-xl-soft-mul -Wl,--no-relax -ffunction-sections -fdata-sections -MMD -MP -MF"src/main.d" -MT"src/main.d" -o "src/main.o" "../src/main.c"
'Finished building: ../src/main.c'
' '
'Building target: P7_Timer_7Seg.elf'
'Invoking: MicroBlaze gcc linker'
mb-gcc -Wl,-T -Wl,../src/lscript.ld -L../../P7_Timer_7Seg_bsp/microblaze_0/lib -mxl-barrel-shift -mxl-pattern-compare -mcpu=v8.50.c -mno-xl-soft-mul -Wl,--no-relax -Wl,--gc-sections -o "P7_Timer_7Seg.elf"  ./src/main.o   -Wl,--start-group,-lxil,-lgcc,-lc,--end-group
'Finished building target: P7_Timer_7Seg.elf'
' '
'Invoking: MicroBlaze Print Size'
mb-size P7_Timer_7Seg.elf  |tee "P7_Timer_7Seg.elf.size"
   text	   data	    bss	    dec	    hex	filename
   6384	    332	   2284	   9000	   2328	P7_Timer_7Seg.elf
'Finished building: P7_Timer_7Seg.elf.size'
' '
'Invoking: Xilinx ELF Check'
elfcheck P7_Timer_7Seg.elf -hw ../../soft_processor_hw_platform/system.xml -pe microblaze_0  |tee "P7_Timer_7Seg.elf.elfcheck"
elfcheck
Xilinx EDK 14.7 Build EDK_P.20131013
Copyright (c) 1995-2012 Xilinx, Inc.  All rights reserved.

Command Line: elfcheck -hw ../../soft_processor_hw_platform/system.xml -pe
microblaze_0 P7_Timer_7Seg.elf 

ELF file	: P7_Timer_7Seg.elf
elfcheck passed.
'Finished building: P7_Timer_7Seg.elf.elfcheck'
' '
12:42:48 **** Auto Build of configuration Debug for project P7_Timer_7Seg ****
make all 
'Building file: ../src/main.c'
'Invoking: MicroBlaze gcc compiler'
mb-gcc -Wall -O0 -g3 -c -fmessage-length=0 -I../../P7_Timer_7Seg_bsp/microblaze_0/include -mxl-barrel-shift -mxl-pattern-compare -mcpu=v8.50.c -mno-xl-soft-mul -Wl,--no-relax -ffunction-sections -fdata-sections -MMD -MP -MF"src/main.d" -MT"src/main.d" -o "src/main.o" "../src/main.c"
'Finished building: ../src/main.c'
' '
'Building target: P7_Timer_7Seg.elf'
'Invoking: MicroBlaze gcc linker'
mb-gcc -Wl,-T -Wl,../src/lscript.ld -L../../P7_Timer_7Seg_bsp/microblaze_0/lib -mxl-barrel-shift -mxl-pattern-compare -mcpu=v8.50.c -mno-xl-soft-mul -Wl,--no-relax -Wl,--gc-sections -o "P7_Timer_7Seg.elf"  ./src/main.o   -Wl,--start-group,-lxil,-lgcc,-lc,--end-group
'Finished building target: P7_Timer_7Seg.elf'
' '
'Invoking: MicroBlaze Print Size'
mb-size P7_Timer_7Seg.elf  |tee "P7_Timer_7Seg.elf.size"
   text	   data	    bss	    dec	    hex	filename
   6816	    332	   2284	   9432	   24d8	P7_Timer_7Seg.elf
'Finished building: P7_Timer_7Seg.elf.size'
' '
'Invoking: Xilinx ELF Check'
elfcheck P7_Timer_7Seg.elf -hw ../../soft_processor_hw_platform/system.xml -pe microblaze_0  |tee "P7_Timer_7Seg.elf.elfcheck"
elfcheck
Xilinx EDK 14.7 Build EDK_P.20131013
Copyright (c) 1995-2012 Xilinx, Inc.  All rights reserved.

Command Line: elfcheck -hw ../../soft_processor_hw_platform/system.xml -pe
microblaze_0 P7_Timer_7Seg.elf 

ELF file	: P7_Timer_7Seg.elf
elfcheck passed.
'Finished building: P7_Timer_7Seg.elf.elfcheck'
' '
12:43:08 **** Auto Build of project P7_Timer_7Seg_bsp ****
make -k all 
'Finished building libraries'
12:44:24 **** Auto Build of configuration Debug for project P7_Timer_7Seg ****
make all 
'Building file: ../src/main.c'
'Invoking: MicroBlaze gcc compiler'
mb-gcc -Wall -O0 -g3 -c -fmessage-length=0 -I../../P7_Timer_7Seg_bsp/microblaze_0/include -mxl-barrel-shift -mxl-pattern-compare -mcpu=v8.50.c -mno-xl-soft-mul -Wl,--no-relax -ffunction-sections -fdata-sections -MMD -MP -MF"src/main.d" -MT"src/main.d" -o "src/main.o" "../src/main.c"
../src/main.c: In function 'main':
../src/main.c:38:2: warning: implicit declaration of function 'TmrCtrSetupIntrSystem' [-Wimplicit-function-declaration]
'Finished building: ../src/main.c'
' '
'Building target: P7_Timer_7Seg.elf'
'Invoking: MicroBlaze gcc linker'
mb-gcc -Wl,-T -Wl,../src/lscript.ld -L../../P7_Timer_7Seg_bsp/microblaze_0/lib -mxl-barrel-shift -mxl-pattern-compare -mcpu=v8.50.c -mno-xl-soft-mul -Wl,--no-relax -Wl,--gc-sections -o "P7_Timer_7Seg.elf"  ./src/main.o   -Wl,--start-group,-lxil,-lgcc,-lc,--end-group
./src/main.o: In function `main':
C:\Users\lpcarm\Desktop\FPGA_BOOK\P18_MicroBlaze\SDK_workspace\P7_Timer_7Seg\Debug/../src/main.c:121: undefined reference to `TmrCtrSetupIntrSystem'
collect2: ld returned 1 exit status
make: *** [P7_Timer_7Seg.elf] Error 1
12:46:30 **** Auto Build of configuration Debug for project P7_Timer_7Seg ****
make all 
'Building file: ../src/main.c'
'Invoking: MicroBlaze gcc compiler'
mb-gcc -Wall -O0 -g3 -c -fmessage-length=0 -I../../P7_Timer_7Seg_bsp/microblaze_0/include -mxl-barrel-shift -mxl-pattern-compare -mcpu=v8.50.c -mno-xl-soft-mul -Wl,--no-relax -ffunction-sections -fdata-sections -MMD -MP -MF"src/main.d" -MT"src/main.d" -o "src/main.o" "../src/main.c"
../src/main.c: In function 'main':
../src/main.c:42:7: error: expected expression before 'void'
../src/main.c:42:7: error: too few arguments to function 'XIntc_Connect'
../../P7_Timer_7Seg_bsp/microblaze_0/include/xintc.h:307:5: note: declared here
make: *** [src/main.o] Error 1
12:46:46 **** Auto Build of configuration Debug for project P7_Timer_7Seg ****
make all 
'Building file: ../src/main.c'
'Invoking: MicroBlaze gcc compiler'
mb-gcc -Wall -O0 -g3 -c -fmessage-length=0 -I../../P7_Timer_7Seg_bsp/microblaze_0/include -mxl-barrel-shift -mxl-pattern-compare -mcpu=v8.50.c -mno-xl-soft-mul -Wl,--no-relax -ffunction-sections -fdata-sections -MMD -MP -MF"src/main.d" -MT"src/main.d" -o "src/main.o" "../src/main.c"
'Finished building: ../src/main.c'
' '
'Building target: P7_Timer_7Seg.elf'
'Invoking: MicroBlaze gcc linker'
mb-gcc -Wl,-T -Wl,../src/lscript.ld -L../../P7_Timer_7Seg_bsp/microblaze_0/lib -mxl-barrel-shift -mxl-pattern-compare -mcpu=v8.50.c -mno-xl-soft-mul -Wl,--no-relax -Wl,--gc-sections -o "P7_Timer_7Seg.elf"  ./src/main.o   -Wl,--start-group,-lxil,-lgcc,-lc,--end-group
'Finished building target: P7_Timer_7Seg.elf'
' '
'Invoking: MicroBlaze Print Size'
mb-size P7_Timer_7Seg.elf  |tee "P7_Timer_7Seg.elf.size"
   text	   data	    bss	    dec	    hex	filename
   6544	    332	   2284	   9160	   23c8	P7_Timer_7Seg.elf
'Finished building: P7_Timer_7Seg.elf.size'
' '
'Invoking: Xilinx ELF Check'
elfcheck P7_Timer_7Seg.elf -hw ../../soft_processor_hw_platform/system.xml -pe microblaze_0  |tee "P7_Timer_7Seg.elf.elfcheck"
elfcheck
Xilinx EDK 14.7 Build EDK_P.20131013
Copyright (c) 1995-2012 Xilinx, Inc.  All rights reserved.

Command Line: elfcheck -hw ../../soft_processor_hw_platform/system.xml -pe
microblaze_0 P7_Timer_7Seg.elf 

ELF file	: P7_Timer_7Seg.elf
elfcheck passed.
'Finished building: P7_Timer_7Seg.elf.elfcheck'
' '
12:47:21 **** Auto Build of configuration Debug for project P7_Timer_7Seg ****
make all 
'Building file: ../src/main.c'
'Invoking: MicroBlaze gcc compiler'
mb-gcc -Wall -O0 -g3 -c -fmessage-length=0 -I../../P7_Timer_7Seg_bsp/microblaze_0/include -mxl-barrel-shift -mxl-pattern-compare -mcpu=v8.50.c -mno-xl-soft-mul -Wl,--no-relax -ffunction-sections -fdata-sections -MMD -MP -MF"src/main.d" -MT"src/main.d" -o "src/main.o" "../src/main.c"
'Finished building: ../src/main.c'
' '
'Building target: P7_Timer_7Seg.elf'
'Invoking: MicroBlaze gcc linker'
mb-gcc -Wl,-T -Wl,../src/lscript.ld -L../../P7_Timer_7Seg_bsp/microblaze_0/lib -mxl-barrel-shift -mxl-pattern-compare -mcpu=v8.50.c -mno-xl-soft-mul -Wl,--no-relax -Wl,--gc-sections -o "P7_Timer_7Seg.elf"  ./src/main.o   -Wl,--start-group,-lxil,-lgcc,-lc,--end-group
'Finished building target: P7_Timer_7Seg.elf'
' '
'Invoking: MicroBlaze Print Size'
mb-size P7_Timer_7Seg.elf  |tee "P7_Timer_7Seg.elf.size"
   text	   data	    bss	    dec	    hex	filename
   6548	    332	   2288	   9168	   23d0	P7_Timer_7Seg.elf
'Finished building: P7_Timer_7Seg.elf.size'
' '
'Invoking: Xilinx ELF Check'
elfcheck P7_Timer_7Seg.elf -hw ../../soft_processor_hw_platform/system.xml -pe microblaze_0  |tee "P7_Timer_7Seg.elf.elfcheck"
elfcheck
Xilinx EDK 14.7 Build EDK_P.20131013
Copyright (c) 1995-2012 Xilinx, Inc.  All rights reserved.

Command Line: elfcheck -hw ../../soft_processor_hw_platform/system.xml -pe
microblaze_0 P7_Timer_7Seg.elf 

ELF file	: P7_Timer_7Seg.elf
elfcheck passed.
'Finished building: P7_Timer_7Seg.elf.elfcheck'
' '
12:47:46 **** Auto Build of project P7_Timer_7Seg_bsp ****
make -k all 
'Finished building libraries'
12:51:02 **** Auto Build of configuration Debug for project P7_Timer_7Seg ****
make all 
'Building file: ../src/main.c'
'Invoking: MicroBlaze gcc compiler'
mb-gcc -Wall -O0 -g3 -c -fmessage-length=0 -I../../P7_Timer_7Seg_bsp/microblaze_0/include -mxl-barrel-shift -mxl-pattern-compare -mcpu=v8.50.c -mno-xl-soft-mul -Wl,--no-relax -ffunction-sections -fdata-sections -MMD -MP -MF"src/main.d" -MT"src/main.d" -o "src/main.o" "../src/main.c"
../src/main.c: In function 'main':
../src/main.c:54:22: error: 'interrupt' undeclared (first use in this function)
../src/main.c:54:22: note: each undeclared identifier is reported only once for each function it appears in
../src/main.c:59:3: warning: implicit declaration of function 'Xil_ExceptionInit' [-Wimplicit-function-declaration]
../src/main.c:60:3: warning: implicit declaration of function 'Xil_ExceptionRegisterHandler' [-Wimplicit-function-declaration]
../src/main.c:60:32: error: 'XIL_EXCEPTION_ID_INT' undeclared (first use in this function)
../src/main.c:61:4: error: 'Xil_ExceptionHandler' undeclared (first use in this function)
../src/main.c:61:25: error: expected ')' before 'XIntc_InterruptHandler'
make: *** [src/main.o] Error 1
12:51:13 **** Auto Build of configuration Debug for project P7_Timer_7Seg ****
make all 
'Building file: ../src/main.c'
'Invoking: MicroBlaze gcc compiler'
mb-gcc -Wall -O0 -g3 -c -fmessage-length=0 -I../../P7_Timer_7Seg_bsp/microblaze_0/include -mxl-barrel-shift -mxl-pattern-compare -mcpu=v8.50.c -mno-xl-soft-mul -Wl,--no-relax -ffunction-sections -fdata-sections -MMD -MP -MF"src/main.d" -MT"src/main.d" -o "src/main.o" "../src/main.c"
../src/main.c: In function 'main':
../src/main.c:59:3: warning: implicit declaration of function 'Xil_ExceptionInit' [-Wimplicit-function-declaration]
../src/main.c:60:3: warning: implicit declaration of function 'Xil_ExceptionRegisterHandler' [-Wimplicit-function-declaration]
../src/main.c:60:32: error: 'XIL_EXCEPTION_ID_INT' undeclared (first use in this function)
../src/main.c:60:32: note: each undeclared identifier is reported only once for each function it appears in
../src/main.c:61:4: error: 'Xil_ExceptionHandler' undeclared (first use in this function)
../src/main.c:61:25: error: expected ')' before 'XIntc_InterruptHandler'
make: *** [src/main.o] Error 1
12:51:31 **** Auto Build of configuration Debug for project P7_Timer_7Seg ****
make all 
'Building file: ../src/main.c'
'Invoking: MicroBlaze gcc compiler'
mb-gcc -Wall -O0 -g3 -c -fmessage-length=0 -I../../P7_Timer_7Seg_bsp/microblaze_0/include -mxl-barrel-shift -mxl-pattern-compare -mcpu=v8.50.c -mno-xl-soft-mul -Wl,--no-relax -ffunction-sections -fdata-sections -MMD -MP -MF"src/main.d" -MT"src/main.d" -o "src/main.o" "../src/main.c"
'Finished building: ../src/main.c'
' '
'Building target: P7_Timer_7Seg.elf'
'Invoking: MicroBlaze gcc linker'
mb-gcc -Wl,-T -Wl,../src/lscript.ld -L../../P7_Timer_7Seg_bsp/microblaze_0/lib -mxl-barrel-shift -mxl-pattern-compare -mcpu=v8.50.c -mno-xl-soft-mul -Wl,--no-relax -Wl,--gc-sections -o "P7_Timer_7Seg.elf"  ./src/main.o   -Wl,--start-group,-lxil,-lgcc,-lc,--end-group
'Finished building target: P7_Timer_7Seg.elf'
' '
'Invoking: MicroBlaze Print Size'
mb-size P7_Timer_7Seg.elf  |tee "P7_Timer_7Seg.elf.size"
   text	   data	    bss	    dec	    hex	filename
   7288	    332	   2284	   9904	   26b0	P7_Timer_7Seg.elf
'Finished building: P7_Timer_7Seg.elf.size'
' '
'Invoking: Xilinx ELF Check'
elfcheck P7_Timer_7Seg.elf -hw ../../soft_processor_hw_platform/system.xml -pe microblaze_0  |tee "P7_Timer_7Seg.elf.elfcheck"
elfcheck
Xilinx EDK 14.7 Build EDK_P.20131013
Copyright (c) 1995-2012 Xilinx, Inc.  All rights reserved.

Command Line: elfcheck -hw ../../soft_processor_hw_platform/system.xml -pe
microblaze_0 P7_Timer_7Seg.elf 

ELF file	: P7_Timer_7Seg.elf
elfcheck passed.
'Finished building: P7_Timer_7Seg.elf.elfcheck'
' '
12:51:39 **** Auto Build of project P7_Timer_7Seg_bsp ****
make -k all 
'Finished building libraries'
12:53:49 **** Auto Build of configuration Debug for project P7_Timer_7Seg ****
make all 
'Building file: ../src/main.c'
'Invoking: MicroBlaze gcc compiler'
mb-gcc -Wall -O0 -g3 -c -fmessage-length=0 -I../../P7_Timer_7Seg_bsp/microblaze_0/include -mxl-barrel-shift -mxl-pattern-compare -mcpu=v8.50.c -mno-xl-soft-mul -Wl,--no-relax -ffunction-sections -fdata-sections -MMD -MP -MF"src/main.d" -MT"src/main.d" -o "src/main.o" "../src/main.c"
'Finished building: ../src/main.c'
' '
'Building target: P7_Timer_7Seg.elf'
'Invoking: MicroBlaze gcc linker'
mb-gcc -Wl,-T -Wl,../src/lscript.ld -L../../P7_Timer_7Seg_bsp/microblaze_0/lib -mxl-barrel-shift -mxl-pattern-compare -mcpu=v8.50.c -mno-xl-soft-mul -Wl,--no-relax -Wl,--gc-sections -o "P7_Timer_7Seg.elf"  ./src/main.o   -Wl,--start-group,-lxil,-lgcc,-lc,--end-group
'Finished building target: P7_Timer_7Seg.elf'
' '
'Invoking: MicroBlaze Print Size'
mb-size P7_Timer_7Seg.elf  |tee "P7_Timer_7Seg.elf.size"
   text	   data	    bss	    dec	    hex	filename
   7288	    332	   2284	   9904	   26b0	P7_Timer_7Seg.elf
'Finished building: P7_Timer_7Seg.elf.size'
' '
'Invoking: Xilinx ELF Check'
elfcheck P7_Timer_7Seg.elf -hw ../../soft_processor_hw_platform/system.xml -pe microblaze_0  |tee "P7_Timer_7Seg.elf.elfcheck"
elfcheck
Xilinx EDK 14.7 Build EDK_P.20131013
Copyright (c) 1995-2012 Xilinx, Inc.  All rights reserved.

Command Line: elfcheck -hw ../../soft_processor_hw_platform/system.xml -pe
microblaze_0 P7_Timer_7Seg.elf 

ELF file	: P7_Timer_7Seg.elf
elfcheck passed.
'Finished building: P7_Timer_7Seg.elf.elfcheck'
' '
12:54:27 **** Auto Build of configuration Debug for project P7_Timer_7Seg ****
make all 
'Building file: ../src/main.c'
'Invoking: MicroBlaze gcc compiler'
mb-gcc -Wall -O0 -g3 -c -fmessage-length=0 -I../../P7_Timer_7Seg_bsp/microblaze_0/include -mxl-barrel-shift -mxl-pattern-compare -mcpu=v8.50.c -mno-xl-soft-mul -Wl,--no-relax -ffunction-sections -fdata-sections -MMD -MP -MF"src/main.d" -MT"src/main.d" -o "src/main.o" "../src/main.c"
'Finished building: ../src/main.c'
' '
'Building target: P7_Timer_7Seg.elf'
'Invoking: MicroBlaze gcc linker'
mb-gcc -Wl,-T -Wl,../src/lscript.ld -L../../P7_Timer_7Seg_bsp/microblaze_0/lib -mxl-barrel-shift -mxl-pattern-compare -mcpu=v8.50.c -mno-xl-soft-mul -Wl,--no-relax -Wl,--gc-sections -o "P7_Timer_7Seg.elf"  ./src/main.o   -Wl,--start-group,-lxil,-lgcc,-lc,--end-group
'Finished building target: P7_Timer_7Seg.elf'
' '
'Invoking: MicroBlaze Print Size'
mb-size P7_Timer_7Seg.elf  |tee "P7_Timer_7Seg.elf.size"
   text	   data	    bss	    dec	    hex	filename
   5308	    320	   2284	   7912	   1ee8	P7_Timer_7Seg.elf
'Finished building: P7_Timer_7Seg.elf.size'
' '
'Invoking: Xilinx ELF Check'
elfcheck P7_Timer_7Seg.elf -hw ../../soft_processor_hw_platform/system.xml -pe microblaze_0  |tee "P7_Timer_7Seg.elf.elfcheck"
elfcheck
Xilinx EDK 14.7 Build EDK_P.20131013
Copyright (c) 1995-2012 Xilinx, Inc.  All rights reserved.

Command Line: elfcheck -hw ../../soft_processor_hw_platform/system.xml -pe
microblaze_0 P7_Timer_7Seg.elf 

ELF file	: P7_Timer_7Seg.elf
elfcheck passed.
'Finished building: P7_Timer_7Seg.elf.elfcheck'
' '
12:54:33 **** Auto Build of configuration Debug for project P7_Timer_7Seg ****
make all 
'Building file: ../src/main.c'
'Invoking: MicroBlaze gcc compiler'
mb-gcc -Wall -O0 -g3 -c -fmessage-length=0 -I../../P7_Timer_7Seg_bsp/microblaze_0/include -mxl-barrel-shift -mxl-pattern-compare -mcpu=v8.50.c -mno-xl-soft-mul -Wl,--no-relax -ffunction-sections -fdata-sections -MMD -MP -MF"src/main.d" -MT"src/main.d" -o "src/main.o" "../src/main.c"
'Finished building: ../src/main.c'
' '
'Building target: P7_Timer_7Seg.elf'
'Invoking: MicroBlaze gcc linker'
mb-gcc -Wl,-T -Wl,../src/lscript.ld -L../../P7_Timer_7Seg_bsp/microblaze_0/lib -mxl-barrel-shift -mxl-pattern-compare -mcpu=v8.50.c -mno-xl-soft-mul -Wl,--no-relax -Wl,--gc-sections -o "P7_Timer_7Seg.elf"  ./src/main.o   -Wl,--start-group,-lxil,-lgcc,-lc,--end-group
'Finished building target: P7_Timer_7Seg.elf'
' '
'Invoking: MicroBlaze Print Size'
mb-size P7_Timer_7Seg.elf  |tee "P7_Timer_7Seg.elf.size"
   text	   data	    bss	    dec	    hex	filename
   5308	    320	   2284	   7912	   1ee8	P7_Timer_7Seg.elf
'Finished building: P7_Timer_7Seg.elf.size'
' '
'Invoking: Xilinx ELF Check'
elfcheck P7_Timer_7Seg.elf -hw ../../soft_processor_hw_platform/system.xml -pe microblaze_0  |tee "P7_Timer_7Seg.elf.elfcheck"
elfcheck
Xilinx EDK 14.7 Build EDK_P.20131013
Copyright (c) 1995-2012 Xilinx, Inc.  All rights reserved.

Command Line: elfcheck -hw ../../soft_processor_hw_platform/system.xml -pe
microblaze_0 P7_Timer_7Seg.elf 

ELF file	: P7_Timer_7Seg.elf
elfcheck passed.
'Finished building: P7_Timer_7Seg.elf.elfcheck'
' '
13:01:45 **** Auto Build of configuration Debug for project P7_Timer_7Seg ****
make all 
'Building file: ../src/main.c'
'Invoking: MicroBlaze gcc compiler'
mb-gcc -Wall -O0 -g3 -c -fmessage-length=0 -I../../P7_Timer_7Seg_bsp/microblaze_0/include -mxl-barrel-shift -mxl-pattern-compare -mcpu=v8.50.c -mno-xl-soft-mul -Wl,--no-relax -ffunction-sections -fdata-sections -MMD -MP -MF"src/main.d" -MT"src/main.d" -o "src/main.o" "../src/main.c"
'Finished building: ../src/main.c'
' '
'Building target: P7_Timer_7Seg.elf'
'Invoking: MicroBlaze gcc linker'
mb-gcc -Wl,-T -Wl,../src/lscript.ld -L../../P7_Timer_7Seg_bsp/microblaze_0/lib -mxl-barrel-shift -mxl-pattern-compare -mcpu=v8.50.c -mno-xl-soft-mul -Wl,--no-relax -Wl,--gc-sections -o "P7_Timer_7Seg.elf"  ./src/main.o   -Wl,--start-group,-lxil,-lgcc,-lc,--end-group
'Finished building target: P7_Timer_7Seg.elf'
' '
'Invoking: MicroBlaze Print Size'
mb-size P7_Timer_7Seg.elf  |tee "P7_Timer_7Seg.elf.size"
   text	   data	    bss	    dec	    hex	filename
   5308	    320	   2284	   7912	   1ee8	P7_Timer_7Seg.elf
'Finished building: P7_Timer_7Seg.elf.size'
' '
'Invoking: Xilinx ELF Check'
elfcheck P7_Timer_7Seg.elf -hw ../../soft_processor_hw_platform/system.xml -pe microblaze_0  |tee "P7_Timer_7Seg.elf.elfcheck"
elfcheck
Xilinx EDK 14.7 Build EDK_P.20131013
Copyright (c) 1995-2012 Xilinx, Inc.  All rights reserved.

Command Line: elfcheck -hw ../../soft_processor_hw_platform/system.xml -pe
microblaze_0 P7_Timer_7Seg.elf 

ELF file	: P7_Timer_7Seg.elf
elfcheck passed.
'Finished building: P7_Timer_7Seg.elf.elfcheck'
' '
13:03:29 **** Auto Build of configuration Debug for project P7_Timer_7Seg ****
make all 
'Building file: ../src/main.c'
'Invoking: MicroBlaze gcc compiler'
mb-gcc -Wall -O0 -g3 -c -fmessage-length=0 -I../../P7_Timer_7Seg_bsp/microblaze_0/include -mxl-barrel-shift -mxl-pattern-compare -mcpu=v8.50.c -mno-xl-soft-mul -Wl,--no-relax -ffunction-sections -fdata-sections -MMD -MP -MF"src/main.d" -MT"src/main.d" -o "src/main.o" "../src/main.c"
'Finished building: ../src/main.c'
' '
'Building target: P7_Timer_7Seg.elf'
'Invoking: MicroBlaze gcc linker'
mb-gcc -Wl,-T -Wl,../src/lscript.ld -L../../P7_Timer_7Seg_bsp/microblaze_0/lib -mxl-barrel-shift -mxl-pattern-compare -mcpu=v8.50.c -mno-xl-soft-mul -Wl,--no-relax -Wl,--gc-sections -o "P7_Timer_7Seg.elf"  ./src/main.o   -Wl,--start-group,-lxil,-lgcc,-lc,--end-group
'Finished building target: P7_Timer_7Seg.elf'
' '
'Invoking: MicroBlaze Print Size'
mb-size P7_Timer_7Seg.elf  |tee "P7_Timer_7Seg.elf.size"
   text	   data	    bss	    dec	    hex	filename
   5408	    320	   2280	   8008	   1f48	P7_Timer_7Seg.elf
'Finished building: P7_Timer_7Seg.elf.size'
' '
'Invoking: Xilinx ELF Check'
elfcheck P7_Timer_7Seg.elf -hw ../../soft_processor_hw_platform/system.xml -pe microblaze_0  |tee "P7_Timer_7Seg.elf.elfcheck"
elfcheck
Xilinx EDK 14.7 Build EDK_P.20131013
Copyright (c) 1995-2012 Xilinx, Inc.  All rights reserved.

Command Line: elfcheck -hw ../../soft_processor_hw_platform/system.xml -pe
microblaze_0 P7_Timer_7Seg.elf 

ELF file	: P7_Timer_7Seg.elf
elfcheck passed.
'Finished building: P7_Timer_7Seg.elf.elfcheck'
' '
13:03:32 **** Incremental Build of configuration Debug for project P6_Interrupt ****
make all 
make: Nothing to be done for `all'.
13:03:32 **** Incremental Build of configuration Debug for project P7_Timer_7Seg ****
make all 
make: Nothing to be done for `all'.
13:03:44 **** Auto Build of project P7_Timer_7Seg_bsp ****
make -k all 
'Finished building libraries'
13:06:54 **** Auto Build of configuration Debug for project P7_Timer_7Seg ****
make all 
'Building file: ../src/main.c'
'Invoking: MicroBlaze gcc compiler'
mb-gcc -Wall -O0 -g3 -c -fmessage-length=0 -I../../P7_Timer_7Seg_bsp/microblaze_0/include -mxl-barrel-shift -mxl-pattern-compare -mcpu=v8.50.c -mno-xl-soft-mul -Wl,--no-relax -ffunction-sections -fdata-sections -MMD -MP -MF"src/main.d" -MT"src/main.d" -o "src/main.o" "../src/main.c"
'Finished building: ../src/main.c'
' '
'Building target: P7_Timer_7Seg.elf'
'Invoking: MicroBlaze gcc linker'
mb-gcc -Wl,-T -Wl,../src/lscript.ld -L../../P7_Timer_7Seg_bsp/microblaze_0/lib -mxl-barrel-shift -mxl-pattern-compare -mcpu=v8.50.c -mno-xl-soft-mul -Wl,--no-relax -Wl,--gc-sections -o "P7_Timer_7Seg.elf"  ./src/main.o   -Wl,--start-group,-lxil,-lgcc,-lc,--end-group
'Finished building target: P7_Timer_7Seg.elf'
' '
'Invoking: MicroBlaze Print Size'
mb-size P7_Timer_7Seg.elf  |tee "P7_Timer_7Seg.elf.size"
   text	   data	    bss	    dec	    hex	filename
   5344	    320	   2280	   7944	   1f08	P7_Timer_7Seg.elf
'Finished building: P7_Timer_7Seg.elf.size'
' '
'Invoking: Xilinx ELF Check'
elfcheck P7_Timer_7Seg.elf -hw ../../soft_processor_hw_platform/system.xml -pe microblaze_0  |tee "P7_Timer_7Seg.elf.elfcheck"
elfcheck
Xilinx EDK 14.7 Build EDK_P.20131013
Copyright (c) 1995-2012 Xilinx, Inc.  All rights reserved.

Command Line: elfcheck -hw ../../soft_processor_hw_platform/system.xml -pe
microblaze_0 P7_Timer_7Seg.elf 

ELF file	: P7_Timer_7Seg.elf
elfcheck passed.
'Finished building: P7_Timer_7Seg.elf.elfcheck'
' '
13:07:03 **** Auto Build of project P7_Timer_7Seg_bsp ****
make -k all 
'Finished building libraries'
13:08:46 **** Incremental Build of configuration Debug for project P7_Timer_7Seg ****
make all 
make: Nothing to be done for `all'.
13:09:22 **** Auto Build of configuration Debug for project P7_Timer_7Seg ****
make all 
'Building file: ../src/main.c'
'Invoking: MicroBlaze gcc compiler'
mb-gcc -Wall -O0 -g3 -c -fmessage-length=0 -I../../P7_Timer_7Seg_bsp/microblaze_0/include -mxl-barrel-shift -mxl-pattern-compare -mcpu=v8.50.c -mno-xl-soft-mul -Wl,--no-relax -ffunction-sections -fdata-sections -MMD -MP -MF"src/main.d" -MT"src/main.d" -o "src/main.o" "../src/main.c"
'Finished building: ../src/main.c'
' '
'Building target: P7_Timer_7Seg.elf'
'Invoking: MicroBlaze gcc linker'
mb-gcc -Wl,-T -Wl,../src/lscript.ld -L../../P7_Timer_7Seg_bsp/microblaze_0/lib -mxl-barrel-shift -mxl-pattern-compare -mcpu=v8.50.c -mno-xl-soft-mul -Wl,--no-relax -Wl,--gc-sections -o "P7_Timer_7Seg.elf"  ./src/main.o   -Wl,--start-group,-lxil,-lgcc,-lc,--end-group
'Finished building target: P7_Timer_7Seg.elf'
' '
'Invoking: MicroBlaze Print Size'
mb-size P7_Timer_7Seg.elf  |tee "P7_Timer_7Seg.elf.size"
   text	   data	    bss	    dec	    hex	filename
   5364	    320	   2284	   7968	   1f20	P7_Timer_7Seg.elf
'Finished building: P7_Timer_7Seg.elf.size'
' '
'Invoking: Xilinx ELF Check'
elfcheck P7_Timer_7Seg.elf -hw ../../soft_processor_hw_platform/system.xml -pe microblaze_0  |tee "P7_Timer_7Seg.elf.elfcheck"
elfcheck
Xilinx EDK 14.7 Build EDK_P.20131013
Copyright (c) 1995-2012 Xilinx, Inc.  All rights reserved.

Command Line: elfcheck -hw ../../soft_processor_hw_platform/system.xml -pe
microblaze_0 P7_Timer_7Seg.elf 

ELF file	: P7_Timer_7Seg.elf
elfcheck passed.
'Finished building: P7_Timer_7Seg.elf.elfcheck'
' '
13:09:31 **** Auto Build of project P7_Timer_7Seg_bsp ****
make -k all 
'Finished building libraries'
13:10:08 **** Auto Build of configuration Debug for project P7_Timer_7Seg ****
make all 
'Building file: ../src/main.c'
'Invoking: MicroBlaze gcc compiler'
mb-gcc -Wall -O0 -g3 -c -fmessage-length=0 -I../../P7_Timer_7Seg_bsp/microblaze_0/include -mxl-barrel-shift -mxl-pattern-compare -mcpu=v8.50.c -mno-xl-soft-mul -Wl,--no-relax -ffunction-sections -fdata-sections -MMD -MP -MF"src/main.d" -MT"src/main.d" -o "src/main.o" "../src/main.c"
'Finished building: ../src/main.c'
' '
'Building target: P7_Timer_7Seg.elf'
'Invoking: MicroBlaze gcc linker'
mb-gcc -Wl,-T -Wl,../src/lscript.ld -L../../P7_Timer_7Seg_bsp/microblaze_0/lib -mxl-barrel-shift -mxl-pattern-compare -mcpu=v8.50.c -mno-xl-soft-mul -Wl,--no-relax -Wl,--gc-sections -o "P7_Timer_7Seg.elf"  ./src/main.o   -Wl,--start-group,-lxil,-lgcc,-lc,--end-group
'Finished building target: P7_Timer_7Seg.elf'
' '
'Invoking: MicroBlaze Print Size'
mb-size P7_Timer_7Seg.elf  |tee "P7_Timer_7Seg.elf.size"
   text	   data	    bss	    dec	    hex	filename
   5260	    320	   2284	   7864	   1eb8	P7_Timer_7Seg.elf
'Finished building: P7_Timer_7Seg.elf.size'
' '
'Invoking: Xilinx ELF Check'
elfcheck P7_Timer_7Seg.elf -hw ../../soft_processor_hw_platform/system.xml -pe microblaze_0  |tee "P7_Timer_7Seg.elf.elfcheck"
elfcheck
Xilinx EDK 14.7 Build EDK_P.20131013
Copyright (c) 1995-2012 Xilinx, Inc.  All rights reserved.

Command Line: elfcheck -hw ../../soft_processor_hw_platform/system.xml -pe
microblaze_0 P7_Timer_7Seg.elf 

ELF file	: P7_Timer_7Seg.elf
elfcheck passed.
'Finished building: P7_Timer_7Seg.elf.elfcheck'
' '
13:10:16 **** Auto Build of project P7_Timer_7Seg_bsp ****
make -k all 
'Finished building libraries'
13:15:27 **** Auto Build of configuration Debug for project P7_Timer_7Seg ****
make all 
'Building file: ../src/main.c'
'Invoking: MicroBlaze gcc compiler'
mb-gcc -Wall -O0 -g3 -c -fmessage-length=0 -I../../P7_Timer_7Seg_bsp/microblaze_0/include -mxl-barrel-shift -mxl-pattern-compare -mcpu=v8.50.c -mno-xl-soft-mul -Wl,--no-relax -ffunction-sections -fdata-sections -MMD -MP -MF"src/main.d" -MT"src/main.d" -o "src/main.o" "../src/main.c"
'Finished building: ../src/main.c'
' '
'Building target: P7_Timer_7Seg.elf'
'Invoking: MicroBlaze gcc linker'
mb-gcc -Wl,-T -Wl,../src/lscript.ld -L../../P7_Timer_7Seg_bsp/microblaze_0/lib -mxl-barrel-shift -mxl-pattern-compare -mcpu=v8.50.c -mno-xl-soft-mul -Wl,--no-relax -Wl,--gc-sections -o "P7_Timer_7Seg.elf"  ./src/main.o   -Wl,--start-group,-lxil,-lgcc,-lc,--end-group
'Finished building target: P7_Timer_7Seg.elf'
' '
'Invoking: MicroBlaze Print Size'
mb-size P7_Timer_7Seg.elf  |tee "P7_Timer_7Seg.elf.size"
   text	   data	    bss	    dec	    hex	filename
   5248	    320	   2280	   7848	   1ea8	P7_Timer_7Seg.elf
'Finished building: P7_Timer_7Seg.elf.size'
' '
'Invoking: Xilinx ELF Check'
elfcheck P7_Timer_7Seg.elf -hw ../../soft_processor_hw_platform/system.xml -pe microblaze_0  |tee "P7_Timer_7Seg.elf.elfcheck"
elfcheck
Xilinx EDK 14.7 Build EDK_P.20131013
Copyright (c) 1995-2012 Xilinx, Inc.  All rights reserved.

Command Line: elfcheck -hw ../../soft_processor_hw_platform/system.xml -pe
microblaze_0 P7_Timer_7Seg.elf 

ELF file	: P7_Timer_7Seg.elf
elfcheck passed.
'Finished building: P7_Timer_7Seg.elf.elfcheck'
' '
13:15:46 **** Auto Build of configuration Debug for project P7_Timer_7Seg ****
make all 
'Building file: ../src/main.c'
'Invoking: MicroBlaze gcc compiler'
mb-gcc -Wall -O0 -g3 -c -fmessage-length=0 -I../../P7_Timer_7Seg_bsp/microblaze_0/include -mxl-barrel-shift -mxl-pattern-compare -mcpu=v8.50.c -mno-xl-soft-mul -Wl,--no-relax -ffunction-sections -fdata-sections -MMD -MP -MF"src/main.d" -MT"src/main.d" -o "src/main.o" "../src/main.c"
'Finished building: ../src/main.c'
' '
'Building target: P7_Timer_7Seg.elf'
'Invoking: MicroBlaze gcc linker'
mb-gcc -Wl,-T -Wl,../src/lscript.ld -L../../P7_Timer_7Seg_bsp/microblaze_0/lib -mxl-barrel-shift -mxl-pattern-compare -mcpu=v8.50.c -mno-xl-soft-mul -Wl,--no-relax -Wl,--gc-sections -o "P7_Timer_7Seg.elf"  ./src/main.o   -Wl,--start-group,-lxil,-lgcc,-lc,--end-group
'Finished building target: P7_Timer_7Seg.elf'
' '
'Invoking: MicroBlaze Print Size'
mb-size P7_Timer_7Seg.elf  |tee "P7_Timer_7Seg.elf.size"
   text	   data	    bss	    dec	    hex	filename
   5260	    320	   2284	   7864	   1eb8	P7_Timer_7Seg.elf
'Finished building: P7_Timer_7Seg.elf.size'
' '
'Invoking: Xilinx ELF Check'
elfcheck P7_Timer_7Seg.elf -hw ../../soft_processor_hw_platform/system.xml -pe microblaze_0  |tee "P7_Timer_7Seg.elf.elfcheck"
elfcheck
Xilinx EDK 14.7 Build EDK_P.20131013
Copyright (c) 1995-2012 Xilinx, Inc.  All rights reserved.

Command Line: elfcheck -hw ../../soft_processor_hw_platform/system.xml -pe
microblaze_0 P7_Timer_7Seg.elf 

ELF file	: P7_Timer_7Seg.elf
elfcheck passed.
'Finished building: P7_Timer_7Seg.elf.elfcheck'
' '
13:16:00 **** Auto Build of project P7_Timer_7Seg_bsp ****
make -k all 
'Finished building libraries'
13:16:42 **** Auto Build of configuration Debug for project P7_Timer_7Seg ****
make all 
'Building file: ../src/main.c'
'Invoking: MicroBlaze gcc compiler'
mb-gcc -Wall -O0 -g3 -c -fmessage-length=0 -I../../P7_Timer_7Seg_bsp/microblaze_0/include -mxl-barrel-shift -mxl-pattern-compare -mcpu=v8.50.c -mno-xl-soft-mul -Wl,--no-relax -ffunction-sections -fdata-sections -MMD -MP -MF"src/main.d" -MT"src/main.d" -o "src/main.o" "../src/main.c"
'Finished building: ../src/main.c'
' '
'Building target: P7_Timer_7Seg.elf'
'Invoking: MicroBlaze gcc linker'
mb-gcc -Wl,-T -Wl,../src/lscript.ld -L../../P7_Timer_7Seg_bsp/microblaze_0/lib -mxl-barrel-shift -mxl-pattern-compare -mcpu=v8.50.c -mno-xl-soft-mul -Wl,--no-relax -Wl,--gc-sections -o "P7_Timer_7Seg.elf"  ./src/main.o   -Wl,--start-group,-lxil,-lgcc,-lc,--end-group
'Finished building target: P7_Timer_7Seg.elf'
' '
'Invoking: MicroBlaze Print Size'
mb-size P7_Timer_7Seg.elf  |tee "P7_Timer_7Seg.elf.size"
   text	   data	    bss	    dec	    hex	filename
   5292	    320	   2284	   7896	   1ed8	P7_Timer_7Seg.elf
'Finished building: P7_Timer_7Seg.elf.size'
' '
'Invoking: Xilinx ELF Check'
elfcheck P7_Timer_7Seg.elf -hw ../../soft_processor_hw_platform/system.xml -pe microblaze_0  |tee "P7_Timer_7Seg.elf.elfcheck"
elfcheck
Xilinx EDK 14.7 Build EDK_P.20131013
Copyright (c) 1995-2012 Xilinx, Inc.  All rights reserved.

Command Line: elfcheck -hw ../../soft_processor_hw_platform/system.xml -pe
microblaze_0 P7_Timer_7Seg.elf 

ELF file	: P7_Timer_7Seg.elf
elfcheck passed.
'Finished building: P7_Timer_7Seg.elf.elfcheck'
' '
13:16:51 **** Auto Build of project P7_Timer_7Seg_bsp ****
make -k all 
'Finished building libraries'
13:17:36 **** Auto Build of configuration Debug for project P7_Timer_7Seg ****
make all 
'Building file: ../src/main.c'
'Invoking: MicroBlaze gcc compiler'
mb-gcc -Wall -O0 -g3 -c -fmessage-length=0 -I../../P7_Timer_7Seg_bsp/microblaze_0/include -mxl-barrel-shift -mxl-pattern-compare -mcpu=v8.50.c -mno-xl-soft-mul -Wl,--no-relax -ffunction-sections -fdata-sections -MMD -MP -MF"src/main.d" -MT"src/main.d" -o "src/main.o" "../src/main.c"
'Finished building: ../src/main.c'
' '
'Building target: P7_Timer_7Seg.elf'
'Invoking: MicroBlaze gcc linker'
mb-gcc -Wl,-T -Wl,../src/lscript.ld -L../../P7_Timer_7Seg_bsp/microblaze_0/lib -mxl-barrel-shift -mxl-pattern-compare -mcpu=v8.50.c -mno-xl-soft-mul -Wl,--no-relax -Wl,--gc-sections -o "P7_Timer_7Seg.elf"  ./src/main.o   -Wl,--start-group,-lxil,-lgcc,-lc,--end-group
'Finished building target: P7_Timer_7Seg.elf'
' '
'Invoking: MicroBlaze Print Size'
mb-size P7_Timer_7Seg.elf  |tee "P7_Timer_7Seg.elf.size"
   text	   data	    bss	    dec	    hex	filename
   5296	    320	   2280	   7896	   1ed8	P7_Timer_7Seg.elf
'Finished building: P7_Timer_7Seg.elf.size'
' '
'Invoking: Xilinx ELF Check'
elfcheck P7_Timer_7Seg.elf -hw ../../soft_processor_hw_platform/system.xml -pe microblaze_0  |tee "P7_Timer_7Seg.elf.elfcheck"
elfcheck
Xilinx EDK 14.7 Build EDK_P.20131013
Copyright (c) 1995-2012 Xilinx, Inc.  All rights reserved.

Command Line: elfcheck -hw ../../soft_processor_hw_platform/system.xml -pe
microblaze_0 P7_Timer_7Seg.elf 

ELF file	: P7_Timer_7Seg.elf
elfcheck passed.
'Finished building: P7_Timer_7Seg.elf.elfcheck'
' '
13:17:43 **** Auto Build of project P7_Timer_7Seg_bsp ****
make -k all 
'Finished building libraries'
13:20:16 **** Auto Build of configuration Debug for project P7_Timer_7Seg ****
make all 
'Building file: ../src/main.c'
'Invoking: MicroBlaze gcc compiler'
mb-gcc -Wall -O0 -g3 -c -fmessage-length=0 -I../../P7_Timer_7Seg_bsp/microblaze_0/include -mxl-barrel-shift -mxl-pattern-compare -mcpu=v8.50.c -mno-xl-soft-mul -Wl,--no-relax -ffunction-sections -fdata-sections -MMD -MP -MF"src/main.d" -MT"src/main.d" -o "src/main.o" "../src/main.c"
'Finished building: ../src/main.c'
' '
'Building target: P7_Timer_7Seg.elf'
'Invoking: MicroBlaze gcc linker'
mb-gcc -Wl,-T -Wl,../src/lscript.ld -L../../P7_Timer_7Seg_bsp/microblaze_0/lib -mxl-barrel-shift -mxl-pattern-compare -mcpu=v8.50.c -mno-xl-soft-mul -Wl,--no-relax -Wl,--gc-sections -o "P7_Timer_7Seg.elf"  ./src/main.o   -Wl,--start-group,-lxil,-lgcc,-lc,--end-group
'Finished building target: P7_Timer_7Seg.elf'
' '
'Invoking: MicroBlaze Print Size'
mb-size P7_Timer_7Seg.elf  |tee "P7_Timer_7Seg.elf.size"
   text	   data	    bss	    dec	    hex	filename
   5296	    320	   2280	   7896	   1ed8	P7_Timer_7Seg.elf
'Finished building: P7_Timer_7Seg.elf.size'
' '
'Invoking: Xilinx ELF Check'
elfcheck P7_Timer_7Seg.elf -hw ../../soft_processor_hw_platform/system.xml -pe microblaze_0  |tee "P7_Timer_7Seg.elf.elfcheck"
elfcheck
Xilinx EDK 14.7 Build EDK_P.20131013
Copyright (c) 1995-2012 Xilinx, Inc.  All rights reserved.

Command Line: elfcheck -hw ../../soft_processor_hw_platform/system.xml -pe
microblaze_0 P7_Timer_7Seg.elf 

ELF file	: P7_Timer_7Seg.elf
elfcheck passed.
'Finished building: P7_Timer_7Seg.elf.elfcheck'
' '
13:23:03 **** Auto Build of configuration Debug for project P7_Timer_7Seg ****
make all 
'Building file: ../src/main.c'
'Invoking: MicroBlaze gcc compiler'
mb-gcc -Wall -O0 -g3 -c -fmessage-length=0 -I../../P7_Timer_7Seg_bsp/microblaze_0/include -mxl-barrel-shift -mxl-pattern-compare -mcpu=v8.50.c -mno-xl-soft-mul -Wl,--no-relax -ffunction-sections -fdata-sections -MMD -MP -MF"src/main.d" -MT"src/main.d" -o "src/main.o" "../src/main.c"
'Finished building: ../src/main.c'
' '
'Building target: P7_Timer_7Seg.elf'
'Invoking: MicroBlaze gcc linker'
mb-gcc -Wl,-T -Wl,../src/lscript.ld -L../../P7_Timer_7Seg_bsp/microblaze_0/lib -mxl-barrel-shift -mxl-pattern-compare -mcpu=v8.50.c -mno-xl-soft-mul -Wl,--no-relax -Wl,--gc-sections -o "P7_Timer_7Seg.elf"  ./src/main.o   -Wl,--start-group,-lxil,-lgcc,-lc,--end-group
'Finished building target: P7_Timer_7Seg.elf'
' '
'Invoking: MicroBlaze Print Size'
mb-size P7_Timer_7Seg.elf  |tee "P7_Timer_7Seg.elf.size"
   text	   data	    bss	    dec	    hex	filename
   5476	    320	   2284	   8080	   1f90	P7_Timer_7Seg.elf
'Finished building: P7_Timer_7Seg.elf.size'
' '
'Invoking: Xilinx ELF Check'
elfcheck P7_Timer_7Seg.elf -hw ../../soft_processor_hw_platform/system.xml -pe microblaze_0  |tee "P7_Timer_7Seg.elf.elfcheck"
elfcheck
Xilinx EDK 14.7 Build EDK_P.20131013
Copyright (c) 1995-2012 Xilinx, Inc.  All rights reserved.

Command Line: elfcheck -hw ../../soft_processor_hw_platform/system.xml -pe
microblaze_0 P7_Timer_7Seg.elf 

ELF file	: P7_Timer_7Seg.elf
elfcheck passed.
'Finished building: P7_Timer_7Seg.elf.elfcheck'
' '
13:23:08 **** Auto Build of configuration Debug for project P7_Timer_7Seg ****
make all 
'Building file: ../src/main.c'
'Invoking: MicroBlaze gcc compiler'
mb-gcc -Wall -O0 -g3 -c -fmessage-length=0 -I../../P7_Timer_7Seg_bsp/microblaze_0/include -mxl-barrel-shift -mxl-pattern-compare -mcpu=v8.50.c -mno-xl-soft-mul -Wl,--no-relax -ffunction-sections -fdata-sections -MMD -MP -MF"src/main.d" -MT"src/main.d" -o "src/main.o" "../src/main.c"
'Finished building: ../src/main.c'
' '
'Building target: P7_Timer_7Seg.elf'
'Invoking: MicroBlaze gcc linker'
mb-gcc -Wl,-T -Wl,../src/lscript.ld -L../../P7_Timer_7Seg_bsp/microblaze_0/lib -mxl-barrel-shift -mxl-pattern-compare -mcpu=v8.50.c -mno-xl-soft-mul -Wl,--no-relax -Wl,--gc-sections -o "P7_Timer_7Seg.elf"  ./src/main.o   -Wl,--start-group,-lxil,-lgcc,-lc,--end-group
'Finished building target: P7_Timer_7Seg.elf'
' '
'Invoking: MicroBlaze Print Size'
mb-size P7_Timer_7Seg.elf  |tee "P7_Timer_7Seg.elf.size"
   text	   data	    bss	    dec	    hex	filename
   5492	    320	   2284	   8096	   1fa0	P7_Timer_7Seg.elf
'Finished building: P7_Timer_7Seg.elf.size'
' '
'Invoking: Xilinx ELF Check'
elfcheck P7_Timer_7Seg.elf -hw ../../soft_processor_hw_platform/system.xml -pe microblaze_0  |tee "P7_Timer_7Seg.elf.elfcheck"
elfcheck
Xilinx EDK 14.7 Build EDK_P.20131013
Copyright (c) 1995-2012 Xilinx, Inc.  All rights reserved.

Command Line: elfcheck -hw ../../soft_processor_hw_platform/system.xml -pe
microblaze_0 P7_Timer_7Seg.elf 

ELF file	: P7_Timer_7Seg.elf
elfcheck passed.
'Finished building: P7_Timer_7Seg.elf.elfcheck'
' '
13:23:18 **** Auto Build of project P7_Timer_7Seg_bsp ****
make -k all 
'Finished building libraries'
13:25:20 **** Auto Build of configuration Debug for project P7_Timer_7Seg ****
make all 
'Building file: ../src/main.c'
'Invoking: MicroBlaze gcc compiler'
mb-gcc -Wall -O0 -g3 -c -fmessage-length=0 -I../../P7_Timer_7Seg_bsp/microblaze_0/include -mxl-barrel-shift -mxl-pattern-compare -mcpu=v8.50.c -mno-xl-soft-mul -Wl,--no-relax -ffunction-sections -fdata-sections -MMD -MP -MF"src/main.d" -MT"src/main.d" -o "src/main.o" "../src/main.c"
'Finished building: ../src/main.c'
' '
'Building target: P7_Timer_7Seg.elf'
'Invoking: MicroBlaze gcc linker'
mb-gcc -Wl,-T -Wl,../src/lscript.ld -L../../P7_Timer_7Seg_bsp/microblaze_0/lib -mxl-barrel-shift -mxl-pattern-compare -mcpu=v8.50.c -mno-xl-soft-mul -Wl,--no-relax -Wl,--gc-sections -o "P7_Timer_7Seg.elf"  ./src/main.o   -Wl,--start-group,-lxil,-lgcc,-lc,--end-group
'Finished building target: P7_Timer_7Seg.elf'
' '
'Invoking: MicroBlaze Print Size'
mb-size P7_Timer_7Seg.elf  |tee "P7_Timer_7Seg.elf.size"
   text	   data	    bss	    dec	    hex	filename
   5508	    320	   2284	   8112	   1fb0	P7_Timer_7Seg.elf
'Finished building: P7_Timer_7Seg.elf.size'
' '
'Invoking: Xilinx ELF Check'
elfcheck P7_Timer_7Seg.elf -hw ../../soft_processor_hw_platform/system.xml -pe microblaze_0  |tee "P7_Timer_7Seg.elf.elfcheck"
elfcheck
Xilinx EDK 14.7 Build EDK_P.20131013
Copyright (c) 1995-2012 Xilinx, Inc.  All rights reserved.

Command Line: elfcheck -hw ../../soft_processor_hw_platform/system.xml -pe
microblaze_0 P7_Timer_7Seg.elf 

ELF file	: P7_Timer_7Seg.elf
elfcheck passed.
'Finished building: P7_Timer_7Seg.elf.elfcheck'
' '
13:25:28 **** Auto Build of project P7_Timer_7Seg_bsp ****
make -k all 
'Finished building libraries'
13:26:45 **** Auto Build of configuration Debug for project P7_Timer_7Seg ****
make all 
'Building file: ../src/main.c'
'Invoking: MicroBlaze gcc compiler'
mb-gcc -Wall -O0 -g3 -c -fmessage-length=0 -I../../P7_Timer_7Seg_bsp/microblaze_0/include -mxl-barrel-shift -mxl-pattern-compare -mcpu=v8.50.c -mno-xl-soft-mul -Wl,--no-relax -ffunction-sections -fdata-sections -MMD -MP -MF"src/main.d" -MT"src/main.d" -o "src/main.o" "../src/main.c"
../src/main.c: In function 'main':
../src/main.c:114:3: warning: large integer implicitly truncated to unsigned type [-Woverflow]
'Finished building: ../src/main.c'
' '
'Building target: P7_Timer_7Seg.elf'
'Invoking: MicroBlaze gcc linker'
mb-gcc -Wl,-T -Wl,../src/lscript.ld -L../../P7_Timer_7Seg_bsp/microblaze_0/lib -mxl-barrel-shift -mxl-pattern-compare -mcpu=v8.50.c -mno-xl-soft-mul -Wl,--no-relax -Wl,--gc-sections -o "P7_Timer_7Seg.elf"  ./src/main.o   -Wl,--start-group,-lxil,-lgcc,-lc,--end-group
'Finished building target: P7_Timer_7Seg.elf'
' '
'Invoking: MicroBlaze Print Size'
mb-size P7_Timer_7Seg.elf  |tee "P7_Timer_7Seg.elf.size"
   text	   data	    bss	    dec	    hex	filename
   5484	    320	   2284	   8088	   1f98	P7_Timer_7Seg.elf
'Finished building: P7_Timer_7Seg.elf.size'
' '
'Invoking: Xilinx ELF Check'
elfcheck P7_Timer_7Seg.elf -hw ../../soft_processor_hw_platform/system.xml -pe microblaze_0  |tee "P7_Timer_7Seg.elf.elfcheck"
elfcheck
Xilinx EDK 14.7 Build EDK_P.20131013
Copyright (c) 1995-2012 Xilinx, Inc.  All rights reserved.

Command Line: elfcheck -hw ../../soft_processor_hw_platform/system.xml -pe
microblaze_0 P7_Timer_7Seg.elf 

ELF file	: P7_Timer_7Seg.elf
elfcheck passed.
'Finished building: P7_Timer_7Seg.elf.elfcheck'
' '
13:26:53 **** Auto Build of project P7_Timer_7Seg_bsp ****
make -k all 
'Finished building libraries'
13:27:03 **** Auto Build of configuration Debug for project P7_Timer_7Seg ****
make all 
'Building file: ../src/main.c'
'Invoking: MicroBlaze gcc compiler'
mb-gcc -Wall -O0 -g3 -c -fmessage-length=0 -I../../P7_Timer_7Seg_bsp/microblaze_0/include -mxl-barrel-shift -mxl-pattern-compare -mcpu=v8.50.c -mno-xl-soft-mul -Wl,--no-relax -ffunction-sections -fdata-sections -MMD -MP -MF"src/main.d" -MT"src/main.d" -o "src/main.o" "../src/main.c"
'Finished building: ../src/main.c'
' '
'Building target: P7_Timer_7Seg.elf'
'Invoking: MicroBlaze gcc linker'
mb-gcc -Wl,-T -Wl,../src/lscript.ld -L../../P7_Timer_7Seg_bsp/microblaze_0/lib -mxl-barrel-shift -mxl-pattern-compare -mcpu=v8.50.c -mno-xl-soft-mul -Wl,--no-relax -Wl,--gc-sections -o "P7_Timer_7Seg.elf"  ./src/main.o   -Wl,--start-group,-lxil,-lgcc,-lc,--end-group
'Finished building target: P7_Timer_7Seg.elf'
' '
'Invoking: MicroBlaze Print Size'
mb-size P7_Timer_7Seg.elf  |tee "P7_Timer_7Seg.elf.size"
   text	   data	    bss	    dec	    hex	filename
   5508	    320	   2284	   8112	   1fb0	P7_Timer_7Seg.elf
'Finished building: P7_Timer_7Seg.elf.size'
' '
'Invoking: Xilinx ELF Check'
elfcheck P7_Timer_7Seg.elf -hw ../../soft_processor_hw_platform/system.xml -pe microblaze_0  |tee "P7_Timer_7Seg.elf.elfcheck"
elfcheck
Xilinx EDK 14.7 Build EDK_P.20131013
Copyright (c) 1995-2012 Xilinx, Inc.  All rights reserved.

Command Line: elfcheck -hw ../../soft_processor_hw_platform/system.xml -pe
microblaze_0 P7_Timer_7Seg.elf 

ELF file	: P7_Timer_7Seg.elf
elfcheck passed.
'Finished building: P7_Timer_7Seg.elf.elfcheck'
' '
13:27:12 **** Auto Build of project P7_Timer_7Seg_bsp ****
make -k all 
'Finished building libraries'
13:28:57 **** Auto Build of configuration Debug for project P7_Timer_7Seg ****
make all 
'Building file: ../src/main.c'
'Invoking: MicroBlaze gcc compiler'
mb-gcc -Wall -O0 -g3 -c -fmessage-length=0 -I../../P7_Timer_7Seg_bsp/microblaze_0/include -mxl-barrel-shift -mxl-pattern-compare -mcpu=v8.50.c -mno-xl-soft-mul -Wl,--no-relax -ffunction-sections -fdata-sections -MMD -MP -MF"src/main.d" -MT"src/main.d" -o "src/main.o" "../src/main.c"
'Finished building: ../src/main.c'
' '
'Building target: P7_Timer_7Seg.elf'
'Invoking: MicroBlaze gcc linker'
mb-gcc -Wl,-T -Wl,../src/lscript.ld -L../../P7_Timer_7Seg_bsp/microblaze_0/lib -mxl-barrel-shift -mxl-pattern-compare -mcpu=v8.50.c -mno-xl-soft-mul -Wl,--no-relax -Wl,--gc-sections -o "P7_Timer_7Seg.elf"  ./src/main.o   -Wl,--start-group,-lxil,-lgcc,-lc,--end-group
'Finished building target: P7_Timer_7Seg.elf'
' '
'Invoking: MicroBlaze Print Size'
mb-size P7_Timer_7Seg.elf  |tee "P7_Timer_7Seg.elf.size"
   text	   data	    bss	    dec	    hex	filename
   5508	    320	   2284	   8112	   1fb0	P7_Timer_7Seg.elf
'Finished building: P7_Timer_7Seg.elf.size'
' '
'Invoking: Xilinx ELF Check'
elfcheck P7_Timer_7Seg.elf -hw ../../soft_processor_hw_platform/system.xml -pe microblaze_0  |tee "P7_Timer_7Seg.elf.elfcheck"
elfcheck
Xilinx EDK 14.7 Build EDK_P.20131013
Copyright (c) 1995-2012 Xilinx, Inc.  All rights reserved.

Command Line: elfcheck -hw ../../soft_processor_hw_platform/system.xml -pe
microblaze_0 P7_Timer_7Seg.elf 

ELF file	: P7_Timer_7Seg.elf
elfcheck passed.
'Finished building: P7_Timer_7Seg.elf.elfcheck'
' '
13:28:59 **** Incremental Build of configuration Debug for project P7_Timer_7Seg ****
make all 
make: Nothing to be done for `all'.
13:29:10 **** Auto Build of project P7_Timer_7Seg_bsp ****
make -k all 
'Finished building libraries'
13:29:51 **** Auto Build of configuration Debug for project P7_Timer_7Seg ****
make all 
'Building file: ../src/main.c'
'Invoking: MicroBlaze gcc compiler'
mb-gcc -Wall -O0 -g3 -c -fmessage-length=0 -I../../P7_Timer_7Seg_bsp/microblaze_0/include -mxl-barrel-shift -mxl-pattern-compare -mcpu=v8.50.c -mno-xl-soft-mul -Wl,--no-relax -ffunction-sections -fdata-sections -MMD -MP -MF"src/main.d" -MT"src/main.d" -o "src/main.o" "../src/main.c"
'Finished building: ../src/main.c'
' '
'Building target: P7_Timer_7Seg.elf'
'Invoking: MicroBlaze gcc linker'
mb-gcc -Wl,-T -Wl,../src/lscript.ld -L../../P7_Timer_7Seg_bsp/microblaze_0/lib -mxl-barrel-shift -mxl-pattern-compare -mcpu=v8.50.c -mno-xl-soft-mul -Wl,--no-relax -Wl,--gc-sections -o "P7_Timer_7Seg.elf"  ./src/main.o   -Wl,--start-group,-lxil,-lgcc,-lc,--end-group
'Finished building target: P7_Timer_7Seg.elf'
' '
'Invoking: MicroBlaze Print Size'
mb-size P7_Timer_7Seg.elf  |tee "P7_Timer_7Seg.elf.size"
   text	   data	    bss	    dec	    hex	filename
   6312	    332	   2284	   8928	   22e0	P7_Timer_7Seg.elf
'Finished building: P7_Timer_7Seg.elf.size'
' '
'Invoking: Xilinx ELF Check'
elfcheck P7_Timer_7Seg.elf -hw ../../soft_processor_hw_platform/system.xml -pe microblaze_0  |tee "P7_Timer_7Seg.elf.elfcheck"
elfcheck
Xilinx EDK 14.7 Build EDK_P.20131013
Copyright (c) 1995-2012 Xilinx, Inc.  All rights reserved.

Command Line: elfcheck -hw ../../soft_processor_hw_platform/system.xml -pe
microblaze_0 P7_Timer_7Seg.elf 

ELF file	: P7_Timer_7Seg.elf
elfcheck passed.
'Finished building: P7_Timer_7Seg.elf.elfcheck'
' '
13:30:05 **** Auto Build of configuration Debug for project P7_Timer_7Seg ****
make all 
'Building file: ../src/main.c'
'Invoking: MicroBlaze gcc compiler'
mb-gcc -Wall -O0 -g3 -c -fmessage-length=0 -I../../P7_Timer_7Seg_bsp/microblaze_0/include -mxl-barrel-shift -mxl-pattern-compare -mcpu=v8.50.c -mno-xl-soft-mul -Wl,--no-relax -ffunction-sections -fdata-sections -MMD -MP -MF"src/main.d" -MT"src/main.d" -o "src/main.o" "../src/main.c"
'Finished building: ../src/main.c'
' '
'Building target: P7_Timer_7Seg.elf'
'Invoking: MicroBlaze gcc linker'
mb-gcc -Wl,-T -Wl,../src/lscript.ld -L../../P7_Timer_7Seg_bsp/microblaze_0/lib -mxl-barrel-shift -mxl-pattern-compare -mcpu=v8.50.c -mno-xl-soft-mul -Wl,--no-relax -Wl,--gc-sections -o "P7_Timer_7Seg.elf"  ./src/main.o   -Wl,--start-group,-lxil,-lgcc,-lc,--end-group
'Finished building target: P7_Timer_7Seg.elf'
' '
'Invoking: MicroBlaze Print Size'
mb-size P7_Timer_7Seg.elf  |tee "P7_Timer_7Seg.elf.size"
   text	   data	    bss	    dec	    hex	filename
   6256	    332	   2284	   8872	   22a8	P7_Timer_7Seg.elf
'Finished building: P7_Timer_7Seg.elf.size'
' '
'Invoking: Xilinx ELF Check'
elfcheck P7_Timer_7Seg.elf -hw ../../soft_processor_hw_platform/system.xml -pe microblaze_0  |tee "P7_Timer_7Seg.elf.elfcheck"
elfcheck
Xilinx EDK 14.7 Build EDK_P.20131013
Copyright (c) 1995-2012 Xilinx, Inc.  All rights reserved.

Command Line: elfcheck -hw ../../soft_processor_hw_platform/system.xml -pe
microblaze_0 P7_Timer_7Seg.elf 

ELF file	: P7_Timer_7Seg.elf
elfcheck passed.
'Finished building: P7_Timer_7Seg.elf.elfcheck'
' '
13:30:14 **** Auto Build of project P7_Timer_7Seg_bsp ****
make -k all 
'Finished building libraries'
13:31:08 **** Auto Build of project P7_Timer_7Seg_bsp ****
make -k all 
'Finished building libraries'
13:31:09 **** Auto Build of configuration Debug for project P7_Timer_7Seg ****
make all 
make: Nothing to be done for `all'.
13:31:30 **** Auto Build of project P7_Timer_7Seg_bsp ****
make -k all 
'Finished building libraries'
13:32:24 **** Auto Build of configuration Debug for project P7_Timer_7Seg ****
make all 
'Building file: ../src/main.c'
'Invoking: MicroBlaze gcc compiler'
mb-gcc -Wall -O0 -g3 -c -fmessage-length=0 -I../../P7_Timer_7Seg_bsp/microblaze_0/include -mxl-barrel-shift -mxl-pattern-compare -mcpu=v8.50.c -mno-xl-soft-mul -Wl,--no-relax -ffunction-sections -fdata-sections -MMD -MP -MF"src/main.d" -MT"src/main.d" -o "src/main.o" "../src/main.c"
'Finished building: ../src/main.c'
' '
'Building target: P7_Timer_7Seg.elf'
'Invoking: MicroBlaze gcc linker'
mb-gcc -Wl,-T -Wl,../src/lscript.ld -L../../P7_Timer_7Seg_bsp/microblaze_0/lib -mxl-barrel-shift -mxl-pattern-compare -mcpu=v8.50.c -mno-xl-soft-mul -Wl,--no-relax -Wl,--gc-sections -o "P7_Timer_7Seg.elf"  ./src/main.o   -Wl,--start-group,-lxil,-lgcc,-lc,--end-group
'Finished building target: P7_Timer_7Seg.elf'
' '
'Invoking: MicroBlaze Print Size'
mb-size P7_Timer_7Seg.elf  |tee "P7_Timer_7Seg.elf.size"
   text	   data	    bss	    dec	    hex	filename
   5500	    320	   2284	   8104	   1fa8	P7_Timer_7Seg.elf
'Finished building: P7_Timer_7Seg.elf.size'
' '
'Invoking: Xilinx ELF Check'
elfcheck P7_Timer_7Seg.elf -hw ../../soft_processor_hw_platform/system.xml -pe microblaze_0  |tee "P7_Timer_7Seg.elf.elfcheck"
elfcheck
Xilinx EDK 14.7 Build EDK_P.20131013
Copyright (c) 1995-2012 Xilinx, Inc.  All rights reserved.

Command Line: elfcheck -hw ../../soft_processor_hw_platform/system.xml -pe
microblaze_0 P7_Timer_7Seg.elf 

ELF file	: P7_Timer_7Seg.elf
elfcheck passed.
'Finished building: P7_Timer_7Seg.elf.elfcheck'
' '
13:32:33 **** Auto Build of project P7_Timer_7Seg_bsp ****
make -k all 
'Finished building libraries'
13:33:32 **** Auto Build of configuration Debug for project P7_Timer_7Seg ****
make all 
'Building file: ../src/main.c'
'Invoking: MicroBlaze gcc compiler'
mb-gcc -Wall -O0 -g3 -c -fmessage-length=0 -I../../P7_Timer_7Seg_bsp/microblaze_0/include -mxl-barrel-shift -mxl-pattern-compare -mcpu=v8.50.c -mno-xl-soft-mul -Wl,--no-relax -ffunction-sections -fdata-sections -MMD -MP -MF"src/main.d" -MT"src/main.d" -o "src/main.o" "../src/main.c"
'Finished building: ../src/main.c'
' '
'Building target: P7_Timer_7Seg.elf'
'Invoking: MicroBlaze gcc linker'
mb-gcc -Wl,-T -Wl,../src/lscript.ld -L../../P7_Timer_7Seg_bsp/microblaze_0/lib -mxl-barrel-shift -mxl-pattern-compare -mcpu=v8.50.c -mno-xl-soft-mul -Wl,--no-relax -Wl,--gc-sections -o "P7_Timer_7Seg.elf"  ./src/main.o   -Wl,--start-group,-lxil,-lgcc,-lc,--end-group
'Finished building target: P7_Timer_7Seg.elf'
' '
'Invoking: MicroBlaze Print Size'
mb-size P7_Timer_7Seg.elf  |tee "P7_Timer_7Seg.elf.size"
   text	   data	    bss	    dec	    hex	filename
   5644	    320	   2284	   8248	   2038	P7_Timer_7Seg.elf
'Finished building: P7_Timer_7Seg.elf.size'
' '
'Invoking: Xilinx ELF Check'
elfcheck P7_Timer_7Seg.elf -hw ../../soft_processor_hw_platform/system.xml -pe microblaze_0  |tee "P7_Timer_7Seg.elf.elfcheck"
elfcheck
Xilinx EDK 14.7 Build EDK_P.20131013
Copyright (c) 1995-2012 Xilinx, Inc.  All rights reserved.

Command Line: elfcheck -hw ../../soft_processor_hw_platform/system.xml -pe
microblaze_0 P7_Timer_7Seg.elf 

ELF file	: P7_Timer_7Seg.elf
elfcheck passed.
'Finished building: P7_Timer_7Seg.elf.elfcheck'
' '
13:33:42 **** Auto Build of project P7_Timer_7Seg_bsp ****
make -k all 
'Finished building libraries'
13:34:30 **** Auto Build of configuration Debug for project P7_Timer_7Seg ****
make all 
'Building file: ../src/main.c'
'Invoking: MicroBlaze gcc compiler'
mb-gcc -Wall -O0 -g3 -c -fmessage-length=0 -I../../P7_Timer_7Seg_bsp/microblaze_0/include -mxl-barrel-shift -mxl-pattern-compare -mcpu=v8.50.c -mno-xl-soft-mul -Wl,--no-relax -ffunction-sections -fdata-sections -MMD -MP -MF"src/main.d" -MT"src/main.d" -o "src/main.o" "../src/main.c"
'Finished building: ../src/main.c'
' '
'Building target: P7_Timer_7Seg.elf'
'Invoking: MicroBlaze gcc linker'
mb-gcc -Wl,-T -Wl,../src/lscript.ld -L../../P7_Timer_7Seg_bsp/microblaze_0/lib -mxl-barrel-shift -mxl-pattern-compare -mcpu=v8.50.c -mno-xl-soft-mul -Wl,--no-relax -Wl,--gc-sections -o "P7_Timer_7Seg.elf"  ./src/main.o   -Wl,--start-group,-lxil,-lgcc,-lc,--end-group
'Finished building target: P7_Timer_7Seg.elf'
' '
'Invoking: MicroBlaze Print Size'
mb-size P7_Timer_7Seg.elf  |tee "P7_Timer_7Seg.elf.size"
   text	   data	    bss	    dec	    hex	filename
   5708	    320	   2284	   8312	   2078	P7_Timer_7Seg.elf
'Finished building: P7_Timer_7Seg.elf.size'
' '
'Invoking: Xilinx ELF Check'
elfcheck P7_Timer_7Seg.elf -hw ../../soft_processor_hw_platform/system.xml -pe microblaze_0  |tee "P7_Timer_7Seg.elf.elfcheck"
elfcheck
Xilinx EDK 14.7 Build EDK_P.20131013
Copyright (c) 1995-2012 Xilinx, Inc.  All rights reserved.

Command Line: elfcheck -hw ../../soft_processor_hw_platform/system.xml -pe
microblaze_0 P7_Timer_7Seg.elf 

ELF file	: P7_Timer_7Seg.elf
elfcheck passed.
'Finished building: P7_Timer_7Seg.elf.elfcheck'
' '
13:34:39 **** Auto Build of project P7_Timer_7Seg_bsp ****
make -k all 
'Finished building libraries'
13:35:08 **** Auto Build of configuration Debug for project P7_Timer_7Seg ****
make all 
'Building file: ../src/main.c'
'Invoking: MicroBlaze gcc compiler'
mb-gcc -Wall -O0 -g3 -c -fmessage-length=0 -I../../P7_Timer_7Seg_bsp/microblaze_0/include -mxl-barrel-shift -mxl-pattern-compare -mcpu=v8.50.c -mno-xl-soft-mul -Wl,--no-relax -ffunction-sections -fdata-sections -MMD -MP -MF"src/main.d" -MT"src/main.d" -o "src/main.o" "../src/main.c"
'Finished building: ../src/main.c'
' '
'Building target: P7_Timer_7Seg.elf'
'Invoking: MicroBlaze gcc linker'
mb-gcc -Wl,-T -Wl,../src/lscript.ld -L../../P7_Timer_7Seg_bsp/microblaze_0/lib -mxl-barrel-shift -mxl-pattern-compare -mcpu=v8.50.c -mno-xl-soft-mul -Wl,--no-relax -Wl,--gc-sections -o "P7_Timer_7Seg.elf"  ./src/main.o   -Wl,--start-group,-lxil,-lgcc,-lc,--end-group
'Finished building target: P7_Timer_7Seg.elf'
' '
'Invoking: MicroBlaze Print Size'
mb-size P7_Timer_7Seg.elf  |tee "P7_Timer_7Seg.elf.size"
   text	   data	    bss	    dec	    hex	filename
   5708	    320	   2284	   8312	   2078	P7_Timer_7Seg.elf
'Finished building: P7_Timer_7Seg.elf.size'
' '
'Invoking: Xilinx ELF Check'
elfcheck P7_Timer_7Seg.elf -hw ../../soft_processor_hw_platform/system.xml -pe microblaze_0  |tee "P7_Timer_7Seg.elf.elfcheck"
elfcheck
Xilinx EDK 14.7 Build EDK_P.20131013
Copyright (c) 1995-2012 Xilinx, Inc.  All rights reserved.

Command Line: elfcheck -hw ../../soft_processor_hw_platform/system.xml -pe
microblaze_0 P7_Timer_7Seg.elf 

ELF file	: P7_Timer_7Seg.elf
elfcheck passed.
'Finished building: P7_Timer_7Seg.elf.elfcheck'
' '
13:35:24 **** Auto Build of project P7_Timer_7Seg_bsp ****
make -k all 
'Finished building libraries'
13:36:02 **** Auto Build of configuration Debug for project P7_Timer_7Seg ****
make all 
'Building file: ../src/main.c'
'Invoking: MicroBlaze gcc compiler'
mb-gcc -Wall -O0 -g3 -c -fmessage-length=0 -I../../P7_Timer_7Seg_bsp/microblaze_0/include -mxl-barrel-shift -mxl-pattern-compare -mcpu=v8.50.c -mno-xl-soft-mul -Wl,--no-relax -ffunction-sections -fdata-sections -MMD -MP -MF"src/main.d" -MT"src/main.d" -o "src/main.o" "../src/main.c"
'Finished building: ../src/main.c'
' '
'Building target: P7_Timer_7Seg.elf'
'Invoking: MicroBlaze gcc linker'
mb-gcc -Wl,-T -Wl,../src/lscript.ld -L../../P7_Timer_7Seg_bsp/microblaze_0/lib -mxl-barrel-shift -mxl-pattern-compare -mcpu=v8.50.c -mno-xl-soft-mul -Wl,--no-relax -Wl,--gc-sections -o "P7_Timer_7Seg.elf"  ./src/main.o   -Wl,--start-group,-lxil,-lgcc,-lc,--end-group
'Finished building target: P7_Timer_7Seg.elf'
' '
'Invoking: MicroBlaze Print Size'
mb-size P7_Timer_7Seg.elf  |tee "P7_Timer_7Seg.elf.size"
   text	   data	    bss	    dec	    hex	filename
   5644	    320	   2284	   8248	   2038	P7_Timer_7Seg.elf
'Finished building: P7_Timer_7Seg.elf.size'
' '
'Invoking: Xilinx ELF Check'
elfcheck P7_Timer_7Seg.elf -hw ../../soft_processor_hw_platform/system.xml -pe microblaze_0  |tee "P7_Timer_7Seg.elf.elfcheck"
elfcheck
Xilinx EDK 14.7 Build EDK_P.20131013
Copyright (c) 1995-2012 Xilinx, Inc.  All rights reserved.

Command Line: elfcheck -hw ../../soft_processor_hw_platform/system.xml -pe
microblaze_0 P7_Timer_7Seg.elf 

ELF file	: P7_Timer_7Seg.elf
elfcheck passed.
'Finished building: P7_Timer_7Seg.elf.elfcheck'
' '
13:36:11 **** Auto Build of project P7_Timer_7Seg_bsp ****
make -k all 
'Finished building libraries'
13:37:31 **** Auto Build of configuration Debug for project P7_Timer_7Seg ****
make all 
'Building file: ../src/main.c'
'Invoking: MicroBlaze gcc compiler'
mb-gcc -Wall -O0 -g3 -c -fmessage-length=0 -I../../P7_Timer_7Seg_bsp/microblaze_0/include -mxl-barrel-shift -mxl-pattern-compare -mcpu=v8.50.c -mno-xl-soft-mul -Wl,--no-relax -ffunction-sections -fdata-sections -MMD -MP -MF"src/main.d" -MT"src/main.d" -o "src/main.o" "../src/main.c"
'Finished building: ../src/main.c'
' '
'Building target: P7_Timer_7Seg.elf'
'Invoking: MicroBlaze gcc linker'
mb-gcc -Wl,-T -Wl,../src/lscript.ld -L../../P7_Timer_7Seg_bsp/microblaze_0/lib -mxl-barrel-shift -mxl-pattern-compare -mcpu=v8.50.c -mno-xl-soft-mul -Wl,--no-relax -Wl,--gc-sections -o "P7_Timer_7Seg.elf"  ./src/main.o   -Wl,--start-group,-lxil,-lgcc,-lc,--end-group
'Finished building target: P7_Timer_7Seg.elf'
' '
'Invoking: MicroBlaze Print Size'
mb-size P7_Timer_7Seg.elf  |tee "P7_Timer_7Seg.elf.size"
   text	   data	    bss	    dec	    hex	filename
   5656	    320	   2280	   8256	   2040	P7_Timer_7Seg.elf
'Finished building: P7_Timer_7Seg.elf.size'
' '
'Invoking: Xilinx ELF Check'
elfcheck P7_Timer_7Seg.elf -hw ../../soft_processor_hw_platform/system.xml -pe microblaze_0  |tee "P7_Timer_7Seg.elf.elfcheck"
elfcheck
Xilinx EDK 14.7 Build EDK_P.20131013
Copyright (c) 1995-2012 Xilinx, Inc.  All rights reserved.

Command Line: elfcheck -hw ../../soft_processor_hw_platform/system.xml -pe
microblaze_0 P7_Timer_7Seg.elf 

ELF file	: P7_Timer_7Seg.elf
elfcheck passed.
'Finished building: P7_Timer_7Seg.elf.elfcheck'
' '
13:37:39 **** Auto Build of project P7_Timer_7Seg_bsp ****
make -k all 
'Finished building libraries'
13:38:07 **** Auto Build of project P7_Timer_7Seg_bsp ****
make -k all 
'Finished building libraries'
13:38:33 **** Auto Build of configuration Debug for project P7_Timer_7Seg ****
make all 
'Building file: ../src/main.c'
'Invoking: MicroBlaze gcc compiler'
mb-gcc -Wall -O0 -g3 -c -fmessage-length=0 -I../../P7_Timer_7Seg_bsp/microblaze_0/include -mxl-barrel-shift -mxl-pattern-compare -mcpu=v8.50.c -mno-xl-soft-mul -Wl,--no-relax -ffunction-sections -fdata-sections -MMD -MP -MF"src/main.d" -MT"src/main.d" -o "src/main.o" "../src/main.c"
'Finished building: ../src/main.c'
' '
'Building target: P7_Timer_7Seg.elf'
'Invoking: MicroBlaze gcc linker'
mb-gcc -Wl,-T -Wl,../src/lscript.ld -L../../P7_Timer_7Seg_bsp/microblaze_0/lib -mxl-barrel-shift -mxl-pattern-compare -mcpu=v8.50.c -mno-xl-soft-mul -Wl,--no-relax -Wl,--gc-sections -o "P7_Timer_7Seg.elf"  ./src/main.o   -Wl,--start-group,-lxil,-lgcc,-lc,--end-group
'Finished building target: P7_Timer_7Seg.elf'
' '
'Invoking: MicroBlaze Print Size'
mb-size P7_Timer_7Seg.elf  |tee "P7_Timer_7Seg.elf.size"
   text	   data	    bss	    dec	    hex	filename
   5656	    320	   2280	   8256	   2040	P7_Timer_7Seg.elf
'Finished building: P7_Timer_7Seg.elf.size'
' '
'Invoking: Xilinx ELF Check'
elfcheck P7_Timer_7Seg.elf -hw ../../soft_processor_hw_platform/system.xml -pe microblaze_0  |tee "P7_Timer_7Seg.elf.elfcheck"
elfcheck
Xilinx EDK 14.7 Build EDK_P.20131013
Copyright (c) 1995-2012 Xilinx, Inc.  All rights reserved.

Command Line: elfcheck -hw ../../soft_processor_hw_platform/system.xml -pe
microblaze_0 P7_Timer_7Seg.elf 

ELF file	: P7_Timer_7Seg.elf
elfcheck passed.
'Finished building: P7_Timer_7Seg.elf.elfcheck'
' '
13:38:45 **** Auto Build of configuration Debug for project P7_Timer_7Seg ****
make all 
'Building file: ../src/main.c'
'Invoking: MicroBlaze gcc compiler'
mb-gcc -Wall -O0 -g3 -c -fmessage-length=0 -I../../P7_Timer_7Seg_bsp/microblaze_0/include -mxl-barrel-shift -mxl-pattern-compare -mcpu=v8.50.c -mno-xl-soft-mul -Wl,--no-relax -ffunction-sections -fdata-sections -MMD -MP -MF"src/main.d" -MT"src/main.d" -o "src/main.o" "../src/main.c"
'Finished building: ../src/main.c'
' '
'Building target: P7_Timer_7Seg.elf'
'Invoking: MicroBlaze gcc linker'
mb-gcc -Wl,-T -Wl,../src/lscript.ld -L../../P7_Timer_7Seg_bsp/microblaze_0/lib -mxl-barrel-shift -mxl-pattern-compare -mcpu=v8.50.c -mno-xl-soft-mul -Wl,--no-relax -Wl,--gc-sections -o "P7_Timer_7Seg.elf"  ./src/main.o   -Wl,--start-group,-lxil,-lgcc,-lc,--end-group
'Finished building target: P7_Timer_7Seg.elf'
' '
'Invoking: MicroBlaze Print Size'
mb-size P7_Timer_7Seg.elf  |tee "P7_Timer_7Seg.elf.size"
   text	   data	    bss	    dec	    hex	filename
   5664	    320	   2280	   8264	   2048	P7_Timer_7Seg.elf
'Finished building: P7_Timer_7Seg.elf.size'
' '
'Invoking: Xilinx ELF Check'
elfcheck P7_Timer_7Seg.elf -hw ../../soft_processor_hw_platform/system.xml -pe microblaze_0  |tee "P7_Timer_7Seg.elf.elfcheck"
elfcheck
Xilinx EDK 14.7 Build EDK_P.20131013
Copyright (c) 1995-2012 Xilinx, Inc.  All rights reserved.

Command Line: elfcheck -hw ../../soft_processor_hw_platform/system.xml -pe
microblaze_0 P7_Timer_7Seg.elf 

ELF file	: P7_Timer_7Seg.elf
elfcheck passed.
'Finished building: P7_Timer_7Seg.elf.elfcheck'
' '
13:38:53 **** Auto Build of project P7_Timer_7Seg_bsp ****
make -k all 
'Finished building libraries'
13:39:03 **** Auto Build of configuration Debug for project P7_Timer_7Seg ****
make all 
'Building file: ../src/main.c'
'Invoking: MicroBlaze gcc compiler'
mb-gcc -Wall -O0 -g3 -c -fmessage-length=0 -I../../P7_Timer_7Seg_bsp/microblaze_0/include -mxl-barrel-shift -mxl-pattern-compare -mcpu=v8.50.c -mno-xl-soft-mul -Wl,--no-relax -ffunction-sections -fdata-sections -MMD -MP -MF"src/main.d" -MT"src/main.d" -o "src/main.o" "../src/main.c"
'Finished building: ../src/main.c'
' '
'Building target: P7_Timer_7Seg.elf'
'Invoking: MicroBlaze gcc linker'
mb-gcc -Wl,-T -Wl,../src/lscript.ld -L../../P7_Timer_7Seg_bsp/microblaze_0/lib -mxl-barrel-shift -mxl-pattern-compare -mcpu=v8.50.c -mno-xl-soft-mul -Wl,--no-relax -Wl,--gc-sections -o "P7_Timer_7Seg.elf"  ./src/main.o   -Wl,--start-group,-lxil,-lgcc,-lc,--end-group
'Finished building target: P7_Timer_7Seg.elf'
' '
'Invoking: MicroBlaze Print Size'
mb-size P7_Timer_7Seg.elf  |tee "P7_Timer_7Seg.elf.size"
   text	   data	    bss	    dec	    hex	filename
   5664	    320	   2280	   8264	   2048	P7_Timer_7Seg.elf
'Finished building: P7_Timer_7Seg.elf.size'
' '
'Invoking: Xilinx ELF Check'
elfcheck P7_Timer_7Seg.elf -hw ../../soft_processor_hw_platform/system.xml -pe microblaze_0  |tee "P7_Timer_7Seg.elf.elfcheck"
elfcheck
Xilinx EDK 14.7 Build EDK_P.20131013
Copyright (c) 1995-2012 Xilinx, Inc.  All rights reserved.

Command Line: elfcheck -hw ../../soft_processor_hw_platform/system.xml -pe
microblaze_0 P7_Timer_7Seg.elf 

ELF file	: P7_Timer_7Seg.elf
elfcheck passed.
'Finished building: P7_Timer_7Seg.elf.elfcheck'
' '
13:39:11 **** Auto Build of project P7_Timer_7Seg_bsp ****
make -k all 
'Finished building libraries'
13:39:17 **** Auto Build of configuration Debug for project P7_Timer_7Seg ****
make all 
'Building file: ../src/main.c'
'Invoking: MicroBlaze gcc compiler'
mb-gcc -Wall -O0 -g3 -c -fmessage-length=0 -I../../P7_Timer_7Seg_bsp/microblaze_0/include -mxl-barrel-shift -mxl-pattern-compare -mcpu=v8.50.c -mno-xl-soft-mul -Wl,--no-relax -ffunction-sections -fdata-sections -MMD -MP -MF"src/main.d" -MT"src/main.d" -o "src/main.o" "../src/main.c"
'Finished building: ../src/main.c'
' '
'Building target: P7_Timer_7Seg.elf'
'Invoking: MicroBlaze gcc linker'
mb-gcc -Wl,-T -Wl,../src/lscript.ld -L../../P7_Timer_7Seg_bsp/microblaze_0/lib -mxl-barrel-shift -mxl-pattern-compare -mcpu=v8.50.c -mno-xl-soft-mul -Wl,--no-relax -Wl,--gc-sections -o "P7_Timer_7Seg.elf"  ./src/main.o   -Wl,--start-group,-lxil,-lgcc,-lc,--end-group
'Finished building target: P7_Timer_7Seg.elf'
' '
'Invoking: MicroBlaze Print Size'
mb-size P7_Timer_7Seg.elf  |tee "P7_Timer_7Seg.elf.size"
   text	   data	    bss	    dec	    hex	filename
   5664	    320	   2280	   8264	   2048	P7_Timer_7Seg.elf
'Finished building: P7_Timer_7Seg.elf.size'
' '
'Invoking: Xilinx ELF Check'
elfcheck P7_Timer_7Seg.elf -hw ../../soft_processor_hw_platform/system.xml -pe microblaze_0  |tee "P7_Timer_7Seg.elf.elfcheck"
elfcheck
Xilinx EDK 14.7 Build EDK_P.20131013
Copyright (c) 1995-2012 Xilinx, Inc.  All rights reserved.

Command Line: elfcheck -hw ../../soft_processor_hw_platform/system.xml -pe
microblaze_0 P7_Timer_7Seg.elf 

ELF file	: P7_Timer_7Seg.elf
elfcheck passed.
'Finished building: P7_Timer_7Seg.elf.elfcheck'
' '
13:39:26 **** Auto Build of project P7_Timer_7Seg_bsp ****
make -k all 
'Finished building libraries'
13:39:44 **** Auto Build of configuration Debug for project P7_Timer_7Seg ****
make all 
'Building file: ../src/main.c'
'Invoking: MicroBlaze gcc compiler'
mb-gcc -Wall -O0 -g3 -c -fmessage-length=0 -I../../P7_Timer_7Seg_bsp/microblaze_0/include -mxl-barrel-shift -mxl-pattern-compare -mcpu=v8.50.c -mno-xl-soft-mul -Wl,--no-relax -ffunction-sections -fdata-sections -MMD -MP -MF"src/main.d" -MT"src/main.d" -o "src/main.o" "../src/main.c"
'Finished building: ../src/main.c'
' '
'Building target: P7_Timer_7Seg.elf'
'Invoking: MicroBlaze gcc linker'
mb-gcc -Wl,-T -Wl,../src/lscript.ld -L../../P7_Timer_7Seg_bsp/microblaze_0/lib -mxl-barrel-shift -mxl-pattern-compare -mcpu=v8.50.c -mno-xl-soft-mul -Wl,--no-relax -Wl,--gc-sections -o "P7_Timer_7Seg.elf"  ./src/main.o   -Wl,--start-group,-lxil,-lgcc,-lc,--end-group
'Finished building target: P7_Timer_7Seg.elf'
' '
'Invoking: MicroBlaze Print Size'
mb-size P7_Timer_7Seg.elf  |tee "P7_Timer_7Seg.elf.size"
   text	   data	    bss	    dec	    hex	filename
   5664	    320	   2280	   8264	   2048	P7_Timer_7Seg.elf
'Finished building: P7_Timer_7Seg.elf.size'
' '
'Invoking: Xilinx ELF Check'
elfcheck P7_Timer_7Seg.elf -hw ../../soft_processor_hw_platform/system.xml -pe microblaze_0  |tee "P7_Timer_7Seg.elf.elfcheck"
elfcheck
Xilinx EDK 14.7 Build EDK_P.20131013
Copyright (c) 1995-2012 Xilinx, Inc.  All rights reserved.

Command Line: elfcheck -hw ../../soft_processor_hw_platform/system.xml -pe
microblaze_0 P7_Timer_7Seg.elf 

ELF file	: P7_Timer_7Seg.elf
elfcheck passed.
'Finished building: P7_Timer_7Seg.elf.elfcheck'
' '
13:39:54 **** Auto Build of project P7_Timer_7Seg_bsp ****
make -k all 
'Finished building libraries'
13:40:47 **** Auto Build of configuration Debug for project P7_Timer_7Seg ****
make all 
'Building file: ../src/main.c'
'Invoking: MicroBlaze gcc compiler'
mb-gcc -Wall -O0 -g3 -c -fmessage-length=0 -I../../P7_Timer_7Seg_bsp/microblaze_0/include -mxl-barrel-shift -mxl-pattern-compare -mcpu=v8.50.c -mno-xl-soft-mul -Wl,--no-relax -ffunction-sections -fdata-sections -MMD -MP -MF"src/main.d" -MT"src/main.d" -o "src/main.o" "../src/main.c"
'Finished building: ../src/main.c'
' '
'Building target: P7_Timer_7Seg.elf'
'Invoking: MicroBlaze gcc linker'
mb-gcc -Wl,-T -Wl,../src/lscript.ld -L../../P7_Timer_7Seg_bsp/microblaze_0/lib -mxl-barrel-shift -mxl-pattern-compare -mcpu=v8.50.c -mno-xl-soft-mul -Wl,--no-relax -Wl,--gc-sections -o "P7_Timer_7Seg.elf"  ./src/main.o   -Wl,--start-group,-lxil,-lgcc,-lc,--end-group
'Finished building target: P7_Timer_7Seg.elf'
' '
'Invoking: MicroBlaze Print Size'
mb-size P7_Timer_7Seg.elf  |tee "P7_Timer_7Seg.elf.size"
   text	   data	    bss	    dec	    hex	filename
   5664	    320	   2280	   8264	   2048	P7_Timer_7Seg.elf
'Finished building: P7_Timer_7Seg.elf.size'
' '
'Invoking: Xilinx ELF Check'
elfcheck P7_Timer_7Seg.elf -hw ../../soft_processor_hw_platform/system.xml -pe microblaze_0  |tee "P7_Timer_7Seg.elf.elfcheck"
elfcheck
Xilinx EDK 14.7 Build EDK_P.20131013
Copyright (c) 1995-2012 Xilinx, Inc.  All rights reserved.

Command Line: elfcheck -hw ../../soft_processor_hw_platform/system.xml -pe
microblaze_0 P7_Timer_7Seg.elf 

ELF file	: P7_Timer_7Seg.elf
elfcheck passed.
'Finished building: P7_Timer_7Seg.elf.elfcheck'
' '
13:40:56 **** Auto Build of project P7_Timer_7Seg_bsp ****
make -k all 
'Finished building libraries'
13:43:01 **** Auto Build of configuration Debug for project P7_Timer_7Seg ****
make all 
'Building file: ../src/main.c'
'Invoking: MicroBlaze gcc compiler'
mb-gcc -Wall -O0 -g3 -c -fmessage-length=0 -I../../P7_Timer_7Seg_bsp/microblaze_0/include -mxl-barrel-shift -mxl-pattern-compare -mcpu=v8.50.c -mno-xl-soft-mul -Wl,--no-relax -ffunction-sections -fdata-sections -MMD -MP -MF"src/main.d" -MT"src/main.d" -o "src/main.o" "../src/main.c"
'Finished building: ../src/main.c'
' '
'Building target: P7_Timer_7Seg.elf'
'Invoking: MicroBlaze gcc linker'
mb-gcc -Wl,-T -Wl,../src/lscript.ld -L../../P7_Timer_7Seg_bsp/microblaze_0/lib -mxl-barrel-shift -mxl-pattern-compare -mcpu=v8.50.c -mno-xl-soft-mul -Wl,--no-relax -Wl,--gc-sections -o "P7_Timer_7Seg.elf"  ./src/main.o   -Wl,--start-group,-lxil,-lgcc,-lc,--end-group
'Finished building target: P7_Timer_7Seg.elf'
' '
'Invoking: MicroBlaze Print Size'
mb-size P7_Timer_7Seg.elf  |tee "P7_Timer_7Seg.elf.size"
   text	   data	    bss	    dec	    hex	filename
   5664	    320	   2280	   8264	   2048	P7_Timer_7Seg.elf
'Finished building: P7_Timer_7Seg.elf.size'
' '
'Invoking: Xilinx ELF Check'
elfcheck P7_Timer_7Seg.elf -hw ../../soft_processor_hw_platform/system.xml -pe microblaze_0  |tee "P7_Timer_7Seg.elf.elfcheck"
elfcheck
Xilinx EDK 14.7 Build EDK_P.20131013
Copyright (c) 1995-2012 Xilinx, Inc.  All rights reserved.

Command Line: elfcheck -hw ../../soft_processor_hw_platform/system.xml -pe
microblaze_0 P7_Timer_7Seg.elf 

ELF file	: P7_Timer_7Seg.elf
elfcheck passed.
'Finished building: P7_Timer_7Seg.elf.elfcheck'
' '
13:43:12 **** Auto Build of project P7_Timer_7Seg_bsp ****
make -k all 
'Finished building libraries'
13:43:32 **** Auto Build of configuration Debug for project P7_Timer_7Seg ****
make all 
'Building file: ../src/main.c'
'Invoking: MicroBlaze gcc compiler'
mb-gcc -Wall -O0 -g3 -c -fmessage-length=0 -I../../P7_Timer_7Seg_bsp/microblaze_0/include -mxl-barrel-shift -mxl-pattern-compare -mcpu=v8.50.c -mno-xl-soft-mul -Wl,--no-relax -ffunction-sections -fdata-sections -MMD -MP -MF"src/main.d" -MT"src/main.d" -o "src/main.o" "../src/main.c"
'Finished building: ../src/main.c'
' '
'Building target: P7_Timer_7Seg.elf'
'Invoking: MicroBlaze gcc linker'
mb-gcc -Wl,-T -Wl,../src/lscript.ld -L../../P7_Timer_7Seg_bsp/microblaze_0/lib -mxl-barrel-shift -mxl-pattern-compare -mcpu=v8.50.c -mno-xl-soft-mul -Wl,--no-relax -Wl,--gc-sections -o "P7_Timer_7Seg.elf"  ./src/main.o   -Wl,--start-group,-lxil,-lgcc,-lc,--end-group
'Finished building target: P7_Timer_7Seg.elf'
' '
'Invoking: MicroBlaze Print Size'
mb-size P7_Timer_7Seg.elf  |tee "P7_Timer_7Seg.elf.size"
   text	   data	    bss	    dec	    hex	filename
   5664	    320	   2280	   8264	   2048	P7_Timer_7Seg.elf
'Finished building: P7_Timer_7Seg.elf.size'
' '
'Invoking: Xilinx ELF Check'
elfcheck P7_Timer_7Seg.elf -hw ../../soft_processor_hw_platform/system.xml -pe microblaze_0  |tee "P7_Timer_7Seg.elf.elfcheck"
elfcheck
Xilinx EDK 14.7 Build EDK_P.20131013
Copyright (c) 1995-2012 Xilinx, Inc.  All rights reserved.

Command Line: elfcheck -hw ../../soft_processor_hw_platform/system.xml -pe
microblaze_0 P7_Timer_7Seg.elf 

ELF file	: P7_Timer_7Seg.elf
elfcheck passed.
'Finished building: P7_Timer_7Seg.elf.elfcheck'
' '
13:43:41 **** Auto Build of project P7_Timer_7Seg_bsp ****
make -k all 
'Finished building libraries'
13:44:38 **** Auto Build of configuration Debug for project P7_Timer_7Seg ****
make all 
'Building file: ../src/main.c'
'Invoking: MicroBlaze gcc compiler'
mb-gcc -Wall -O0 -g3 -c -fmessage-length=0 -I../../P7_Timer_7Seg_bsp/microblaze_0/include -mxl-barrel-shift -mxl-pattern-compare -mcpu=v8.50.c -mno-xl-soft-mul -Wl,--no-relax -ffunction-sections -fdata-sections -MMD -MP -MF"src/main.d" -MT"src/main.d" -o "src/main.o" "../src/main.c"
'Finished building: ../src/main.c'
' '
'Building target: P7_Timer_7Seg.elf'
'Invoking: MicroBlaze gcc linker'
mb-gcc -Wl,-T -Wl,../src/lscript.ld -L../../P7_Timer_7Seg_bsp/microblaze_0/lib -mxl-barrel-shift -mxl-pattern-compare -mcpu=v8.50.c -mno-xl-soft-mul -Wl,--no-relax -Wl,--gc-sections -o "P7_Timer_7Seg.elf"  ./src/main.o   -Wl,--start-group,-lxil,-lgcc,-lc,--end-group
'Finished building target: P7_Timer_7Seg.elf'
' '
'Invoking: MicroBlaze Print Size'
mb-size P7_Timer_7Seg.elf  |tee "P7_Timer_7Seg.elf.size"
   text	   data	    bss	    dec	    hex	filename
   5740	    320	   2284	   8344	   2098	P7_Timer_7Seg.elf
'Finished building: P7_Timer_7Seg.elf.size'
' '
'Invoking: Xilinx ELF Check'
elfcheck P7_Timer_7Seg.elf -hw ../../soft_processor_hw_platform/system.xml -pe microblaze_0  |tee "P7_Timer_7Seg.elf.elfcheck"
elfcheck
Xilinx EDK 14.7 Build EDK_P.20131013
Copyright (c) 1995-2012 Xilinx, Inc.  All rights reserved.

Command Line: elfcheck -hw ../../soft_processor_hw_platform/system.xml -pe
microblaze_0 P7_Timer_7Seg.elf 

ELF file	: P7_Timer_7Seg.elf
elfcheck passed.
'Finished building: P7_Timer_7Seg.elf.elfcheck'
' '
13:44:46 **** Auto Build of project P7_Timer_7Seg_bsp ****
make -k all 
'Finished building libraries'
13:59:21 **** Auto Build of configuration Debug for project P7_Timer_7Seg ****
make all 
'Building file: ../src/main.c'
'Invoking: MicroBlaze gcc compiler'
mb-gcc -Wall -O0 -g3 -c -fmessage-length=0 -I../../P7_Timer_7Seg_bsp/microblaze_0/include -mxl-barrel-shift -mxl-pattern-compare -mcpu=v8.50.c -mno-xl-soft-mul -Wl,--no-relax -ffunction-sections -fdata-sections -MMD -MP -MF"src/main.d" -MT"src/main.d" -o "src/main.o" "../src/main.c"
'Finished building: ../src/main.c'
' '
'Building target: P7_Timer_7Seg.elf'
'Invoking: MicroBlaze gcc linker'
mb-gcc -Wl,-T -Wl,../src/lscript.ld -L../../P7_Timer_7Seg_bsp/microblaze_0/lib -mxl-barrel-shift -mxl-pattern-compare -mcpu=v8.50.c -mno-xl-soft-mul -Wl,--no-relax -Wl,--gc-sections -o "P7_Timer_7Seg.elf"  ./src/main.o   -Wl,--start-group,-lxil,-lgcc,-lc,--end-group
'Finished building target: P7_Timer_7Seg.elf'
' '
'Invoking: MicroBlaze Print Size'
mb-size P7_Timer_7Seg.elf  |tee "P7_Timer_7Seg.elf.size"
   text	   data	    bss	    dec	    hex	filename
   5736	    320	   2280	   8336	   2090	P7_Timer_7Seg.elf
'Finished building: P7_Timer_7Seg.elf.size'
' '
'Invoking: Xilinx ELF Check'
elfcheck P7_Timer_7Seg.elf -hw ../../soft_processor_hw_platform/system.xml -pe microblaze_0  |tee "P7_Timer_7Seg.elf.elfcheck"
elfcheck
Xilinx EDK 14.7 Build EDK_P.20131013
Copyright (c) 1995-2012 Xilinx, Inc.  All rights reserved.

Command Line: elfcheck -hw ../../soft_processor_hw_platform/system.xml -pe
microblaze_0 P7_Timer_7Seg.elf 

[...]
' '
14:16:32 **** Auto Build of configuration Debug for project P7_Timer_7Seg ****
make all 
'Building file: ../src/main.c'
'Invoking: MicroBlaze gcc compiler'
mb-gcc -Wall -O0 -g3 -c -fmessage-length=0 -I../../P7_Timer_7Seg_bsp/microblaze_0/include -mxl-barrel-shift -mxl-pattern-compare -mcpu=v8.50.c -mno-xl-soft-mul -Wl,--no-relax -ffunction-sections -fdata-sections -MMD -MP -MF"src/main.d" -MT"src/main.d" -o "src/main.o" "../src/main.c"
'Finished building: ../src/main.c'
' '
'Building target: P7_Timer_7Seg.elf'
'Invoking: MicroBlaze gcc linker'
mb-gcc -Wl,-T -Wl,../src/lscript.ld -L../../P7_Timer_7Seg_bsp/microblaze_0/lib -mxl-barrel-shift -mxl-pattern-compare -mcpu=v8.50.c -mno-xl-soft-mul -Wl,--no-relax -Wl,--gc-sections -o "P7_Timer_7Seg.elf"  ./src/main.o   -Wl,--start-group,-lxil,-lgcc,-lc,--end-group
'Finished building target: P7_Timer_7Seg.elf'
' '
'Invoking: MicroBlaze Print Size'
mb-size P7_Timer_7Seg.elf  |tee "P7_Timer_7Seg.elf.size"
   text	   data	    bss	    dec	    hex	filename
   5756	    320	   2292	   8368	   20b0	P7_Timer_7Seg.elf
'Finished building: P7_Timer_7Seg.elf.size'
' '
'Invoking: Xilinx ELF Check'
elfcheck P7_Timer_7Seg.elf -hw ../../soft_processor_hw_platform/system.xml -pe microblaze_0  |tee "P7_Timer_7Seg.elf.elfcheck"
elfcheck
Xilinx EDK 14.7 Build EDK_P.20131013
Copyright (c) 1995-2012 Xilinx, Inc.  All rights reserved.

Command Line: elfcheck -hw ../../soft_processor_hw_platform/system.xml -pe
microblaze_0 P7_Timer_7Seg.elf 

ELF file	: P7_Timer_7Seg.elf
elfcheck passed.
'Finished building: P7_Timer_7Seg.elf.elfcheck'
' '
14:16:47 **** Auto Build of project P7_Timer_7Seg_bsp ****
make -k all 
'Finished building libraries'
14:17:17 **** Auto Build of configuration Debug for project P7_Timer_7Seg ****
make all 
'Building file: ../src/main.c'
'Invoking: MicroBlaze gcc compiler'
mb-gcc -Wall -O0 -g3 -c -fmessage-length=0 -I../../P7_Timer_7Seg_bsp/microblaze_0/include -mxl-barrel-shift -mxl-pattern-compare -mcpu=v8.50.c -mno-xl-soft-mul -Wl,--no-relax -ffunction-sections -fdata-sections -MMD -MP -MF"src/main.d" -MT"src/main.d" -o "src/main.o" "../src/main.c"
'Finished building: ../src/main.c'
' '
'Building target: P7_Timer_7Seg.elf'
'Invoking: MicroBlaze gcc linker'
mb-gcc -Wl,-T -Wl,../src/lscript.ld -L../../P7_Timer_7Seg_bsp/microblaze_0/lib -mxl-barrel-shift -mxl-pattern-compare -mcpu=v8.50.c -mno-xl-soft-mul -Wl,--no-relax -Wl,--gc-sections -o "P7_Timer_7Seg.elf"  ./src/main.o   -Wl,--start-group,-lxil,-lgcc,-lc,--end-group
'Finished building target: P7_Timer_7Seg.elf'
' '
'Invoking: MicroBlaze Print Size'
mb-size P7_Timer_7Seg.elf  |tee "P7_Timer_7Seg.elf.size"
   text	   data	    bss	    dec	    hex	filename
   5756	    320	   2292	   8368	   20b0	P7_Timer_7Seg.elf
'Finished building: P7_Timer_7Seg.elf.size'
' '
'Invoking: Xilinx ELF Check'
elfcheck P7_Timer_7Seg.elf -hw ../../soft_processor_hw_platform/system.xml -pe microblaze_0  |tee "P7_Timer_7Seg.elf.elfcheck"
elfcheck
Xilinx EDK 14.7 Build EDK_P.20131013
Copyright (c) 1995-2012 Xilinx, Inc.  All rights reserved.

Command Line: elfcheck -hw ../../soft_processor_hw_platform/system.xml -pe
microblaze_0 P7_Timer_7Seg.elf 

ELF file	: P7_Timer_7Seg.elf
elfcheck passed.
'Finished building: P7_Timer_7Seg.elf.elfcheck'
' '
14:17:28 **** Auto Build of project P7_Timer_7Seg_bsp ****
make -k all 
'Finished building libraries'
14:17:49 **** Auto Build of configuration Debug for project P7_Timer_7Seg ****
make all 
'Building file: ../src/main.c'
'Invoking: MicroBlaze gcc compiler'
mb-gcc -Wall -O0 -g3 -c -fmessage-length=0 -I../../P7_Timer_7Seg_bsp/microblaze_0/include -mxl-barrel-shift -mxl-pattern-compare -mcpu=v8.50.c -mno-xl-soft-mul -Wl,--no-relax -ffunction-sections -fdata-sections -MMD -MP -MF"src/main.d" -MT"src/main.d" -o "src/main.o" "../src/main.c"
'Finished building: ../src/main.c'
' '
'Building target: P7_Timer_7Seg.elf'
'Invoking: MicroBlaze gcc linker'
mb-gcc -Wl,-T -Wl,../src/lscript.ld -L../../P7_Timer_7Seg_bsp/microblaze_0/lib -mxl-barrel-shift -mxl-pattern-compare -mcpu=v8.50.c -mno-xl-soft-mul -Wl,--no-relax -Wl,--gc-sections -o "P7_Timer_7Seg.elf"  ./src/main.o   -Wl,--start-group,-lxil,-lgcc,-lc,--end-group
'Finished building target: P7_Timer_7Seg.elf'
' '
'Invoking: MicroBlaze Print Size'
mb-size P7_Timer_7Seg.elf  |tee "P7_Timer_7Seg.elf.size"
   text	   data	    bss	    dec	    hex	filename
   5756	    320	   2292	   8368	   20b0	P7_Timer_7Seg.elf
'Finished building: P7_Timer_7Seg.elf.size'
' '
'Invoking: Xilinx ELF Check'
elfcheck P7_Timer_7Seg.elf -hw ../../soft_processor_hw_platform/system.xml -pe microblaze_0  |tee "P7_Timer_7Seg.elf.elfcheck"
elfcheck
Xilinx EDK 14.7 Build EDK_P.20131013
Copyright (c) 1995-2012 Xilinx, Inc.  All rights reserved.

Command Line: elfcheck -hw ../../soft_processor_hw_platform/system.xml -pe
microblaze_0 P7_Timer_7Seg.elf 

ELF file	: P7_Timer_7Seg.elf
elfcheck passed.
'Finished building: P7_Timer_7Seg.elf.elfcheck'
' '
14:17:57 **** Auto Build of project P7_Timer_7Seg_bsp ****
make -k all 
'Finished building libraries'
14:18:08 **** Auto Build of configuration Debug for project P7_Timer_7Seg ****
make all 
'Building file: ../src/main.c'
'Invoking: MicroBlaze gcc compiler'
mb-gcc -Wall -O0 -g3 -c -fmessage-length=0 -I../../P7_Timer_7Seg_bsp/microblaze_0/include -mxl-barrel-shift -mxl-pattern-compare -mcpu=v8.50.c -mno-xl-soft-mul -Wl,--no-relax -ffunction-sections -fdata-sections -MMD -MP -MF"src/main.d" -MT"src/main.d" -o "src/main.o" "../src/main.c"
'Finished building: ../src/main.c'
' '
'Building target: P7_Timer_7Seg.elf'
'Invoking: MicroBlaze gcc linker'
mb-gcc -Wl,-T -Wl,../src/lscript.ld -L../../P7_Timer_7Seg_bsp/microblaze_0/lib -mxl-barrel-shift -mxl-pattern-compare -mcpu=v8.50.c -mno-xl-soft-mul -Wl,--no-relax -Wl,--gc-sections -o "P7_Timer_7Seg.elf"  ./src/main.o   -Wl,--start-group,-lxil,-lgcc,-lc,--end-group
'Finished building target: P7_Timer_7Seg.elf'
' '
'Invoking: MicroBlaze Print Size'
mb-size P7_Timer_7Seg.elf  |tee "P7_Timer_7Seg.elf.size"
   text	   data	    bss	    dec	    hex	filename
   5736	    320	   2288	   8344	   2098	P7_Timer_7Seg.elf
'Finished building: P7_Timer_7Seg.elf.size'
' '
'Invoking: Xilinx ELF Check'
elfcheck P7_Timer_7Seg.elf -hw ../../soft_processor_hw_platform/system.xml -pe microblaze_0  |tee "P7_Timer_7Seg.elf.elfcheck"
elfcheck
Xilinx EDK 14.7 Build EDK_P.20131013
Copyright (c) 1995-2012 Xilinx, Inc.  All rights reserved.

Command Line: elfcheck -hw ../../soft_processor_hw_platform/system.xml -pe
microblaze_0 P7_Timer_7Seg.elf 

ELF file	: P7_Timer_7Seg.elf
elfcheck passed.
'Finished building: P7_Timer_7Seg.elf.elfcheck'
' '
14:18:18 **** Auto Build of project P7_Timer_7Seg_bsp ****
make -k all 
'Finished building libraries'
14:18:27 **** Auto Build of configuration Debug for project P7_Timer_7Seg ****
make all 
'Building file: ../src/main.c'
'Invoking: MicroBlaze gcc compiler'
mb-gcc -Wall -O0 -g3 -c -fmessage-length=0 -I../../P7_Timer_7Seg_bsp/microblaze_0/include -mxl-barrel-shift -mxl-pattern-compare -mcpu=v8.50.c -mno-xl-soft-mul -Wl,--no-relax -ffunction-sections -fdata-sections -MMD -MP -MF"src/main.d" -MT"src/main.d" -o "src/main.o" "../src/main.c"
'Finished building: ../src/main.c'
' '
'Building target: P7_Timer_7Seg.elf'
'Invoking: MicroBlaze gcc linker'
mb-gcc -Wl,-T -Wl,../src/lscript.ld -L../../P7_Timer_7Seg_bsp/microblaze_0/lib -mxl-barrel-shift -mxl-pattern-compare -mcpu=v8.50.c -mno-xl-soft-mul -Wl,--no-relax -Wl,--gc-sections -o "P7_Timer_7Seg.elf"  ./src/main.o   -Wl,--start-group,-lxil,-lgcc,-lc,--end-group
'Finished building target: P7_Timer_7Seg.elf'
' '
'Invoking: MicroBlaze Print Size'
mb-size P7_Timer_7Seg.elf  |tee "P7_Timer_7Seg.elf.size"
   text	   data	    bss	    dec	    hex	filename
   5736	    320	   2288	   8344	   2098	P7_Timer_7Seg.elf
'Finished building: P7_Timer_7Seg.elf.size'
' '
'Invoking: Xilinx ELF Check'
elfcheck P7_Timer_7Seg.elf -hw ../../soft_processor_hw_platform/system.xml -pe microblaze_0  |tee "P7_Timer_7Seg.elf.elfcheck"
elfcheck
Xilinx EDK 14.7 Build EDK_P.20131013
Copyright (c) 1995-2012 Xilinx, Inc.  All rights reserved.

Command Line: elfcheck -hw ../../soft_processor_hw_platform/system.xml -pe
microblaze_0 P7_Timer_7Seg.elf 

ELF file	: P7_Timer_7Seg.elf
elfcheck passed.
'Finished building: P7_Timer_7Seg.elf.elfcheck'
' '
14:18:35 **** Auto Build of project P7_Timer_7Seg_bsp ****
make -k all 
'Finished building libraries'
14:18:50 **** Auto Build of configuration Debug for project P7_Timer_7Seg ****
make all 
'Building file: ../src/main.c'
'Invoking: MicroBlaze gcc compiler'
mb-gcc -Wall -O0 -g3 -c -fmessage-length=0 -I../../P7_Timer_7Seg_bsp/microblaze_0/include -mxl-barrel-shift -mxl-pattern-compare -mcpu=v8.50.c -mno-xl-soft-mul -Wl,--no-relax -ffunction-sections -fdata-sections -MMD -MP -MF"src/main.d" -MT"src/main.d" -o "src/main.o" "../src/main.c"
'Finished building: ../src/main.c'
' '
'Building target: P7_Timer_7Seg.elf'
'Invoking: MicroBlaze gcc linker'
mb-gcc -Wl,-T -Wl,../src/lscript.ld -L../../P7_Timer_7Seg_bsp/microblaze_0/lib -mxl-barrel-shift -mxl-pattern-compare -mcpu=v8.50.c -mno-xl-soft-mul -Wl,--no-relax -Wl,--gc-sections -o "P7_Timer_7Seg.elf"  ./src/main.o   -Wl,--start-group,-lxil,-lgcc,-lc,--end-group
'Finished building target: P7_Timer_7Seg.elf'
' '
'Invoking: MicroBlaze Print Size'
mb-size P7_Timer_7Seg.elf  |tee "P7_Timer_7Seg.elf.size"
   text	   data	    bss	    dec	    hex	filename
   5736	    320	   2288	   8344	   2098	P7_Timer_7Seg.elf
'Finished building: P7_Timer_7Seg.elf.size'
' '
'Invoking: Xilinx ELF Check'
elfcheck P7_Timer_7Seg.elf -hw ../../soft_processor_hw_platform/system.xml -pe microblaze_0  |tee "P7_Timer_7Seg.elf.elfcheck"
elfcheck
Xilinx EDK 14.7 Build EDK_P.20131013
Copyright (c) 1995-2012 Xilinx, Inc.  All rights reserved.

Command Line: elfcheck -hw ../../soft_processor_hw_platform/system.xml -pe
microblaze_0 P7_Timer_7Seg.elf 

ELF file	: P7_Timer_7Seg.elf
elfcheck passed.
'Finished building: P7_Timer_7Seg.elf.elfcheck'
' '
14:18:58 **** Auto Build of project P7_Timer_7Seg_bsp ****
make -k all 
'Finished building libraries'
14:19:56 **** Auto Build of configuration Debug for project P7_Timer_7Seg ****
make all 
'Building file: ../src/main.c'
'Invoking: MicroBlaze gcc compiler'
mb-gcc -Wall -O0 -g3 -c -fmessage-length=0 -I../../P7_Timer_7Seg_bsp/microblaze_0/include -mxl-barrel-shift -mxl-pattern-compare -mcpu=v8.50.c -mno-xl-soft-mul -Wl,--no-relax -ffunction-sections -fdata-sections -MMD -MP -MF"src/main.d" -MT"src/main.d" -o "src/main.o" "../src/main.c"
'Finished building: ../src/main.c'
' '
'Building target: P7_Timer_7Seg.elf'
'Invoking: MicroBlaze gcc linker'
mb-gcc -Wl,-T -Wl,../src/lscript.ld -L../../P7_Timer_7Seg_bsp/microblaze_0/lib -mxl-barrel-shift -mxl-pattern-compare -mcpu=v8.50.c -mno-xl-soft-mul -Wl,--no-relax -Wl,--gc-sections -o "P7_Timer_7Seg.elf"  ./src/main.o   -Wl,--start-group,-lxil,-lgcc,-lc,--end-group
'Finished building target: P7_Timer_7Seg.elf'
' '
'Invoking: MicroBlaze Print Size'
mb-size P7_Timer_7Seg.elf  |tee "P7_Timer_7Seg.elf.size"
   text	   data	    bss	    dec	    hex	filename
   5612	    320	   2284	   8216	   2018	P7_Timer_7Seg.elf
'Finished building: P7_Timer_7Seg.elf.size'
' '
'Invoking: Xilinx ELF Check'
elfcheck P7_Timer_7Seg.elf -hw ../../soft_processor_hw_platform/system.xml -pe microblaze_0  |tee "P7_Timer_7Seg.elf.elfcheck"
elfcheck
Xilinx EDK 14.7 Build EDK_P.20131013
Copyright (c) 1995-2012 Xilinx, Inc.  All rights reserved.

Command Line: elfcheck -hw ../../soft_processor_hw_platform/system.xml -pe
microblaze_0 P7_Timer_7Seg.elf 

ELF file	: P7_Timer_7Seg.elf
elfcheck passed.
'Finished building: P7_Timer_7Seg.elf.elfcheck'
' '
14:20:05 **** Auto Build of project P7_Timer_7Seg_bsp ****
make -k all 
'Finished building libraries'
14:20:13 **** Auto Build of configuration Debug for project P7_Timer_7Seg ****
make all 
'Building file: ../src/main.c'
'Invoking: MicroBlaze gcc compiler'
mb-gcc -Wall -O0 -g3 -c -fmessage-length=0 -I../../P7_Timer_7Seg_bsp/microblaze_0/include -mxl-barrel-shift -mxl-pattern-compare -mcpu=v8.50.c -mno-xl-soft-mul -Wl,--no-relax -ffunction-sections -fdata-sections -MMD -MP -MF"src/main.d" -MT"src/main.d" -o "src/main.o" "../src/main.c"
'Finished building: ../src/main.c'
' '
'Building target: P7_Timer_7Seg.elf'
'Invoking: MicroBlaze gcc linker'
mb-gcc -Wl,-T -Wl,../src/lscript.ld -L../../P7_Timer_7Seg_bsp/microblaze_0/lib -mxl-barrel-shift -mxl-pattern-compare -mcpu=v8.50.c -mno-xl-soft-mul -Wl,--no-relax -Wl,--gc-sections -o "P7_Timer_7Seg.elf"  ./src/main.o   -Wl,--start-group,-lxil,-lgcc,-lc,--end-group
'Finished building target: P7_Timer_7Seg.elf'
' '
'Invoking: MicroBlaze Print Size'
mb-size P7_Timer_7Seg.elf  |tee "P7_Timer_7Seg.elf.size"
   text	   data	    bss	    dec	    hex	filename
   5604	    320	   2284	   8208	   2010	P7_Timer_7Seg.elf
'Finished building: P7_Timer_7Seg.elf.size'
' '
'Invoking: Xilinx ELF Check'
elfcheck P7_Timer_7Seg.elf -hw ../../soft_processor_hw_platform/system.xml -pe microblaze_0  |tee "P7_Timer_7Seg.elf.elfcheck"
elfcheck
Xilinx EDK 14.7 Build EDK_P.20131013
Copyright (c) 1995-2012 Xilinx, Inc.  All rights reserved.

Command Line: elfcheck -hw ../../soft_processor_hw_platform/system.xml -pe
microblaze_0 P7_Timer_7Seg.elf 

ELF file	: P7_Timer_7Seg.elf
elfcheck passed.
'Finished building: P7_Timer_7Seg.elf.elfcheck'
' '
14:20:21 **** Auto Build of project P7_Timer_7Seg_bsp ****
make -k all 
'Finished building libraries'
14:25:37 **** Auto Build of configuration Debug for project P7_Timer_7Seg ****
make all 
'Building file: ../src/main.c'
'Invoking: MicroBlaze gcc compiler'
mb-gcc -Wall -O0 -g3 -c -fmessage-length=0 -I../../P7_Timer_7Seg_bsp/microblaze_0/include -mxl-barrel-shift -mxl-pattern-compare -mcpu=v8.50.c -mno-xl-soft-mul -Wl,--no-relax -ffunction-sections -fdata-sections -MMD -MP -MF"src/main.d" -MT"src/main.d" -o "src/main.o" "../src/main.c"
'Finished building: ../src/main.c'
' '
'Building target: P7_Timer_7Seg.elf'
'Invoking: MicroBlaze gcc linker'
mb-gcc -Wl,-T -Wl,../src/lscript.ld -L../../P7_Timer_7Seg_bsp/microblaze_0/lib -mxl-barrel-shift -mxl-pattern-compare -mcpu=v8.50.c -mno-xl-soft-mul -Wl,--no-relax -Wl,--gc-sections -o "P7_Timer_7Seg.elf"  ./src/main.o   -Wl,--start-group,-lxil,-lgcc,-lc,--end-group
'Finished building target: P7_Timer_7Seg.elf'
' '
'Invoking: MicroBlaze Print Size'
mb-size P7_Timer_7Seg.elf  |tee "P7_Timer_7Seg.elf.size"
   text	   data	    bss	    dec	    hex	filename
   5604	    320	   2284	   8208	   2010	P7_Timer_7Seg.elf
'Finished building: P7_Timer_7Seg.elf.size'
' '
'Invoking: Xilinx ELF Check'
elfcheck P7_Timer_7Seg.elf -hw ../../soft_processor_hw_platform/system.xml -pe microblaze_0  |tee "P7_Timer_7Seg.elf.elfcheck"
elfcheck
Xilinx EDK 14.7 Build EDK_P.20131013
Copyright (c) 1995-2012 Xilinx, Inc.  All rights reserved.

Command Line: elfcheck -hw ../../soft_processor_hw_platform/system.xml -pe
microblaze_0 P7_Timer_7Seg.elf 

ELF file	: P7_Timer_7Seg.elf
elfcheck passed.
'Finished building: P7_Timer_7Seg.elf.elfcheck'
' '
14:26:19 **** Auto Build of configuration Debug for project P7_Timer_7Seg ****
make all 
'Building file: ../src/main.c'
'Invoking: MicroBlaze gcc compiler'
mb-gcc -Wall -O0 -g3 -c -fmessage-length=0 -I../../P7_Timer_7Seg_bsp/microblaze_0/include -mxl-barrel-shift -mxl-pattern-compare -mcpu=v8.50.c -mno-xl-soft-mul -Wl,--no-relax -ffunction-sections -fdata-sections -MMD -MP -MF"src/main.d" -MT"src/main.d" -o "src/main.o" "../src/main.c"
'Finished building: ../src/main.c'
' '
'Building target: P7_Timer_7Seg.elf'
'Invoking: MicroBlaze gcc linker'
mb-gcc -Wl,-T -Wl,../src/lscript.ld -L../../P7_Timer_7Seg_bsp/microblaze_0/lib -mxl-barrel-shift -mxl-pattern-compare -mcpu=v8.50.c -mno-xl-soft-mul -Wl,--no-relax -Wl,--gc-sections -o "P7_Timer_7Seg.elf"  ./src/main.o   -Wl,--start-group,-lxil,-lgcc,-lc,--end-group
'Finished building target: P7_Timer_7Seg.elf'
' '
'Invoking: MicroBlaze Print Size'
mb-size P7_Timer_7Seg.elf  |tee "P7_Timer_7Seg.elf.size"
   text	   data	    bss	    dec	    hex	filename
   5604	    320	   2284	   8208	   2010	P7_Timer_7Seg.elf
'Finished building: P7_Timer_7Seg.elf.size'
' '
'Invoking: Xilinx ELF Check'
elfcheck P7_Timer_7Seg.elf -hw ../../soft_processor_hw_platform/system.xml -pe microblaze_0  |tee "P7_Timer_7Seg.elf.elfcheck"
elfcheck
Xilinx EDK 14.7 Build EDK_P.20131013
Copyright (c) 1995-2012 Xilinx, Inc.  All rights reserved.

Command Line: elfcheck -hw ../../soft_processor_hw_platform/system.xml -pe
microblaze_0 P7_Timer_7Seg.elf 

ELF file	: P7_Timer_7Seg.elf
elfcheck passed.
'Finished building: P7_Timer_7Seg.elf.elfcheck'
' '
14:38:43 **** Auto Build of configuration Debug for project P7_Timer_7Seg ****
make all 
'Building file: ../src/main.c'
'Invoking: MicroBlaze gcc compiler'
mb-gcc -Wall -O0 -g3 -c -fmessage-length=0 -I../../P7_Timer_7Seg_bsp/microblaze_0/include -mxl-barrel-shift -mxl-pattern-compare -mcpu=v8.50.c -mno-xl-soft-mul -Wl,--no-relax -ffunction-sections -fdata-sections -MMD -MP -MF"src/main.d" -MT"src/main.d" -o "src/main.o" "../src/main.c"
'Finished building: ../src/main.c'
' '
'Building target: P7_Timer_7Seg.elf'
'Invoking: MicroBlaze gcc linker'
mb-gcc -Wl,-T -Wl,../src/lscript.ld -L../../P7_Timer_7Seg_bsp/microblaze_0/lib -mxl-barrel-shift -mxl-pattern-compare -mcpu=v8.50.c -mno-xl-soft-mul -Wl,--no-relax -Wl,--gc-sections -o "P7_Timer_7Seg.elf"  ./src/main.o   -Wl,--start-group,-lxil,-lgcc,-lc,--end-group
'Finished building target: P7_Timer_7Seg.elf'
' '
'Invoking: MicroBlaze Print Size'
mb-size P7_Timer_7Seg.elf  |tee "P7_Timer_7Seg.elf.size"
   text	   data	    bss	    dec	    hex	filename
   5584	    320	   2280	   8184	   1ff8	P7_Timer_7Seg.elf
'Finished building: P7_Timer_7Seg.elf.size'
' '
'Invoking: Xilinx ELF Check'
elfcheck P7_Timer_7Seg.elf -hw ../../soft_processor_hw_platform/system.xml -pe microblaze_0  |tee "P7_Timer_7Seg.elf.elfcheck"
elfcheck
Xilinx EDK 14.7 Build EDK_P.20131013
Copyright (c) 1995-2012 Xilinx, Inc.  All rights reserved.

Command Line: elfcheck -hw ../../soft_processor_hw_platform/system.xml -pe
microblaze_0 P7_Timer_7Seg.elf 

ELF file	: P7_Timer_7Seg.elf
elfcheck passed.
'Finished building: P7_Timer_7Seg.elf.elfcheck'
' '
14:39:01 **** Auto Build of project P7_Timer_7Seg_bsp ****
make -k all 
'Finished building libraries'
14:43:18 **** Auto Build of configuration Debug for project P7_Timer_7Seg ****
make all 
'Building file: ../src/main.c'
'Invoking: MicroBlaze gcc compiler'
mb-gcc -Wall -O0 -g3 -c -fmessage-length=0 -I../../P7_Timer_7Seg_bsp/microblaze_0/include -mxl-barrel-shift -mxl-pattern-compare -mcpu=v8.50.c -mno-xl-soft-mul -Wl,--no-relax -ffunction-sections -fdata-sections -MMD -MP -MF"src/main.d" -MT"src/main.d" -o "src/main.o" "../src/main.c"
'Finished building: ../src/main.c'
' '
'Building target: P7_Timer_7Seg.elf'
'Invoking: MicroBlaze gcc linker'
mb-gcc -Wl,-T -Wl,../src/lscript.ld -L../../P7_Timer_7Seg_bsp/microblaze_0/lib -mxl-barrel-shift -mxl-pattern-compare -mcpu=v8.50.c -mno-xl-soft-mul -Wl,--no-relax -Wl,--gc-sections -o "P7_Timer_7Seg.elf"  ./src/main.o   -Wl,--start-group,-lxil,-lgcc,-lc,--end-group
'Finished building target: P7_Timer_7Seg.elf'
' '
'Invoking: MicroBlaze Print Size'
mb-size P7_Timer_7Seg.elf  |tee "P7_Timer_7Seg.elf.size"
   text	   data	    bss	    dec	    hex	filename
   5564	    320	   2284	   8168	   1fe8	P7_Timer_7Seg.elf
'Finished building: P7_Timer_7Seg.elf.size'
' '
'Invoking: Xilinx ELF Check'
elfcheck P7_Timer_7Seg.elf -hw ../../soft_processor_hw_platform/system.xml -pe microblaze_0  |tee "P7_Timer_7Seg.elf.elfcheck"
elfcheck
Xilinx EDK 14.7 Build EDK_P.20131013
Copyright (c) 1995-2012 Xilinx, Inc.  All rights reserved.

Command Line: elfcheck -hw ../../soft_processor_hw_platform/system.xml -pe
microblaze_0 P7_Timer_7Seg.elf 

ELF file	: P7_Timer_7Seg.elf
elfcheck passed.
'Finished building: P7_Timer_7Seg.elf.elfcheck'
' '
14:43:27 **** Auto Build of project P7_Timer_7Seg_bsp ****
make -k all 
'Finished building libraries'
