11:06:00 **** Build of configuration Debug for project P4_Multi_ss ****
make all 
'Building file: ../src/main.c'
'Invoking: MicroBlaze gcc compiler'
mb-gcc -Wall -O0 -g3 -c -fmessage-length=0 -I../../P4_Multi_ss_bsp/microblaze_0/include -mxl-barrel-shift -mxl-pattern-compare -mcpu=v8.50.c -mno-xl-soft-mul -Wl,--no-relax -ffunction-sections -fdata-sections -MMD -MP -MF"src/main.d" -MT"src/main.d" -o "src/main.o" "../src/main.c"
'Finished building: ../src/main.c'
' '
'Building target: P4_Multi_ss.elf'
'Invoking: MicroBlaze gcc linker'
mb-gcc -Wl,-T -Wl,../src/lscript.ld -L../../P4_Multi_ss_bsp/microblaze_0/lib -mxl-barrel-shift -mxl-pattern-compare -mcpu=v8.50.c -mno-xl-soft-mul -Wl,--no-relax -Wl,--gc-sections -o "P4_Multi_ss.elf"  ./src/main.o   -Wl,--start-group,-lxil,-lgcc,-lc,--end-group
'Finished building target: P4_Multi_ss.elf'
' '
'Invoking: MicroBlaze Print Size'
mb-size P4_Multi_ss.elf  |tee "P4_Multi_ss.elf.size"
   text	   data	    bss	    dec	    hex	filename
   3528	    316	   2092	   5936	   1730	P4_Multi_ss.elf
'Finished building: P4_Multi_ss.elf.size'
' '
'Invoking: Xilinx ELF Check'
elfcheck P4_Multi_ss.elf -hw ../../soft_processor_hw_platform/system.xml -pe microblaze_0  |tee "P4_Multi_ss.elf.elfcheck"
elfcheck
Xilinx EDK 14.7 Build EDK_P.20131013
Copyright (c) 1995-2012 Xilinx, Inc.  All rights reserved.

Command Line: elfcheck -hw ../../soft_processor_hw_platform/system.xml -pe
microblaze_0 P4_Multi_ss.elf 

ELF file	: P4_Multi_ss.elf
elfcheck passed.
'Finished building: P4_Multi_ss.elf.elfcheck'
' '

11:06:01 Build Finished (took 1s.125ms)

