14:43:18 **** Auto Build of configuration Debug for project P7_Timer_7Seg ****
make all 
'Building file: ../src/main.c'
'Invoking: MicroBlaze gcc compiler'
mb-gcc -Wall -O0 -g3 -c -fmessage-length=0 -I../../P7_Timer_7Seg_bsp/microblaze_0/include -mxl-barrel-shift -mxl-pattern-compare -mcpu=v8.50.c -mno-xl-soft-mul -Wl,--no-relax -ffunction-sections -fdata-sections -MMD -MP -MF"src/main.d" -MT"src/main.d" -o "src/main.o" "../src/main.c"
'Finished building: ../src/main.c'
' '
'Building target: P7_Timer_7Seg.elf'
'Invoking: MicroBlaze gcc linker'
mb-gcc -Wl,-T -Wl,../src/lscript.ld -L../../P7_Timer_7Seg_bsp/microblaze_0/lib -mxl-barrel-shift -mxl-pattern-compare -mcpu=v8.50.c -mno-xl-soft-mul -Wl,--no-relax -Wl,--gc-sections -o "P7_Timer_7Seg.elf"  ./src/main.o   -Wl,--start-group,-lxil,-lgcc,-lc,--end-group
'Finished building target: P7_Timer_7Seg.elf'
' '
'Invoking: MicroBlaze Print Size'
mb-size P7_Timer_7Seg.elf  |tee "P7_Timer_7Seg.elf.size"
   text	   data	    bss	    dec	    hex	filename
   5564	    320	   2284	   8168	   1fe8	P7_Timer_7Seg.elf
'Finished building: P7_Timer_7Seg.elf.size'
' '
'Invoking: Xilinx ELF Check'
elfcheck P7_Timer_7Seg.elf -hw ../../soft_processor_hw_platform/system.xml -pe microblaze_0  |tee "P7_Timer_7Seg.elf.elfcheck"
elfcheck
Xilinx EDK 14.7 Build EDK_P.20131013
Copyright (c) 1995-2012 Xilinx, Inc.  All rights reserved.

Command Line: elfcheck -hw ../../soft_processor_hw_platform/system.xml -pe
microblaze_0 P7_Timer_7Seg.elf 

ELF file	: P7_Timer_7Seg.elf
elfcheck passed.
'Finished building: P7_Timer_7Seg.elf.elfcheck'
' '

14:43:19 Build Finished (took 953ms)

